C51 COMPILER V9.59.0.0   USART                                                             05/21/2019 11:53:23 PAGE 1   


C51 COMPILER V9.59.0.0, COMPILATION OF MODULE USART
OBJECT MODULE PLACED IN .\Objects\usart.obj
COMPILER INVOKED BY: F:\KEIL\C51\BIN\C51.EXE usart.c OPTIMIZE(8,SPEED) BROWSE DEBUG OBJECTEXTEND PRINT(.\Listings\usart.
                    -lst) OBJECT(.\Objects\usart.obj)

line level    source

   1          #include "usart.h"
   2          
   3          extern uint8_t flag;
   4          extern uint8_t able[];
   5          void uart_init()
   6          {
   7   1      
   8   1          TMOD |= 0x20; // 设置定时器1 为方式2
   9   1      
  10   1          TH1=0xfd;  //装入初值 
  11   1      
  12   1          TL1=0xfd; 
  13   1      
  14   1          TR1=1; //启动定时器1 
  15   1      
  16   1          SM0=0; 
  17   1      
  18   1          SM1=1; //设置串口为方式1
  19   1      
  20   1          REN=1;  // 接受使能
  21   1      
  22   1          EA=1; // 打开总中断开关
  23   1      
  24   1          ES=1; // 打开串口中断开关 
  25   1      
  26   1      }
  27          
  28          
  29          
  30          
  31          void serial() interrupt 4   // 串口中断服务函数
  32          { 
  33   1                      uint8_t Data_usart = 0;
  34   1                      static uint8_t num = 0; 
  35   1          Data_usart = SBUF; // 读出接收到的数据
  36   1                      switch(num)
  37   1                      {
  38   2                              case 0:if(Data_usart == 'O'||Data_usart == 'N') {able[num] =Data_usart; num++; }
  39   2                                                       else num = 0;
  40   2                                                       break;
  41   2                              case 1:able[num] =Data_usart;flag=1; num = 0; //标志位
  42   2                              break;
  43   2                              default:num = 0; break;
  44   2                      }
  45   1          RI=0; // 清零接收标志位 
  46   1      } 
  47          
  48          //#define FOSC 11059200L      //System frequency
  49          //#define BAUD 9600           //UART baudrate
  50          
  51          ///*Define UART parity mode*/
  52          //#define NONE_PARITY     0   //None parity
  53          //#define ODD_PARITY      1   //Odd parity
  54          //#define EVEN_PARITY     2   //Even parity
C51 COMPILER V9.59.0.0   USART                                                             05/21/2019 11:53:23 PAGE 2   

  55          //#define MARK_PARITY     3   //Mark parity
  56          //#define SPACE_PARITY    4   //Space parity
  57          
  58          //#define PARITYBIT NONE_PARITY   //Testing even parity
  59          
  60          
  61          
  62          //void Usart_Init(void)
  63          //{
  64          //#if (PARITYBIT == NONE_PARITY)
  65          //    SCON |= 0x50;            //8-bit variable UART
  66          //#elif (PARITYBIT == ODD_PARITY) || (PARITYBIT == EVEN_PARITY) || (PARITYBIT == MARK_PARITY)
  67          //    SCON = 0xda;            //9-bit variable UART, parity bit initial to 1
  68          //#elif (PARITYBIT == SPACE_PARITY)
  69          //    SCON = 0xd2;            //9-bit variable UART, parity bit initial to 0
  70          //#endif
  71          
  72          //    TMOD |= 0x20;            //Set Timer1 as 8-bit auto reload mode
  73          //    TH1 = TL1 = -(FOSC/12/32/BAUD); //Set auto-reload vaule
  74          //    TR1 = 1;                //Timer1 start run
  75          //    ES = 1;                 //Enable UART interrupt
  76          //    EA = 1;                 //Open master interrupt switch
  77          
  78          //    
  79          //}
  80          
  81          ///*----------------------------
  82          //UART interrupt service routine
  83          //----------------------------*/
  84          //void Uart_Isr() interrupt 4 using 1
  85          //{
  86          //      uint8_t ReadData = 0;
  87          //    if (RI)
  88          //    {
  89          //        RI = 0;             //Clear receive interrupt flag
  90          //        ReadData = SBUF;          //P0 show UART data
  91          //                              SBUF = ReadData;
  92          //    }
  93          //    if (TI)
  94          //    {
  95          //        TI = 0;             //Clear transmit interrupt flag
  96          //    }
  97          //}
  98          
  99          ///*----------------------------
 100          //Send a byte data to UART
 101          //Input: dat (data to be sent)
 102          //Output:None
 103          //----------------------------*/
 104          //void SendData(uint8_t dat)
 105          //{
 106          //    ACC = dat;              //Calculate the even parity bit P (PSW.0)
 107          //    SBUF = ACC;             //Send data to UART buffer
 108          //}
 109          
 110          ///*----------------------------
 111          //Send a string to UART
 112          //Input: s (address of string)
 113          //Output:None
 114          //----------------------------*/
 115          //void SendString(uint8_t *s)
 116          //{
C51 COMPILER V9.59.0.0   USART                                                             05/21/2019 11:53:23 PAGE 3   

 117          //    while (*s)              //Check the end of the string
 118          //    {
 119          //        SendData(*s++);     //Send current char and increment string ptr
 120          //    }
 121          //}


MODULE INFORMATION:   STATIC OVERLAYABLE
   CODE SIZE        =     90    ----
   CONSTANT SIZE    =   ----    ----
   XDATA SIZE       =   ----    ----
   PDATA SIZE       =   ----    ----
   DATA SIZE        =      1    ----
   IDATA SIZE       =   ----    ----
   BIT SIZE         =   ----    ----
END OF MODULE INFORMATION.


C51 COMPILATION COMPLETE.  0 WARNING(S),  0 ERROR(S)
