<html>
<body>
<pre>
<h1>µVision Build Log</h1>
<h2>Tool Versions:</h2>
IDE-Version: ¶ÃVision V5.14.0.0
Copyright (C) 2015 ARM Ltd and ARM Germany GmbH. All rights reserved.
License Information:  ,  , LIC=LJWDY-I71NB-04BSQ-N8GH3-QR67Q-3PX0R
 
Tool Versions:
Toolchain:       MDK-ARM Professional  Version: 5.14.0.0
Toolchain Path:  F:\KEILC51+MDK\ARM\ARMCC\Bin
C Compiler:      Armcc.exe V5.05 update 1 (build 106)
Assembler:       Armasm.exe V5.05 update 1 (build 106)
Linker/Locator:  ArmLink.exe V5.05 update 1 (build 106)
Library Manager: ArmAr.exe V5.05 update 1 (build 106)
Hex Converter:   FromElf.exe V5.05 update 1 (build 106)
CPU DLL:         SARMCM3.DLL V5.14.0.0
Dialog DLL:      DCM.DLL V1.13.1.0
Target DLL:      STLink\ST-LINKIII-KEIL_SWO.dll V2.0.14.0_KEIL
Dialog DLL:      TCM.DLL V1.14.4.0
 
<h2>Project:</h2>
D:\¡Ÿ ±\GPSClockV1.12017070201\GPSClockV1.12017070201\USER\GPSClock.uvprojx
Project File Date:  06/14/2017

<h2>Output:</h2>
Build target 'GPSClock'
compiling main.c...
compiling stm32f10x_it.c...
compiling system_stm32f10x.c...
compiling core_cm3.c...
assembling startup_stm32f10x_hd.s...
compiling stm32f10x_gpio.c...
compiling stm32f10x_rcc.c...
compiling stm32f10x_usart.c...
compiling misc.c...
compiling stm32f10x_tim.c...
compiling usart.c...
compiling delay.c...
compiling sys.c...
compiling led.c...
compiling usart2.c...
compiling key.c...
compiling dht11.c...
compiling hc595.c...
compiling MP3Play.c...
..\HARDWARE\MP3Play\MP3Play.c(52): warning:  #550-D: variable "res" was set but never used
        u8 res;       
..\HARDWARE\MP3Play\MP3Play.c: 1 warning, 0 errors
compiling 24cxx.c...
compiling myiic.c...
compiling ds3231.c...
compiling timer.c...
compiling myeeprom.c...
linking...
Program Size: Code=11084 RO-data=336 RW-data=136 ZI-data=2072  
"..\OBJ\LED.axf" - 0 Error(s), 1 Warning(s).

<h2>Collection of Component include folders:</h2>
  D:\¡Ÿ ±\GPSClockV1.12017070201\GPSClockV1.12017070201\USER\RTE
  F:\KEILC51+MDK\ARM\PACK\Keil\STM32F1xx_DFP\2.2.0

<h2>Collection of Component Files used:</h2>
</pre>
</body>
</html>
