C51 COMPILER V9.56.0.0   USART                                                             10/26/2018 18:34:57 PAGE 1   


C51 COMPILER V9.56.0.0, COMPILATION OF MODULE USART
OBJECT MODULE PLACED IN .\Objects\usart.obj
COMPILER INVOKED BY: F:\KEILC51+MDK\C51\BIN\C51.EXE usart.c OPTIMIZE(8,SPEED) BROWSE DEBUG OBJECTEXTEND PRINT(.\Listings
                    -\usart.lst) OBJECT(.\Objects\usart.obj)

line level    source

   1          #include "usart.h"
   2          
   3          BYTE TBUF,RBUF;
   4          BYTE TDAT,RDAT;
   5          BYTE TCNT,RCNT;
   6          BYTE TBIT,RBIT;
   7          BOOL TING,RING;
   8          BOOL TEND,REND;
   9          BYTE buf[16];
  10          BYTE t, r;
  11          
  12          void Usart_Init(void)
  13          {
  14   1          TMOD = 0x00;                        //timer0 in 16-bit auto reload mode
  15   1          AUXR = 0x80;                        //timer0 working at 1T mode
  16   1          TL0 = BAUD;
  17   1          TH0 = BAUD>>8;                      //initial timer0 and set reload value
  18   1          TR0 = 1;                            //tiemr0 start running
  19   1          ET0 = 1;                            //enable timer0 interrupt
  20   1          PT0 = 1;                            //improve timer0 interrupt priority
  21   1          EA = 1;                             //open global interrupt switch
  22   1      
  23   1          UART_INIT();
  24   1      /*
  25   1          while (1)
  26   1          {                                   //user's function
  27   1              
  28   1          }
  29   1      */
  30   1      }
  31          
  32          void UserSendString(u8 *buf,u8 Length)
  33          {
  34   1              int i=0;
  35   1                      while (i != Length)
  36   1                      {
  37   2                              UserSendChar(*(buf++));
  38   2                              i++;
  39   2                              /*
  40   2                              if (TEND)
  41   2                              {
  42   2                                      TEND = 0;
  43   2                                      TBUF = *(buf++);
  44   2                                      TING = 1;
  45   2                                      i++;
  46   2                              }
  47   2                              */
  48   2                      }
  49   1      }
  50          
  51          void UserSendChar(u8 Data)
  52          {
  53   1              while(!TEND);
  54   1              TEND = 0;
C51 COMPILER V9.56.0.0   USART                                                             10/26/2018 18:34:57 PAGE 2   

  55   1              TBUF = Data;
  56   1              TING = 1;
  57   1      }
  58          
  59          
  60          void UserSendString1(u8 *str )
  61          {
  62   1              while(*str !='\0')
  63   1              {
  64   2                      UserSendChar(*(str++));
  65   2              }
  66   1      }
  67          
  68          //-----------------------------------------
  69          //Timer interrupt routine for UART
  70          
  71          void tm0() interrupt 1 using 1
  72          {
  73   1          if (RING)
  74   1          {
  75   2              if (--RCNT == 0)
  76   2              {
  77   3                  RCNT = 3;                   //reset send baudrate counter
  78   3                  if (--RBIT == 0)
  79   3                  {
  80   4                      RBUF = RDAT;            //save the data to RBUF
  81   4                      RING = 0;               //stop receive
  82   4                      REND = 1;               //set receive completed flag
  83   4                  }
  84   3                  else
  85   3                  {
  86   4                      RDAT >>= 1;
  87   4                      if (RXB) RDAT |= 0x80;  //shift RX data to RX buffer
  88   4                  }
  89   3              }
  90   2          }
  91   1          else if (!RXB)
  92   1          {
  93   2              RING = 1;                       //set start receive flag
  94   2              RCNT = 4;                       //initial receive baudrate counter
  95   2              RBIT = 9;                       //initial receive bit number (8 data bits + 1 stop bit)
  96   2          }
  97   1      
  98   1          if (--TCNT == 0)
  99   1          {
 100   2              TCNT = 3;                       //reset send baudrate counter
 101   2              if (TING)                       //judge whether sending
 102   2              {
 103   3                  if (TBIT == 0)
 104   3                  {
 105   4                      TXB = 0;                //send start bit
 106   4                      TDAT = TBUF;            //load data from TBUF to TDAT
 107   4                      TBIT = 9;               //initial send bit number (8 data bits + 1 stop bit)
 108   4                  }
 109   3                  else
 110   3                  {
 111   4                      TDAT >>= 1;             //shift data to CY
 112   4                      if (--TBIT == 0)
 113   4                      {
 114   5                          TXB = 1;
 115   5                          TING = 0;           //stop send
 116   5                          TEND = 1;           //set send completed flag
C51 COMPILER V9.56.0.0   USART                                                             10/26/2018 18:34:57 PAGE 3   

 117   5                      }
 118   4                      else
 119   4                      {
 120   5                          TXB = CY;           //write CY to TX port
 121   5                      }
 122   4                  }
 123   3              }
 124   2          }
 125   1      }
 126          
 127          
 128          
 129          //-----------------------------------------
 130          //initial UART module variable
 131          
 132          void UART_INIT(void)
 133          {
 134   1          TING = 0;
 135   1          RING = 0;
 136   1          TEND = 1;
 137   1          REND = 0;
 138   1          TCNT = 0;
 139   1          RCNT = 0;
 140   1      }
 141          
 142          u8 able[6];
 143          
 144          
 145          int Get_Usart_array(void)
 146          {
 147   1              static int i = 0;
 148   1              if (REND)
 149   1              {
 150   2                  REND = 0;
 151   2                              able[i] = RBUF ; 
 152   2                              i++;
 153   2                              if(i == 5)
 154   2                              {
 155   3                                      able[5] = 0XFF;
 156   3                                      i = 0;
 157   3                                      return 1;
 158   3                              }
 159   2                      }
 160   1                      return -1;
 161   1      }
 162          


MODULE INFORMATION:   STATIC OVERLAYABLE
   CODE SIZE        =    277    ----
   CONSTANT SIZE    =   ----    ----
   XDATA SIZE       =   ----    ----
   PDATA SIZE       =   ----    ----
   DATA SIZE        =     34       9
   IDATA SIZE       =   ----    ----
   BIT SIZE         =      4    ----
END OF MODULE INFORMATION.


C51 COMPILATION COMPLETE.  0 WARNING(S),  0 ERROR(S)
