Component: ARM Compiler 5.06 update 2 (build 183) Tool: armlink [4d35b7]

==============================================================================

Section Cross References

    startup_stm32f10x_hd.o(STACK) refers (Special) to heapauxi.o(.text) for __use_two_region_memory
    startup_stm32f10x_hd.o(HEAP) refers (Special) to heapauxi.o(.text) for __use_two_region_memory
    startup_stm32f10x_hd.o(RESET) refers (Special) to heapauxi.o(.text) for __use_two_region_memory
    startup_stm32f10x_hd.o(RESET) refers to startup_stm32f10x_hd.o(STACK) for __initial_sp
    startup_stm32f10x_hd.o(RESET) refers to startup_stm32f10x_hd.o(.text) for Reset_Handler
    startup_stm32f10x_hd.o(RESET) refers to exti.o(i.EXTI0_IRQHandler) for EXTI0_IRQHandler
    startup_stm32f10x_hd.o(RESET) refers to encoder.o(i.TIM2_IRQHandler) for TIM2_IRQHandler
    startup_stm32f10x_hd.o(RESET) refers to encoder.o(i.TIM3_IRQHandler) for TIM3_IRQHandler
    startup_stm32f10x_hd.o(RESET) refers to usart1.o(i.USART1_IRQHandler) for USART1_IRQHandler
    startup_stm32f10x_hd.o(RESET) refers to control.o(i.TIM5_IRQHandler) for TIM5_IRQHandler
    startup_stm32f10x_hd.o(.text) refers (Special) to heapauxi.o(.text) for __use_two_region_memory
    startup_stm32f10x_hd.o(.text) refers to __main.o(!!!main) for __main
    startup_stm32f10x_hd.o(.text) refers to startup_stm32f10x_hd.o(HEAP) for Heap_Mem
    startup_stm32f10x_hd.o(.text) refers to startup_stm32f10x_hd.o(STACK) for Stack_Mem
    main.o(i.main) refers to sys.o(i.Stm32_Clock_Init) for Stm32_Clock_Init
    main.o(i.main) refers to delay.o(i.delay_init) for delay_init
    main.o(i.main) refers to motor.o(i.Motor_IO_Init) for Motor_IO_Init
    main.o(i.main) refers to usart1.o(i.uart1_init) for uart1_init
    main.o(i.main) refers to led.o(i.LED_Init) for LED_Init
    main.o(i.main) refers to key.o(i.KEY_Init) for KEY_Init
    main.o(i.main) refers to encoder.o(i.Encoder_Init_TIM2) for Encoder_Init_TIM2
    main.o(i.main) refers to encoder.o(i.Encoder_Init_TIM3) for Encoder_Init_TIM3
    main.o(i.main) refers to exti.o(i.EXTIX_Init) for EXTIX_Init
    main.o(i.main) refers to timer.o(i.TIM5_Int_Init) for TIM5_Int_Init
    main.o(i.main) refers to motor.o(i.Motor_PWM_Init) for Motor_PWM_Init
    main.o(i.main) refers to trajectory.o(i.CarRun) for CarRun
    main.o(i.main) refers to main.o(.data) for Car_Garage
    control.o(i.Car_Forward) refers to main.o(.data) for Encoder_Left
    control.o(i.Car_ForwardTurnCorner) refers to delay.o(i.delay_ms) for delay_ms
    control.o(i.Car_ForwardTurnCorner) refers to main.o(.data) for Encoder_Left
    control.o(i.Car_Reversing) refers to main.o(.data) for Encoder_Left
    control.o(i.Car_ReversingTurnCorner) refers to delay.o(i.delay_ms) for delay_ms
    control.o(i.Car_ReversingTurnCorner) refers to main.o(.data) for Encoder_Left
    control.o(i.Car_Traversing) refers to main.o(.data) for Encoder_Left
    control.o(i.TIM5_IRQHandler) refers to encoder.o(i.Read_Encoder) for Read_Encoder
    control.o(i.TIM5_IRQHandler) refers to main.o(.data) for Encoder_Left
    control.o(i.TIM5_IRQHandler) refers to control.o(.data) for pz_up_static
    trajectory.o(i.CarRun) refers to trajectory.o(i.Garage_1) for Garage_1
    trajectory.o(i.CarRun) refers to trajectory.o(i.Garage_2) for Garage_2
    trajectory.o(i.CarRun) refers to trajectory.o(i.Garage_3) for Garage_3
    trajectory.o(i.CarRun) refers to trajectory.o(i.Garage_4) for Garage_4
    trajectory.o(i.CarRun) refers to trajectory.o(i.Garage_5) for Garage_5
    trajectory.o(i.CarRun) refers to trajectory.o(i.Garage_6) for Garage_6
    trajectory.o(i.CarRun) refers to control.o(.data) for Collision
    trajectory.o(i.Garage_1) refers to control.o(i.Car_Traversing) for Car_Traversing
    trajectory.o(i.Garage_1) refers to delay.o(i.delay_ms) for delay_ms
    trajectory.o(i.Garage_1) refers to trajectory.o(i.Turn_left_90_degrees) for Turn_left_90_degrees
    trajectory.o(i.Garage_1) refers to trajectory.o(i.Turn_right_90_degrees) for Turn_right_90_degrees
    trajectory.o(i.Garage_2) refers to control.o(i.Car_Traversing) for Car_Traversing
    trajectory.o(i.Garage_2) refers to delay.o(i.delay_ms) for delay_ms
    trajectory.o(i.Garage_2) refers to trajectory.o(i.Turn_left_90_degrees) for Turn_left_90_degrees
    trajectory.o(i.Garage_2) refers to trajectory.o(i.Turn_right_90_degrees) for Turn_right_90_degrees
    trajectory.o(i.Garage_3) refers to control.o(i.Car_Traversing) for Car_Traversing
    trajectory.o(i.Garage_3) refers to delay.o(i.delay_ms) for delay_ms
    trajectory.o(i.Garage_3) refers to trajectory.o(i.Turn_left_90_degrees) for Turn_left_90_degrees
    trajectory.o(i.Garage_3) refers to trajectory.o(i.Turn_right_90_degrees) for Turn_right_90_degrees
    trajectory.o(i.Garage_4) refers to control.o(i.Car_Traversing) for Car_Traversing
    trajectory.o(i.Garage_4) refers to delay.o(i.delay_ms) for delay_ms
    trajectory.o(i.Garage_4) refers to trajectory.o(i.Turn_right_90_degrees) for Turn_right_90_degrees
    trajectory.o(i.Garage_5) refers to control.o(i.Car_Traversing) for Car_Traversing
    trajectory.o(i.Garage_5) refers to delay.o(i.delay_ms) for delay_ms
    trajectory.o(i.Garage_5) refers to trajectory.o(i.Turn_left_90_degrees) for Turn_left_90_degrees
    trajectory.o(i.Garage_5) refers to trajectory.o(i.Turn_right_90_degrees) for Turn_right_90_degrees
    trajectory.o(i.Garage_6) refers to control.o(i.Car_Traversing) for Car_Traversing
    trajectory.o(i.Garage_6) refers to delay.o(i.delay_ms) for delay_ms
    trajectory.o(i.Garage_6) refers to trajectory.o(i.Turn_left_90_degrees) for Turn_left_90_degrees
    trajectory.o(i.Garage_6) refers to trajectory.o(i.Turn_right_90_degrees) for Turn_right_90_degrees
    trajectory.o(i.Turn_left_90_degrees) refers to dflt_clz.o(x$fpl$dfltu) for __aeabi_ui2d
    trajectory.o(i.Turn_left_90_degrees) refers to ddiv.o(x$fpl$ddiv) for __aeabi_ddiv
    trajectory.o(i.Turn_left_90_degrees) refers to dmul.o(x$fpl$dmul) for __aeabi_dmul
    trajectory.o(i.Turn_left_90_degrees) refers to dfix.o(x$fpl$dfix) for __aeabi_d2iz
    trajectory.o(i.Turn_left_90_degrees) refers to control.o(i.Car_Traversing) for Car_Traversing
    trajectory.o(i.Turn_left_90_degrees) refers to trajectory.o(.data) for Turn_left_90_value
    trajectory.o(i.Turn_right_90_degrees) refers to dflt_clz.o(x$fpl$dfltu) for __aeabi_ui2d
    trajectory.o(i.Turn_right_90_degrees) refers to ddiv.o(x$fpl$ddiv) for __aeabi_ddiv
    trajectory.o(i.Turn_right_90_degrees) refers to dmul.o(x$fpl$dmul) for __aeabi_dmul
    trajectory.o(i.Turn_right_90_degrees) refers to dfix.o(x$fpl$dfix) for __aeabi_d2iz
    trajectory.o(i.Turn_right_90_degrees) refers to control.o(i.Car_Traversing) for Car_Traversing
    trajectory.o(i.Turn_right_90_degrees) refers to trajectory.o(.data) for Turn_right_90_value
    delay.o(i.delay_init) refers to delay.o(.data) for fac_us
    delay.o(i.delay_ms) refers to delay.o(.data) for fac_ms
    delay.o(i.delay_us) refers to delay.o(.data) for fac_us
    sys.o(i.MYRCC_DeInit) refers to sys.o(i.MY_NVIC_SetVectorTable) for MY_NVIC_SetVectorTable
    sys.o(i.MY_NVIC_Init) refers to sys.o(i.MY_NVIC_PriorityGroupConfig) for MY_NVIC_PriorityGroupConfig
    sys.o(i.Stm32_Clock_Init) refers to sys.o(i.MYRCC_DeInit) for MYRCC_DeInit
    sys.o(i.Sys_Standby) refers to sys.o(i.WFI_SET) for WFI_SET
    encoder.o(i.Encoder_Init_TIM2) refers to sys.o(i.MY_NVIC_Init) for MY_NVIC_Init
    encoder.o(i.Encoder_Init_TIM3) refers to sys.o(i.MY_NVIC_Init) for MY_NVIC_Init
    timer.o(i.TIM5_Int_Init) refers to sys.o(i.MY_NVIC_Init) for MY_NVIC_Init
    usart1.o(i.USART1_IRQHandler) refers to usart1.o(.data) for Usart1Data
    usart1.o(i.USART1_IRQHandler) refers to main.o(.data) for Car_Garage
    usart1.o(i.USART1_IRQHandler) refers to trajectory.o(.data) for Turn_left_90_value
    usart1.o(i.uart1_init) refers to fflt_clz.o(x$fpl$ffltu) for __aeabi_ui2f
    usart1.o(i.uart1_init) refers to fdiv.o(x$fpl$fdiv) for __aeabi_fdiv
    usart1.o(i.uart1_init) refers to ffixu.o(x$fpl$ffixu) for __aeabi_f2uiz
    usart1.o(i.uart1_init) refers to faddsub_clz.o(x$fpl$frsb) for __aeabi_frsub
    usart1.o(i.uart1_init) refers to fmul.o(x$fpl$fmul) for __aeabi_fmul
    usart1.o(i.uart1_init) refers to sys.o(i.MY_NVIC_Init) for MY_NVIC_Init
    exti.o(i.EXTI0_IRQHandler) refers to control.o(.data) for pz_up_static
    exti.o(i.EXTIX_Init) refers to sys.o(i.Ex_NVIC_Config) for Ex_NVIC_Config
    exti.o(i.EXTIX_Init) refers to sys.o(i.MY_NVIC_Init) for MY_NVIC_Init
    exti.o(i.EXTIX_Init) refers to control.o(.data) for Collision
    __main.o(!!!main) refers to __rtentry.o(.ARM.Collect$$rtentry$$00000000) for __rt_entry
    ddiv.o(x$fpl$drdiv) refers (Special) to usenofp.o(x$fpl$usenofp) for __I$use$fp
    ddiv.o(x$fpl$drdiv) refers to ddiv.o(x$fpl$ddiv) for ddiv_entry
    ddiv.o(x$fpl$ddiv) refers (Special) to usenofp.o(x$fpl$usenofp) for __I$use$fp
    ddiv.o(x$fpl$ddiv) refers to dretinf.o(x$fpl$dretinf) for __fpl_dretinf
    ddiv.o(x$fpl$ddiv) refers to dnaninf.o(x$fpl$dnaninf) for __fpl_dnaninf
    dfix.o(x$fpl$dfix) refers (Special) to usenofp.o(x$fpl$usenofp) for __I$use$fp
    dfix.o(x$fpl$dfix) refers to dnaninf.o(x$fpl$dnaninf) for __fpl_dnaninf
    dfix.o(x$fpl$dfixr) refers (Special) to usenofp.o(x$fpl$usenofp) for __I$use$fp
    dfix.o(x$fpl$dfixr) refers to dnaninf.o(x$fpl$dnaninf) for __fpl_dnaninf
    dflt_clz.o(x$fpl$dfltu) refers (Special) to usenofp.o(x$fpl$usenofp) for __I$use$fp
    dflt_clz.o(x$fpl$dflt) refers (Special) to usenofp.o(x$fpl$usenofp) for __I$use$fp
    dflt_clz.o(x$fpl$dfltn) refers (Special) to usenofp.o(x$fpl$usenofp) for __I$use$fp
    dmul.o(x$fpl$dmul) refers (Special) to usenofp.o(x$fpl$usenofp) for __I$use$fp
    dmul.o(x$fpl$dmul) refers to dretinf.o(x$fpl$dretinf) for __fpl_dretinf
    dmul.o(x$fpl$dmul) refers to dnaninf.o(x$fpl$dnaninf) for __fpl_dnaninf
    faddsub_clz.o(x$fpl$fadd) refers (Special) to usenofp.o(x$fpl$usenofp) for __I$use$fp
    faddsub_clz.o(x$fpl$fadd) refers to faddsub_clz.o(x$fpl$fsub) for _fsub1
    faddsub_clz.o(x$fpl$fadd) refers to fretinf.o(x$fpl$fretinf) for __fpl_fretinf
    faddsub_clz.o(x$fpl$fadd) refers to fnaninf.o(x$fpl$fnaninf) for __fpl_fnaninf
    faddsub_clz.o(x$fpl$frsb) refers (Special) to usenofp.o(x$fpl$usenofp) for __I$use$fp
    faddsub_clz.o(x$fpl$frsb) refers to faddsub_clz.o(x$fpl$fadd) for _fadd1
    faddsub_clz.o(x$fpl$frsb) refers to faddsub_clz.o(x$fpl$fsub) for _fsub1
    faddsub_clz.o(x$fpl$fsub) refers (Special) to usenofp.o(x$fpl$usenofp) for __I$use$fp
    faddsub_clz.o(x$fpl$fsub) refers to faddsub_clz.o(x$fpl$fadd) for _fadd1
    faddsub_clz.o(x$fpl$fsub) refers to fnaninf.o(x$fpl$fnaninf) for __fpl_fnaninf
    fdiv.o(x$fpl$frdiv) refers (Special) to usenofp.o(x$fpl$usenofp) for __I$use$fp
    fdiv.o(x$fpl$frdiv) refers to fdiv.o(x$fpl$fdiv) for _fdiv1
    fdiv.o(x$fpl$fdiv) refers (Special) to usenofp.o(x$fpl$usenofp) for __I$use$fp
    fdiv.o(x$fpl$fdiv) refers to fretinf.o(x$fpl$fretinf) for __fpl_fretinf
    fdiv.o(x$fpl$fdiv) refers to fnaninf.o(x$fpl$fnaninf) for __fpl_fnaninf
    ffixu.o(x$fpl$ffixu) refers (Special) to usenofp.o(x$fpl$usenofp) for __I$use$fp
    ffixu.o(x$fpl$ffixu) refers to fnaninf.o(x$fpl$fnaninf) for __fpl_fnaninf
    ffixu.o(x$fpl$ffixur) refers (Special) to usenofp.o(x$fpl$usenofp) for __I$use$fp
    ffixu.o(x$fpl$ffixur) refers to fnaninf.o(x$fpl$fnaninf) for __fpl_fnaninf
    fflt_clz.o(x$fpl$ffltu) refers (Special) to usenofp.o(x$fpl$usenofp) for __I$use$fp
    fflt_clz.o(x$fpl$fflt) refers (Special) to usenofp.o(x$fpl$usenofp) for __I$use$fp
    fflt_clz.o(x$fpl$ffltn) refers (Special) to usenofp.o(x$fpl$usenofp) for __I$use$fp
    fmul.o(x$fpl$fmul) refers (Special) to usenofp.o(x$fpl$usenofp) for __I$use$fp
    fmul.o(x$fpl$fmul) refers to fretinf.o(x$fpl$fretinf) for __fpl_fretinf
    fmul.o(x$fpl$fmul) refers to fnaninf.o(x$fpl$fnaninf) for __fpl_fnaninf
    __rtentry.o(.ARM.Collect$$rtentry$$00000000) refers (Special) to __rtentry2.o(.ARM.Collect$$rtentry$$0000000A) for __rt_entry_li
    __rtentry.o(.ARM.Collect$$rtentry$$00000000) refers (Special) to __rtentry2.o(.ARM.Collect$$rtentry$$0000000D) for __rt_entry_main
    __rtentry.o(.ARM.Collect$$rtentry$$00000000) refers (Special) to __rtentry2.o(.ARM.Collect$$rtentry$$0000000C) for __rt_entry_postli_1
    __rtentry.o(.ARM.Collect$$rtentry$$00000000) refers (Special) to __rtentry2.o(.ARM.Collect$$rtentry$$00000009) for __rt_entry_postsh_1
    __rtentry.o(.ARM.Collect$$rtentry$$00000000) refers (Special) to __rtentry2.o(.ARM.Collect$$rtentry$$00000002) for __rt_entry_presh_1
    __rtentry.o(.ARM.Collect$$rtentry$$00000000) refers (Special) to __rtentry4.o(.ARM.Collect$$rtentry$$00000004) for __rt_entry_sh
    dnaninf.o(x$fpl$dnaninf) refers (Special) to usenofp.o(x$fpl$usenofp) for __I$use$fp
    dretinf.o(x$fpl$dretinf) refers (Special) to usenofp.o(x$fpl$usenofp) for __I$use$fp
    fnaninf.o(x$fpl$fnaninf) refers (Special) to usenofp.o(x$fpl$usenofp) for __I$use$fp
    fretinf.o(x$fpl$fretinf) refers (Special) to usenofp.o(x$fpl$usenofp) for __I$use$fp
    __rtentry2.o(.ARM.Collect$$rtentry$$00000008) refers to boardinit2.o(.text) for _platform_post_stackheap_init
    __rtentry2.o(.ARM.Collect$$rtentry$$0000000A) refers to libinit.o(.ARM.Collect$$libinit$$00000000) for __rt_lib_init
    __rtentry2.o(.ARM.Collect$$rtentry$$0000000B) refers to boardinit3.o(.text) for _platform_post_lib_init
    __rtentry2.o(.ARM.Collect$$rtentry$$0000000D) refers to main.o(i.main) for main
    __rtentry2.o(.ARM.Collect$$rtentry$$0000000D) refers to exit.o(.text) for exit
    __rtentry2.o(.ARM.exidx) refers to __rtentry2.o(.ARM.Collect$$rtentry$$00000001) for .ARM.Collect$$rtentry$$00000001
    __rtentry2.o(.ARM.exidx) refers to __rtentry2.o(.ARM.Collect$$rtentry$$00000008) for .ARM.Collect$$rtentry$$00000008
    __rtentry2.o(.ARM.exidx) refers to __rtentry2.o(.ARM.Collect$$rtentry$$0000000A) for .ARM.Collect$$rtentry$$0000000A
    __rtentry2.o(.ARM.exidx) refers to __rtentry2.o(.ARM.Collect$$rtentry$$0000000B) for .ARM.Collect$$rtentry$$0000000B
    __rtentry2.o(.ARM.exidx) refers to __rtentry2.o(.ARM.Collect$$rtentry$$0000000D) for .ARM.Collect$$rtentry$$0000000D
    __rtentry4.o(.ARM.Collect$$rtentry$$00000004) refers to sys_stackheap_outer.o(.text) for __user_setup_stackheap
    __rtentry4.o(.ARM.exidx) refers to __rtentry4.o(.ARM.Collect$$rtentry$$00000004) for .ARM.Collect$$rtentry$$00000004
    sys_stackheap_outer.o(.text) refers to libspace.o(.text) for __user_perproc_libspace
    sys_stackheap_outer.o(.text) refers to startup_stm32f10x_hd.o(.text) for __user_initial_stackheap
    exit.o(.text) refers to rtexit.o(.ARM.Collect$$rtexit$$00000000) for __rt_exit
    libinit.o(.ARM.Collect$$libinit$$00000000) refers (Special) to libinit2.o(.ARM.Collect$$libinit$$0000002E) for __rt_lib_init_alloca_1
    libinit.o(.ARM.Collect$$libinit$$00000000) refers (Special) to libinit2.o(.ARM.Collect$$libinit$$0000002C) for __rt_lib_init_argv_1
    libinit.o(.ARM.Collect$$libinit$$00000000) refers (Special) to libinit2.o(.ARM.Collect$$libinit$$0000001B) for __rt_lib_init_atexit_1
    libinit.o(.ARM.Collect$$libinit$$00000000) refers (Special) to libinit2.o(.ARM.Collect$$libinit$$00000021) for __rt_lib_init_clock_1
    libinit.o(.ARM.Collect$$libinit$$00000000) refers (Special) to libinit2.o(.ARM.Collect$$libinit$$00000032) for __rt_lib_init_cpp_1
    libinit.o(.ARM.Collect$$libinit$$00000000) refers (Special) to libinit2.o(.ARM.Collect$$libinit$$00000030) for __rt_lib_init_exceptions_1
    libinit.o(.ARM.Collect$$libinit$$00000000) refers (Special) to libinit2.o(.ARM.Collect$$libinit$$00000002) for __rt_lib_init_fp_1
    libinit.o(.ARM.Collect$$libinit$$00000000) refers (Special) to libinit2.o(.ARM.Collect$$libinit$$0000001F) for __rt_lib_init_fp_trap_1
    libinit.o(.ARM.Collect$$libinit$$00000000) refers (Special) to libinit2.o(.ARM.Collect$$libinit$$00000023) for __rt_lib_init_getenv_1
    libinit.o(.ARM.Collect$$libinit$$00000000) refers (Special) to libinit2.o(.ARM.Collect$$libinit$$0000000A) for __rt_lib_init_heap_1
    libinit.o(.ARM.Collect$$libinit$$00000000) refers (Special) to libinit2.o(.ARM.Collect$$libinit$$00000011) for __rt_lib_init_lc_collate_1
    libinit.o(.ARM.Collect$$libinit$$00000000) refers (Special) to libinit2.o(.ARM.Collect$$libinit$$00000013) for __rt_lib_init_lc_ctype_1
    libinit.o(.ARM.Collect$$libinit$$00000000) refers (Special) to libinit2.o(.ARM.Collect$$libinit$$00000015) for __rt_lib_init_lc_monetary_1
    libinit.o(.ARM.Collect$$libinit$$00000000) refers (Special) to libinit2.o(.ARM.Collect$$libinit$$00000017) for __rt_lib_init_lc_numeric_1
    libinit.o(.ARM.Collect$$libinit$$00000000) refers (Special) to libinit2.o(.ARM.Collect$$libinit$$00000019) for __rt_lib_init_lc_time_1
    libinit.o(.ARM.Collect$$libinit$$00000000) refers (Special) to libinit2.o(.ARM.Collect$$libinit$$00000004) for __rt_lib_init_preinit_1
    libinit.o(.ARM.Collect$$libinit$$00000000) refers (Special) to libinit2.o(.ARM.Collect$$libinit$$0000000E) for __rt_lib_init_rand_1
    libinit.o(.ARM.Collect$$libinit$$00000000) refers (Special) to libinit2.o(.ARM.Collect$$libinit$$00000033) for __rt_lib_init_return
    libinit.o(.ARM.Collect$$libinit$$00000000) refers (Special) to libinit2.o(.ARM.Collect$$libinit$$0000001D) for __rt_lib_init_signal_1
    libinit.o(.ARM.Collect$$libinit$$00000000) refers (Special) to libinit2.o(.ARM.Collect$$libinit$$00000025) for __rt_lib_init_stdio_1
    libinit.o(.ARM.Collect$$libinit$$00000000) refers (Special) to libinit2.o(.ARM.Collect$$libinit$$0000000C) for __rt_lib_init_user_alloc_1
    libspace.o(.text) refers to libspace.o(.bss) for __libspace_start
    rtexit.o(.ARM.Collect$$rtexit$$00000000) refers (Special) to rtexit2.o(.ARM.Collect$$rtexit$$00000004) for __rt_exit_exit
    rtexit.o(.ARM.Collect$$rtexit$$00000000) refers (Special) to rtexit2.o(.ARM.Collect$$rtexit$$00000003) for __rt_exit_ls
    rtexit.o(.ARM.Collect$$rtexit$$00000000) refers (Special) to rtexit2.o(.ARM.Collect$$rtexit$$00000002) for __rt_exit_prels_1
    rtexit.o(.ARM.exidx) refers (Special) to rtexit2.o(.ARM.Collect$$rtexit$$00000004) for __rt_exit_exit
    rtexit.o(.ARM.exidx) refers (Special) to rtexit2.o(.ARM.Collect$$rtexit$$00000003) for __rt_exit_ls
    rtexit.o(.ARM.exidx) refers (Special) to rtexit2.o(.ARM.Collect$$rtexit$$00000002) for __rt_exit_prels_1
    rtexit.o(.ARM.exidx) refers to rtexit.o(.ARM.Collect$$rtexit$$00000000) for .ARM.Collect$$rtexit$$00000000
    libinit2.o(.ARM.Collect$$libinit$$00000010) refers to libinit2.o(.ARM.Collect$$libinit$$0000000F) for .ARM.Collect$$libinit$$0000000F
    libinit2.o(.ARM.Collect$$libinit$$00000012) refers to libinit2.o(.ARM.Collect$$libinit$$0000000F) for .ARM.Collect$$libinit$$0000000F
    libinit2.o(.ARM.Collect$$libinit$$00000014) refers to libinit2.o(.ARM.Collect$$libinit$$0000000F) for .ARM.Collect$$libinit$$0000000F
    libinit2.o(.ARM.Collect$$libinit$$00000016) refers to libinit2.o(.ARM.Collect$$libinit$$0000000F) for .ARM.Collect$$libinit$$0000000F
    libinit2.o(.ARM.Collect$$libinit$$00000018) refers to libinit2.o(.ARM.Collect$$libinit$$0000000F) for .ARM.Collect$$libinit$$0000000F
    libinit2.o(.ARM.Collect$$libinit$$00000026) refers to argv_veneer.o(.emb_text) for __ARM_argv_veneer
    libinit2.o(.ARM.Collect$$libinit$$00000027) refers to argv_veneer.o(.emb_text) for __ARM_argv_veneer
    rtexit2.o(.ARM.Collect$$rtexit$$00000003) refers to libshutdown.o(.ARM.Collect$$libshutdown$$00000000) for __rt_lib_shutdown
    rtexit2.o(.ARM.Collect$$rtexit$$00000004) refers to sys_exit.o(.text) for _sys_exit
    rtexit2.o(.ARM.exidx) refers to rtexit2.o(.ARM.Collect$$rtexit$$00000001) for .ARM.Collect$$rtexit$$00000001
    rtexit2.o(.ARM.exidx) refers to rtexit2.o(.ARM.Collect$$rtexit$$00000003) for .ARM.Collect$$rtexit$$00000003
    rtexit2.o(.ARM.exidx) refers to rtexit2.o(.ARM.Collect$$rtexit$$00000004) for .ARM.Collect$$rtexit$$00000004
    argv_veneer.o(.emb_text) refers to no_argv.o(.text) for __ARM_get_argv
    sys_exit.o(.text) refers (Special) to use_no_semi.o(.text) for __I$use$semihosting
    sys_exit.o(.text) refers (Special) to indicate_semi.o(.text) for __semihosting_library_function
    _get_argv_nomalloc.o(.text) refers (Special) to hrguard.o(.text) for __heap_region$guard
    _get_argv_nomalloc.o(.text) refers to defsig_rtmem_outer.o(.text) for __rt_SIGRTMEM
    _get_argv_nomalloc.o(.text) refers to sys_command.o(.text) for _sys_command_string
    libshutdown.o(.ARM.Collect$$libshutdown$$00000000) refers (Special) to libshutdown2.o(.ARM.Collect$$libshutdown$$00000002) for __rt_lib_shutdown_cpp_1
    libshutdown.o(.ARM.Collect$$libshutdown$$00000000) refers (Special) to libshutdown2.o(.ARM.Collect$$libshutdown$$00000007) for __rt_lib_shutdown_fp_trap_1
    libshutdown.o(.ARM.Collect$$libshutdown$$00000000) refers (Special) to libshutdown2.o(.ARM.Collect$$libshutdown$$0000000F) for __rt_lib_shutdown_heap_1
    libshutdown.o(.ARM.Collect$$libshutdown$$00000000) refers (Special) to libshutdown2.o(.ARM.Collect$$libshutdown$$00000010) for __rt_lib_shutdown_return
    libshutdown.o(.ARM.Collect$$libshutdown$$00000000) refers (Special) to libshutdown2.o(.ARM.Collect$$libshutdown$$0000000A) for __rt_lib_shutdown_signal_1
    libshutdown.o(.ARM.Collect$$libshutdown$$00000000) refers (Special) to libshutdown2.o(.ARM.Collect$$libshutdown$$00000004) for __rt_lib_shutdown_stdio_1
    libshutdown.o(.ARM.Collect$$libshutdown$$00000000) refers (Special) to libshutdown2.o(.ARM.Collect$$libshutdown$$0000000C) for __rt_lib_shutdown_user_alloc_1
    sys_command.o(.text) refers (Special) to use_no_semi.o(.text) for __I$use$semihosting
    sys_command.o(.text) refers (Special) to indicate_semi.o(.text) for __semihosting_library_function
    defsig_rtmem_outer.o(.text) refers to defsig_rtmem_inner.o(.text) for __rt_SIGRTMEM_inner
    defsig_rtmem_outer.o(.text) refers to defsig_exit.o(.text) for __sig_exit
    defsig_rtmem_formal.o(.text) refers to rt_raise.o(.text) for __rt_raise
    rt_raise.o(.text) refers to __raise.o(.text) for __raise
    rt_raise.o(.text) refers to sys_exit.o(.text) for _sys_exit
    defsig_exit.o(.text) refers to sys_exit.o(.text) for _sys_exit
    defsig_rtmem_inner.o(.text) refers to defsig_general.o(.text) for __default_signal_display
    __raise.o(.text) refers to defsig.o(CL$$defsig) for __default_signal_handler
    defsig_general.o(.text) refers to sys_wrch.o(.text) for _ttywrch
    sys_wrch.o(.text) refers (Special) to use_no_semi.o(.text) for __I$use$semihosting
    sys_wrch.o(.text) refers (Special) to indicate_semi.o(.text) for __semihosting_library_function
    defsig.o(CL$$defsig) refers to defsig_rtmem_inner.o(.text) for __rt_SIGRTMEM_inner
    defsig_abrt_inner.o(.text) refers to defsig_general.o(.text) for __default_signal_display
    defsig_fpe_inner.o(.text) refers to defsig_general.o(.text) for __default_signal_display
    defsig_rtred_inner.o(.text) refers to defsig_general.o(.text) for __default_signal_display
    defsig_stak_inner.o(.text) refers to defsig_general.o(.text) for __default_signal_display
    defsig_pvfn_inner.o(.text) refers to defsig_general.o(.text) for __default_signal_display
    defsig_cppl_inner.o(.text) refers to defsig_general.o(.text) for __default_signal_display
    defsig_segv_inner.o(.text) refers to defsig_general.o(.text) for __default_signal_display
    defsig_other.o(.text) refers to defsig_general.o(.text) for __default_signal_display


==============================================================================

Removing Unused input sections from the image.

    Removing control.o(i.Car_Forward), (188 bytes).
    Removing control.o(i.Car_ForwardTurnCorner), (208 bytes).
    Removing control.o(i.Car_Reversing), (184 bytes).
    Removing control.o(i.Car_ReversingTurnCorner), (208 bytes).
    Removing delay.o(i.delay_us), (60 bytes).
    Removing sys.o(.emb_text), (6 bytes).
    Removing sys.o(i.INTX_DISABLE), (4 bytes).
    Removing sys.o(i.INTX_ENABLE), (4 bytes).
    Removing sys.o(i.JTAG_Set), (48 bytes).
    Removing sys.o(i.Sys_Soft_Reset), (16 bytes).
    Removing sys.o(i.Sys_Standby), (76 bytes).
    Removing sys.o(i.WFI_SET), (4 bytes).
    Removing motor.o(i.Servo_PWM_Init), (148 bytes).

13 unused section(s) (total 1154 bytes) removed from the image.

==============================================================================

Image Symbol Table

    Local Symbols

    Symbol Name                              Value     Ov Type        Size  Object(Section)

    ../clib/angel/boardlib.s                 0x00000000   Number         0  boardinit3.o ABSOLUTE
    ../clib/angel/boardlib.s                 0x00000000   Number         0  boardshut.o ABSOLUTE
    ../clib/angel/boardlib.s                 0x00000000   Number         0  boardinit1.o ABSOLUTE
    ../clib/angel/boardlib.s                 0x00000000   Number         0  boardinit2.o ABSOLUTE
    ../clib/angel/handlers.s                 0x00000000   Number         0  __scatter_zi.o ABSOLUTE
    ../clib/angel/handlers.s                 0x00000000   Number         0  __scatter_copy.o ABSOLUTE
    ../clib/angel/kernel.s                   0x00000000   Number         0  __rtentry2.o ABSOLUTE
    ../clib/angel/kernel.s                   0x00000000   Number         0  rtexit2.o ABSOLUTE
    ../clib/angel/kernel.s                   0x00000000   Number         0  __rtentry4.o ABSOLUTE
    ../clib/angel/kernel.s                   0x00000000   Number         0  rtexit.o ABSOLUTE
    ../clib/angel/kernel.s                   0x00000000   Number         0  __rtentry.o ABSOLUTE
    ../clib/angel/rt.s                       0x00000000   Number         0  rt_raise.o ABSOLUTE
    ../clib/angel/scatter.s                  0x00000000   Number         0  __scatter.o ABSOLUTE
    ../clib/angel/startup.s                  0x00000000   Number         0  __main.o ABSOLUTE
    ../clib/angel/sys.s                      0x00000000   Number         0  sys_stackheap_outer.o ABSOLUTE
    ../clib/angel/sys.s                      0x00000000   Number         0  libspace.o ABSOLUTE
    ../clib/angel/sys.s                      0x00000000   Number         0  indicate_semi.o ABSOLUTE
    ../clib/angel/sys.s                      0x00000000   Number         0  use_no_semi.o ABSOLUTE
    ../clib/angel/sysapp.c                   0x00000000   Number         0  sys_exit.o ABSOLUTE
    ../clib/angel/sysapp.c                   0x00000000   Number         0  sys_wrch.o ABSOLUTE
    ../clib/angel/sysapp.c                   0x00000000   Number         0  sys_command.o ABSOLUTE
    ../clib/armsys.c                         0x00000000   Number         0  argv_veneer.o ABSOLUTE
    ../clib/armsys.c                         0x00000000   Number         0  argv_veneer.o ABSOLUTE
    ../clib/armsys.c                         0x00000000   Number         0  _get_argv_nomalloc.o ABSOLUTE
    ../clib/armsys.c                         0x00000000   Number         0  no_argv.o ABSOLUTE
    ../clib/heapalloc.c                      0x00000000   Number         0  hrguard.o ABSOLUTE
    ../clib/heapaux.c                        0x00000000   Number         0  heapauxi.o ABSOLUTE
    ../clib/libinit.s                        0x00000000   Number         0  libinit2.o ABSOLUTE
    ../clib/libinit.s                        0x00000000   Number         0  libshutdown.o ABSOLUTE
    ../clib/libinit.s                        0x00000000   Number         0  libinit.o ABSOLUTE
    ../clib/libinit.s                        0x00000000   Number         0  libshutdown2.o ABSOLUTE
    ../clib/signal.c                         0x00000000   Number         0  defsig_other.o ABSOLUTE
    ../clib/signal.c                         0x00000000   Number         0  defsig_rtmem_inner.o ABSOLUTE
    ../clib/signal.c                         0x00000000   Number         0  defsig_segv_inner.o ABSOLUTE
    ../clib/signal.c                         0x00000000   Number         0  defsig_cppl_inner.o ABSOLUTE
    ../clib/signal.c                         0x00000000   Number         0  defsig_general.o ABSOLUTE
    ../clib/signal.c                         0x00000000   Number         0  defsig_abrt_inner.o ABSOLUTE
    ../clib/signal.c                         0x00000000   Number         0  defsig_fpe_inner.o ABSOLUTE
    ../clib/signal.c                         0x00000000   Number         0  defsig_rtred_inner.o ABSOLUTE
    ../clib/signal.c                         0x00000000   Number         0  defsig_stak_inner.o ABSOLUTE
    ../clib/signal.c                         0x00000000   Number         0  defsig_exit.o ABSOLUTE
    ../clib/signal.c                         0x00000000   Number         0  __raise.o ABSOLUTE
    ../clib/signal.c                         0x00000000   Number         0  defsig_rtmem_outer.o ABSOLUTE
    ../clib/signal.c                         0x00000000   Number         0  defsig_rtmem_formal.o ABSOLUTE
    ../clib/signal.c                         0x00000000   Number         0  defsig_pvfn_inner.o ABSOLUTE
    ../clib/signal.s                         0x00000000   Number         0  defsig.o ABSOLUTE
    ../clib/stdlib.c                         0x00000000   Number         0  exit.o ABSOLUTE
    ../fplib/ddiv.s                          0x00000000   Number         0  ddiv.o ABSOLUTE
    ../fplib/dfix.s                          0x00000000   Number         0  dfix.o ABSOLUTE
    ../fplib/dflt.s                          0x00000000   Number         0  dflt_clz.o ABSOLUTE
    ../fplib/dmul.s                          0x00000000   Number         0  dmul.o ABSOLUTE
    ../fplib/dnaninf.s                       0x00000000   Number         0  dnaninf.o ABSOLUTE
    ../fplib/dretinf.s                       0x00000000   Number         0  dretinf.o ABSOLUTE
    ../fplib/faddsub.s                       0x00000000   Number         0  faddsub_clz.o ABSOLUTE
    ../fplib/fdiv.s                          0x00000000   Number         0  fdiv.o ABSOLUTE
    ../fplib/ffixu.s                         0x00000000   Number         0  ffixu.o ABSOLUTE
    ../fplib/fflt.s                          0x00000000   Number         0  fflt_clz.o ABSOLUTE
    ../fplib/fmul.s                          0x00000000   Number         0  fmul.o ABSOLUTE
    ../fplib/fnaninf.s                       0x00000000   Number         0  fnaninf.o ABSOLUTE
    ../fplib/fpinit.s                        0x00000000   Number         0  fpinit.o ABSOLUTE
    ../fplib/fretinf.s                       0x00000000   Number         0  fretinf.o ABSOLUTE
    ../fplib/usenofp.s                       0x00000000   Number         0  usenofp.o ABSOLUTE
    ..\HARDWARE\ENCODER\encoder.c            0x00000000   Number         0  encoder.o ABSOLUTE
    ..\HARDWARE\EXTI\exti.c                  0x00000000   Number         0  exti.o ABSOLUTE
    ..\HARDWARE\KEY\key.c                    0x00000000   Number         0  key.o ABSOLUTE
    ..\HARDWARE\LED\led.c                    0x00000000   Number         0  led.o ABSOLUTE
    ..\HARDWARE\MOTOR\motor.c                0x00000000   Number         0  motor.o ABSOLUTE
    ..\HARDWARE\TIMER\timer.c                0x00000000   Number         0  timer.o ABSOLUTE
    ..\HARDWARE\USART1\usart1.c              0x00000000   Number         0  usart1.o ABSOLUTE
    ..\SYSTEM\delay\delay.c                  0x00000000   Number         0  delay.o ABSOLUTE
    ..\SYSTEM\sys\sys.c                      0x00000000   Number         0  sys.o ABSOLUTE
    ..\\SYSTEM\\sys\\sys.c                   0x00000000   Number         0  sys.o ABSOLUTE
    control.c                                0x00000000   Number         0  control.o ABSOLUTE
    dc.s                                     0x00000000   Number         0  dc.o ABSOLUTE
    main.c                                   0x00000000   Number         0  main.o ABSOLUTE
    startup_stm32f10x_hd.s                   0x00000000   Number         0  startup_stm32f10x_hd.o ABSOLUTE
    trajectory.c                             0x00000000   Number         0  trajectory.o ABSOLUTE
    RESET                                    0x08000000   Section      304  startup_stm32f10x_hd.o(RESET)
    !!!main                                  0x08000130   Section        8  __main.o(!!!main)
    !!!scatter                               0x08000138   Section       52  __scatter.o(!!!scatter)
    !!handler_copy                           0x0800016c   Section       26  __scatter_copy.o(!!handler_copy)
    !!handler_zi                             0x08000188   Section       28  __scatter_zi.o(!!handler_zi)
    .ARM.Collect$$libinit$$00000000          0x080001a4   Section        2  libinit.o(.ARM.Collect$$libinit$$00000000)
    .ARM.Collect$$libinit$$00000002          0x080001a6   Section        0  libinit2.o(.ARM.Collect$$libinit$$00000002)
    .ARM.Collect$$libinit$$00000004          0x080001a6   Section        0  libinit2.o(.ARM.Collect$$libinit$$00000004)
    .ARM.Collect$$libinit$$0000000A          0x080001a6   Section        0  libinit2.o(.ARM.Collect$$libinit$$0000000A)
    .ARM.Collect$$libinit$$0000000C          0x080001a6   Section        0  libinit2.o(.ARM.Collect$$libinit$$0000000C)
    .ARM.Collect$$libinit$$0000000E          0x080001a6   Section        0  libinit2.o(.ARM.Collect$$libinit$$0000000E)
    .ARM.Collect$$libinit$$00000011          0x080001a6   Section        0  libinit2.o(.ARM.Collect$$libinit$$00000011)
    .ARM.Collect$$libinit$$00000013          0x080001a6   Section        0  libinit2.o(.ARM.Collect$$libinit$$00000013)
    .ARM.Collect$$libinit$$00000015          0x080001a6   Section        0  libinit2.o(.ARM.Collect$$libinit$$00000015)
    .ARM.Collect$$libinit$$00000017          0x080001a6   Section        0  libinit2.o(.ARM.Collect$$libinit$$00000017)
    .ARM.Collect$$libinit$$00000019          0x080001a6   Section        0  libinit2.o(.ARM.Collect$$libinit$$00000019)
    .ARM.Collect$$libinit$$0000001B          0x080001a6   Section        0  libinit2.o(.ARM.Collect$$libinit$$0000001B)
    .ARM.Collect$$libinit$$0000001D          0x080001a6   Section        0  libinit2.o(.ARM.Collect$$libinit$$0000001D)
    .ARM.Collect$$libinit$$0000001F          0x080001a6   Section        0  libinit2.o(.ARM.Collect$$libinit$$0000001F)
    .ARM.Collect$$libinit$$00000021          0x080001a6   Section        0  libinit2.o(.ARM.Collect$$libinit$$00000021)
    .ARM.Collect$$libinit$$00000023          0x080001a6   Section        0  libinit2.o(.ARM.Collect$$libinit$$00000023)
    .ARM.Collect$$libinit$$00000025          0x080001a6   Section        0  libinit2.o(.ARM.Collect$$libinit$$00000025)
    .ARM.Collect$$libinit$$0000002C          0x080001a6   Section        0  libinit2.o(.ARM.Collect$$libinit$$0000002C)
    .ARM.Collect$$libinit$$0000002E          0x080001a6   Section        0  libinit2.o(.ARM.Collect$$libinit$$0000002E)
    .ARM.Collect$$libinit$$00000030          0x080001a6   Section        0  libinit2.o(.ARM.Collect$$libinit$$00000030)
    .ARM.Collect$$libinit$$00000032          0x080001a6   Section        0  libinit2.o(.ARM.Collect$$libinit$$00000032)
    .ARM.Collect$$libinit$$00000033          0x080001a6   Section        2  libinit2.o(.ARM.Collect$$libinit$$00000033)
    .ARM.Collect$$libshutdown$$00000000      0x080001a8   Section        2  libshutdown.o(.ARM.Collect$$libshutdown$$00000000)
    .ARM.Collect$$libshutdown$$00000002      0x080001aa   Section        0  libshutdown2.o(.ARM.Collect$$libshutdown$$00000002)
    .ARM.Collect$$libshutdown$$00000004      0x080001aa   Section        0  libshutdown2.o(.ARM.Collect$$libshutdown$$00000004)
    .ARM.Collect$$libshutdown$$00000007      0x080001aa   Section        0  libshutdown2.o(.ARM.Collect$$libshutdown$$00000007)
    .ARM.Collect$$libshutdown$$0000000A      0x080001aa   Section        0  libshutdown2.o(.ARM.Collect$$libshutdown$$0000000A)
    .ARM.Collect$$libshutdown$$0000000C      0x080001aa   Section        0  libshutdown2.o(.ARM.Collect$$libshutdown$$0000000C)
    .ARM.Collect$$libshutdown$$0000000F      0x080001aa   Section        0  libshutdown2.o(.ARM.Collect$$libshutdown$$0000000F)
    .ARM.Collect$$libshutdown$$00000010      0x080001aa   Section        2  libshutdown2.o(.ARM.Collect$$libshutdown$$00000010)
    .ARM.Collect$$rtentry$$00000000          0x080001ac   Section        0  __rtentry.o(.ARM.Collect$$rtentry$$00000000)
    .ARM.Collect$$rtentry$$00000002          0x080001ac   Section        0  __rtentry2.o(.ARM.Collect$$rtentry$$00000002)
    .ARM.Collect$$rtentry$$00000004          0x080001ac   Section        6  __rtentry4.o(.ARM.Collect$$rtentry$$00000004)
    .ARM.Collect$$rtentry$$00000009          0x080001b2   Section        0  __rtentry2.o(.ARM.Collect$$rtentry$$00000009)
    .ARM.Collect$$rtentry$$0000000A          0x080001b2   Section        4  __rtentry2.o(.ARM.Collect$$rtentry$$0000000A)
    .ARM.Collect$$rtentry$$0000000C          0x080001b6   Section        0  __rtentry2.o(.ARM.Collect$$rtentry$$0000000C)
    .ARM.Collect$$rtentry$$0000000D          0x080001b6   Section        8  __rtentry2.o(.ARM.Collect$$rtentry$$0000000D)
    .ARM.Collect$$rtexit$$00000000           0x080001be   Section        2  rtexit.o(.ARM.Collect$$rtexit$$00000000)
    .ARM.Collect$$rtexit$$00000002           0x080001c0   Section        0  rtexit2.o(.ARM.Collect$$rtexit$$00000002)
    .ARM.Collect$$rtexit$$00000003           0x080001c0   Section        4  rtexit2.o(.ARM.Collect$$rtexit$$00000003)
    .ARM.Collect$$rtexit$$00000004           0x080001c4   Section        6  rtexit2.o(.ARM.Collect$$rtexit$$00000004)
    .text                                    0x080001cc   Section       52  startup_stm32f10x_hd.o(.text)
    .text                                    0x08000200   Section        0  heapauxi.o(.text)
    .text                                    0x08000206   Section       74  sys_stackheap_outer.o(.text)
    .text                                    0x08000250   Section        0  exit.o(.text)
    .text                                    0x08000264   Section        8  libspace.o(.text)
    .text                                    0x0800026c   Section        0  sys_exit.o(.text)
    .text                                    0x08000278   Section        2  use_no_semi.o(.text)
    .text                                    0x0800027a   Section        0  indicate_semi.o(.text)
    i.CarRun                                 0x0800027c   Section        0  trajectory.o(i.CarRun)
    i.Car_Traversing                         0x080002c4   Section        0  control.o(i.Car_Traversing)
    i.EXTI0_IRQHandler                       0x080003e8   Section        0  exti.o(i.EXTI0_IRQHandler)
    i.EXTIX_Init                             0x080003fc   Section        0  exti.o(i.EXTIX_Init)
    i.Encoder_Init_TIM2                      0x080004ac   Section        0  encoder.o(i.Encoder_Init_TIM2)
    i.Encoder_Init_TIM3                      0x08000570   Section        0  encoder.o(i.Encoder_Init_TIM3)
    i.Ex_NVIC_Config                         0x0800065c   Section        0  sys.o(i.Ex_NVIC_Config)
    i.Garage_1                               0x080006fc   Section        0  trajectory.o(i.Garage_1)
    i.Garage_2                               0x080007e0   Section        0  trajectory.o(i.Garage_2)
    i.Garage_3                               0x080008c8   Section        0  trajectory.o(i.Garage_3)
    i.Garage_4                               0x080009b0   Section        0  trajectory.o(i.Garage_4)
    i.Garage_5                               0x08000a44   Section        0  trajectory.o(i.Garage_5)
    i.Garage_6                               0x08000b58   Section        0  trajectory.o(i.Garage_6)
    i.KEY_Init                               0x08000c54   Section        0  key.o(i.KEY_Init)
    i.LED_Init                               0x08000c8c   Section        0  led.o(i.LED_Init)
    i.MYRCC_DeInit                           0x08000cc8   Section        0  sys.o(i.MYRCC_DeInit)
    i.MY_NVIC_Init                           0x08000d30   Section        0  sys.o(i.MY_NVIC_Init)
    i.MY_NVIC_PriorityGroupConfig            0x08000da8   Section        0  sys.o(i.MY_NVIC_PriorityGroupConfig)
    i.MY_NVIC_SetVectorTable                 0x08000dd0   Section        0  sys.o(i.MY_NVIC_SetVectorTable)
    i.Motor_IO_Init                          0x08000de4   Section        0  motor.o(i.Motor_IO_Init)
    i.Motor_PWM_Init                         0x08000e34   Section        0  motor.o(i.Motor_PWM_Init)
    i.Read_Encoder                           0x08000ed0   Section        0  encoder.o(i.Read_Encoder)
    i.Stm32_Clock_Init                       0x08000f08   Section        0  sys.o(i.Stm32_Clock_Init)
    i.TIM2_IRQHandler                        0x08000f98   Section        0  encoder.o(i.TIM2_IRQHandler)
    i.TIM3_IRQHandler                        0x08000fb0   Section        0  encoder.o(i.TIM3_IRQHandler)
    i.TIM5_IRQHandler                        0x08000fc8   Section        0  control.o(i.TIM5_IRQHandler)
    i.TIM5_Int_Init                          0x080010e8   Section        0  timer.o(i.TIM5_Int_Init)
    i.Turn_left_90_degrees                   0x08001144   Section        0  trajectory.o(i.Turn_left_90_degrees)
    i.Turn_right_90_degrees                  0x080011ac   Section        0  trajectory.o(i.Turn_right_90_degrees)
    i.USART1_IRQHandler                      0x08001218   Section        0  usart1.o(i.USART1_IRQHandler)
    i.delay_init                             0x080013a8   Section        0  delay.o(i.delay_init)
    i.delay_ms                               0x080013e8   Section        0  delay.o(i.delay_ms)
    i.main                                   0x08001424   Section        0  main.o(i.main)
    i.uart1_init                             0x080014ac   Section        0  usart1.o(i.uart1_init)
    x$fpl$ddiv                               0x08001588   Section      688  ddiv.o(x$fpl$ddiv)
    ddiv_entry                               0x0800158f   Thumb Code     0  ddiv.o(x$fpl$ddiv)
    x$fpl$dfix                               0x08001838   Section       94  dfix.o(x$fpl$dfix)
    x$fpl$dfltu                              0x08001896   Section       38  dflt_clz.o(x$fpl$dfltu)
    x$fpl$dmul                               0x080018bc   Section      340  dmul.o(x$fpl$dmul)
    x$fpl$dnaninf                            0x08001a10   Section      156  dnaninf.o(x$fpl$dnaninf)
    x$fpl$dretinf                            0x08001aac   Section       12  dretinf.o(x$fpl$dretinf)
    x$fpl$fadd                               0x08001ab8   Section      196  faddsub_clz.o(x$fpl$fadd)
    _fadd1                                   0x08001ac7   Thumb Code     0  faddsub_clz.o(x$fpl$fadd)
    x$fpl$fdiv                               0x08001b7c   Section      388  fdiv.o(x$fpl$fdiv)
    _fdiv1                                   0x08001b7d   Thumb Code     0  fdiv.o(x$fpl$fdiv)
    x$fpl$ffixu                              0x08001d00   Section       62  ffixu.o(x$fpl$ffixu)
    x$fpl$ffltu                              0x08001d40   Section       38  fflt_clz.o(x$fpl$ffltu)
    x$fpl$fmul                               0x08001d68   Section      258  fmul.o(x$fpl$fmul)
    x$fpl$fnaninf                            0x08001e6a   Section      140  fnaninf.o(x$fpl$fnaninf)
    x$fpl$fretinf                            0x08001ef6   Section       10  fretinf.o(x$fpl$fretinf)
    x$fpl$frsb                               0x08001f00   Section       20  faddsub_clz.o(x$fpl$frsb)
    x$fpl$fsub                               0x08001f14   Section      234  faddsub_clz.o(x$fpl$fsub)
    _fsub1                                   0x08001f23   Thumb Code     0  faddsub_clz.o(x$fpl$fsub)
    x$fpl$usenofp                            0x08001ffe   Section        0  usenofp.o(x$fpl$usenofp)
    .data                                    0x20000000   Section       56  main.o(.data)
    .data                                    0x20000038   Section        3  control.o(.data)
    .data                                    0x2000003b   Section        2  trajectory.o(.data)
    .data                                    0x2000003e   Section        4  delay.o(.data)
    fac_us                                   0x2000003e   Data           1  delay.o(.data)
    fac_ms                                   0x20000040   Data           2  delay.o(.data)
    .data                                    0x20000042   Section        9  usart1.o(.data)
    .bss                                     0x2000004c   Section       96  libspace.o(.bss)
    HEAP                                     0x200000b0   Section        0  startup_stm32f10x_hd.o(HEAP)
    STACK                                    0x200000b0   Section     1024  startup_stm32f10x_hd.o(STACK)
    Heap_Mem                                 0x200000b0   Data           0  startup_stm32f10x_hd.o(HEAP)
    Stack_Mem                                0x200000b0   Data        1024  startup_stm32f10x_hd.o(STACK)
    __initial_sp                             0x200004b0   Data           0  startup_stm32f10x_hd.o(STACK)

    Global Symbols

    Symbol Name                              Value     Ov Type        Size  Object(Section)

    BuildAttributes$$THM_ISAv4$P$D$K$B$S$PE$A:L22UL41UL21$X:L11$S22US41US21$IEEE1$IW$USESV6$~STKCKD$USESV7$~SHL$OSPACE$ROPI$EBA8$UX$STANDARDLIB$REQ8$PRES8$EABIv2 0x00000000   Number         0  anon$$obj.o ABSOLUTE
    __ARM_use_no_argv                        0x00000000   Number         0  main.o ABSOLUTE
    __ARM_exceptions_init                     - Undefined Weak Reference
    __alloca_initialize                       - Undefined Weak Reference
    __arm_preinit_                            - Undefined Weak Reference
    __cpp_initialize__aeabi_                  - Undefined Weak Reference
    __cxa_finalize                            - Undefined Weak Reference
    __rt_locale                               - Undefined Weak Reference
    __sigvec_lookup                           - Undefined Weak Reference
    _atexit_init                              - Undefined Weak Reference
    _call_atexit_fns                          - Undefined Weak Reference
    _clock_init                               - Undefined Weak Reference
    _fp_trap_init                             - Undefined Weak Reference
    _fp_trap_shutdown                         - Undefined Weak Reference
    _get_lc_collate                           - Undefined Weak Reference
    _get_lc_ctype                             - Undefined Weak Reference
    _get_lc_monetary                          - Undefined Weak Reference
    _get_lc_numeric                           - Undefined Weak Reference
    _get_lc_time                              - Undefined Weak Reference
    _getenv_init                              - Undefined Weak Reference
    _handle_redirection                       - Undefined Weak Reference
    _init_alloc                               - Undefined Weak Reference
    _init_user_alloc                          - Undefined Weak Reference
    _initio                                   - Undefined Weak Reference
    _rand_init                                - Undefined Weak Reference
    _signal_finish                            - Undefined Weak Reference
    _signal_init                              - Undefined Weak Reference
    _terminate_alloc                          - Undefined Weak Reference
    _terminate_user_alloc                     - Undefined Weak Reference
    _terminateio                              - Undefined Weak Reference
    __Vectors_Size                           0x00000130   Number         0  startup_stm32f10x_hd.o ABSOLUTE
    __Vectors                                0x08000000   Data           4  startup_stm32f10x_hd.o(RESET)
    __Vectors_End                            0x08000130   Data           0  startup_stm32f10x_hd.o(RESET)
    __main                                   0x08000131   Thumb Code     8  __main.o(!!!main)
    __scatterload                            0x08000139   Thumb Code     0  __scatter.o(!!!scatter)
    __scatterload_rt2                        0x08000139   Thumb Code    44  __scatter.o(!!!scatter)
    __scatterload_rt2_thumb_only             0x08000139   Thumb Code     0  __scatter.o(!!!scatter)
    __scatterload_null                       0x08000147   Thumb Code     0  __scatter.o(!!!scatter)
    __scatterload_copy                       0x0800016d   Thumb Code    26  __scatter_copy.o(!!handler_copy)
    __scatterload_zeroinit                   0x08000189   Thumb Code    28  __scatter_zi.o(!!handler_zi)
    __rt_lib_init                            0x080001a5   Thumb Code     0  libinit.o(.ARM.Collect$$libinit$$00000000)
    __rt_lib_init_alloca_1                   0x080001a7   Thumb Code     0  libinit2.o(.ARM.Collect$$libinit$$0000002E)
    __rt_lib_init_argv_1                     0x080001a7   Thumb Code     0  libinit2.o(.ARM.Collect$$libinit$$0000002C)
    __rt_lib_init_atexit_1                   0x080001a7   Thumb Code     0  libinit2.o(.ARM.Collect$$libinit$$0000001B)
    __rt_lib_init_clock_1                    0x080001a7   Thumb Code     0  libinit2.o(.ARM.Collect$$libinit$$00000021)
    __rt_lib_init_cpp_1                      0x080001a7   Thumb Code     0  libinit2.o(.ARM.Collect$$libinit$$00000032)
    __rt_lib_init_exceptions_1               0x080001a7   Thumb Code     0  libinit2.o(.ARM.Collect$$libinit$$00000030)
    __rt_lib_init_fp_1                       0x080001a7   Thumb Code     0  libinit2.o(.ARM.Collect$$libinit$$00000002)
    __rt_lib_init_fp_trap_1                  0x080001a7   Thumb Code     0  libinit2.o(.ARM.Collect$$libinit$$0000001F)
    __rt_lib_init_getenv_1                   0x080001a7   Thumb Code     0  libinit2.o(.ARM.Collect$$libinit$$00000023)
    __rt_lib_init_heap_1                     0x080001a7   Thumb Code     0  libinit2.o(.ARM.Collect$$libinit$$0000000A)
    __rt_lib_init_lc_collate_1               0x080001a7   Thumb Code     0  libinit2.o(.ARM.Collect$$libinit$$00000011)
    __rt_lib_init_lc_ctype_1                 0x080001a7   Thumb Code     0  libinit2.o(.ARM.Collect$$libinit$$00000013)
    __rt_lib_init_lc_monetary_1              0x080001a7   Thumb Code     0  libinit2.o(.ARM.Collect$$libinit$$00000015)
    __rt_lib_init_lc_numeric_1               0x080001a7   Thumb Code     0  libinit2.o(.ARM.Collect$$libinit$$00000017)
    __rt_lib_init_lc_time_1                  0x080001a7   Thumb Code     0  libinit2.o(.ARM.Collect$$libinit$$00000019)
    __rt_lib_init_preinit_1                  0x080001a7   Thumb Code     0  libinit2.o(.ARM.Collect$$libinit$$00000004)
    __rt_lib_init_rand_1                     0x080001a7   Thumb Code     0  libinit2.o(.ARM.Collect$$libinit$$0000000E)
    __rt_lib_init_return                     0x080001a7   Thumb Code     0  libinit2.o(.ARM.Collect$$libinit$$00000033)
    __rt_lib_init_signal_1                   0x080001a7   Thumb Code     0  libinit2.o(.ARM.Collect$$libinit$$0000001D)
    __rt_lib_init_stdio_1                    0x080001a7   Thumb Code     0  libinit2.o(.ARM.Collect$$libinit$$00000025)
    __rt_lib_init_user_alloc_1               0x080001a7   Thumb Code     0  libinit2.o(.ARM.Collect$$libinit$$0000000C)
    __rt_lib_shutdown                        0x080001a9   Thumb Code     0  libshutdown.o(.ARM.Collect$$libshutdown$$00000000)
    __rt_lib_shutdown_cpp_1                  0x080001ab   Thumb Code     0  libshutdown2.o(.ARM.Collect$$libshutdown$$00000002)
    __rt_lib_shutdown_fp_trap_1              0x080001ab   Thumb Code     0  libshutdown2.o(.ARM.Collect$$libshutdown$$00000007)
    __rt_lib_shutdown_heap_1                 0x080001ab   Thumb Code     0  libshutdown2.o(.ARM.Collect$$libshutdown$$0000000F)
    __rt_lib_shutdown_return                 0x080001ab   Thumb Code     0  libshutdown2.o(.ARM.Collect$$libshutdown$$00000010)
    __rt_lib_shutdown_signal_1               0x080001ab   Thumb Code     0  libshutdown2.o(.ARM.Collect$$libshutdown$$0000000A)
    __rt_lib_shutdown_stdio_1                0x080001ab   Thumb Code     0  libshutdown2.o(.ARM.Collect$$libshutdown$$00000004)
    __rt_lib_shutdown_user_alloc_1           0x080001ab   Thumb Code     0  libshutdown2.o(.ARM.Collect$$libshutdown$$0000000C)
    __rt_entry                               0x080001ad   Thumb Code     0  __rtentry.o(.ARM.Collect$$rtentry$$00000000)
    __rt_entry_presh_1                       0x080001ad   Thumb Code     0  __rtentry2.o(.ARM.Collect$$rtentry$$00000002)
    __rt_entry_sh                            0x080001ad   Thumb Code     0  __rtentry4.o(.ARM.Collect$$rtentry$$00000004)
    __rt_entry_li                            0x080001b3   Thumb Code     0  __rtentry2.o(.ARM.Collect$$rtentry$$0000000A)
    __rt_entry_postsh_1                      0x080001b3   Thumb Code     0  __rtentry2.o(.ARM.Collect$$rtentry$$00000009)
    __rt_entry_main                          0x080001b7   Thumb Code     0  __rtentry2.o(.ARM.Collect$$rtentry$$0000000D)
    __rt_entry_postli_1                      0x080001b7   Thumb Code     0  __rtentry2.o(.ARM.Collect$$rtentry$$0000000C)
    __rt_exit                                0x080001bf   Thumb Code     0  rtexit.o(.ARM.Collect$$rtexit$$00000000)
    __rt_exit_ls                             0x080001c1   Thumb Code     0  rtexit2.o(.ARM.Collect$$rtexit$$00000003)
    __rt_exit_prels_1                        0x080001c1   Thumb Code     0  rtexit2.o(.ARM.Collect$$rtexit$$00000002)
    __rt_exit_exit                           0x080001c5   Thumb Code     0  rtexit2.o(.ARM.Collect$$rtexit$$00000004)
    Reset_Handler                            0x080001cd   Thumb Code     4  startup_stm32f10x_hd.o(.text)
    NMI_Handler                              0x080001d1   Thumb Code     2  startup_stm32f10x_hd.o(.text)
    HardFault_Handler                        0x080001d3   Thumb Code     2  startup_stm32f10x_hd.o(.text)
    MemManage_Handler                        0x080001d5   Thumb Code     2  startup_stm32f10x_hd.o(.text)
    BusFault_Handler                         0x080001d7   Thumb Code     2  startup_stm32f10x_hd.o(.text)
    UsageFault_Handler                       0x080001d9   Thumb Code     2  startup_stm32f10x_hd.o(.text)
    SVC_Handler                              0x080001db   Thumb Code     2  startup_stm32f10x_hd.o(.text)
    DebugMon_Handler                         0x080001dd   Thumb Code     2  startup_stm32f10x_hd.o(.text)
    PendSV_Handler                           0x080001df   Thumb Code     2  startup_stm32f10x_hd.o(.text)
    SysTick_Handler                          0x080001e1   Thumb Code     2  startup_stm32f10x_hd.o(.text)
    ADC1_2_IRQHandler                        0x080001e3   Thumb Code     0  startup_stm32f10x_hd.o(.text)
    ADC3_IRQHandler                          0x080001e3   Thumb Code     0  startup_stm32f10x_hd.o(.text)
    CAN1_RX1_IRQHandler                      0x080001e3   Thumb Code     0  startup_stm32f10x_hd.o(.text)
    CAN1_SCE_IRQHandler                      0x080001e3   Thumb Code     0  startup_stm32f10x_hd.o(.text)
    DMA1_Channel1_IRQHandler                 0x080001e3   Thumb Code     0  startup_stm32f10x_hd.o(.text)
    DMA1_Channel2_IRQHandler                 0x080001e3   Thumb Code     0  startup_stm32f10x_hd.o(.text)
    DMA1_Channel3_IRQHandler                 0x080001e3   Thumb Code     0  startup_stm32f10x_hd.o(.text)
    DMA1_Channel4_IRQHandler                 0x080001e3   Thumb Code     0  startup_stm32f10x_hd.o(.text)
    DMA1_Channel5_IRQHandler                 0x080001e3   Thumb Code     0  startup_stm32f10x_hd.o(.text)
    DMA1_Channel6_IRQHandler                 0x080001e3   Thumb Code     0  startup_stm32f10x_hd.o(.text)
    DMA1_Channel7_IRQHandler                 0x080001e3   Thumb Code     0  startup_stm32f10x_hd.o(.text)
    DMA2_Channel1_IRQHandler                 0x080001e3   Thumb Code     0  startup_stm32f10x_hd.o(.text)
    DMA2_Channel2_IRQHandler                 0x080001e3   Thumb Code     0  startup_stm32f10x_hd.o(.text)
    DMA2_Channel3_IRQHandler                 0x080001e3   Thumb Code     0  startup_stm32f10x_hd.o(.text)
    DMA2_Channel4_5_IRQHandler               0x080001e3   Thumb Code     0  startup_stm32f10x_hd.o(.text)
    EXTI15_10_IRQHandler                     0x080001e3   Thumb Code     0  startup_stm32f10x_hd.o(.text)
    EXTI1_IRQHandler                         0x080001e3   Thumb Code     0  startup_stm32f10x_hd.o(.text)
    EXTI2_IRQHandler                         0x080001e3   Thumb Code     0  startup_stm32f10x_hd.o(.text)
    EXTI3_IRQHandler                         0x080001e3   Thumb Code     0  startup_stm32f10x_hd.o(.text)
    EXTI4_IRQHandler                         0x080001e3   Thumb Code     0  startup_stm32f10x_hd.o(.text)
    EXTI9_5_IRQHandler                       0x080001e3   Thumb Code     0  startup_stm32f10x_hd.o(.text)
    FLASH_IRQHandler                         0x080001e3   Thumb Code     0  startup_stm32f10x_hd.o(.text)
    FSMC_IRQHandler                          0x080001e3   Thumb Code     0  startup_stm32f10x_hd.o(.text)
    I2C1_ER_IRQHandler                       0x080001e3   Thumb Code     0  startup_stm32f10x_hd.o(.text)
    I2C1_EV_IRQHandler                       0x080001e3   Thumb Code     0  startup_stm32f10x_hd.o(.text)
    I2C2_ER_IRQHandler                       0x080001e3   Thumb Code     0  startup_stm32f10x_hd.o(.text)
    I2C2_EV_IRQHandler                       0x080001e3   Thumb Code     0  startup_stm32f10x_hd.o(.text)
    PVD_IRQHandler                           0x080001e3   Thumb Code     0  startup_stm32f10x_hd.o(.text)
    RCC_IRQHandler                           0x080001e3   Thumb Code     0  startup_stm32f10x_hd.o(.text)
    RTCAlarm_IRQHandler                      0x080001e3   Thumb Code     0  startup_stm32f10x_hd.o(.text)
    RTC_IRQHandler                           0x080001e3   Thumb Code     0  startup_stm32f10x_hd.o(.text)
    SDIO_IRQHandler                          0x080001e3   Thumb Code     0  startup_stm32f10x_hd.o(.text)
    SPI1_IRQHandler                          0x080001e3   Thumb Code     0  startup_stm32f10x_hd.o(.text)
    SPI2_IRQHandler                          0x080001e3   Thumb Code     0  startup_stm32f10x_hd.o(.text)
    SPI3_IRQHandler                          0x080001e3   Thumb Code     0  startup_stm32f10x_hd.o(.text)
    TAMPER_IRQHandler                        0x080001e3   Thumb Code     0  startup_stm32f10x_hd.o(.text)
    TIM1_BRK_IRQHandler                      0x080001e3   Thumb Code     0  startup_stm32f10x_hd.o(.text)
    TIM1_CC_IRQHandler                       0x080001e3   Thumb Code     0  startup_stm32f10x_hd.o(.text)
    TIM1_TRG_COM_IRQHandler                  0x080001e3   Thumb Code     0  startup_stm32f10x_hd.o(.text)
    TIM1_UP_IRQHandler                       0x080001e3   Thumb Code     0  startup_stm32f10x_hd.o(.text)
    TIM4_IRQHandler                          0x080001e3   Thumb Code     0  startup_stm32f10x_hd.o(.text)
    TIM6_IRQHandler                          0x080001e3   Thumb Code     0  startup_stm32f10x_hd.o(.text)
    TIM7_IRQHandler                          0x080001e3   Thumb Code     0  startup_stm32f10x_hd.o(.text)
    TIM8_BRK_IRQHandler                      0x080001e3   Thumb Code     0  startup_stm32f10x_hd.o(.text)
    TIM8_CC_IRQHandler                       0x080001e3   Thumb Code     0  startup_stm32f10x_hd.o(.text)
    TIM8_TRG_COM_IRQHandler                  0x080001e3   Thumb Code     0  startup_stm32f10x_hd.o(.text)
    TIM8_UP_IRQHandler                       0x080001e3   Thumb Code     0  startup_stm32f10x_hd.o(.text)
    UART4_IRQHandler                         0x080001e3   Thumb Code     0  startup_stm32f10x_hd.o(.text)
    UART5_IRQHandler                         0x080001e3   Thumb Code     0  startup_stm32f10x_hd.o(.text)
    USART2_IRQHandler                        0x080001e3   Thumb Code     0  startup_stm32f10x_hd.o(.text)
    USART3_IRQHandler                        0x080001e3   Thumb Code     0  startup_stm32f10x_hd.o(.text)
    USBWakeUp_IRQHandler                     0x080001e3   Thumb Code     0  startup_stm32f10x_hd.o(.text)
    USB_HP_CAN1_TX_IRQHandler                0x080001e3   Thumb Code     0  startup_stm32f10x_hd.o(.text)
    USB_LP_CAN1_RX0_IRQHandler               0x080001e3   Thumb Code     0  startup_stm32f10x_hd.o(.text)
    WWDG_IRQHandler                          0x080001e3   Thumb Code     0  startup_stm32f10x_hd.o(.text)
    __user_initial_stackheap                 0x080001e5   Thumb Code     0  startup_stm32f10x_hd.o(.text)
    __use_two_region_memory                  0x08000201   Thumb Code     2  heapauxi.o(.text)
    __rt_heap_escrow$2region                 0x08000203   Thumb Code     2  heapauxi.o(.text)
    __rt_heap_expand$2region                 0x08000205   Thumb Code     2  heapauxi.o(.text)
    __user_setup_stackheap                   0x08000207   Thumb Code    74  sys_stackheap_outer.o(.text)
    exit                                     0x08000251   Thumb Code    18  exit.o(.text)
    __user_libspace                          0x08000265   Thumb Code     8  libspace.o(.text)
    __user_perproc_libspace                  0x08000265   Thumb Code     0  libspace.o(.text)
    __user_perthread_libspace                0x08000265   Thumb Code     0  libspace.o(.text)
    _sys_exit                                0x0800026d   Thumb Code     8  sys_exit.o(.text)
    __I$use$semihosting                      0x08000279   Thumb Code     0  use_no_semi.o(.text)
    __use_no_semihosting_swi                 0x08000279   Thumb Code     2  use_no_semi.o(.text)
    __semihosting_library_function           0x0800027b   Thumb Code     0  indicate_semi.o(.text)
    CarRun                                   0x0800027d   Thumb Code    68  trajectory.o(i.CarRun)
    Car_Traversing                           0x080002c5   Thumb Code   264  control.o(i.Car_Traversing)
    EXTI0_IRQHandler                         0x080003e9   Thumb Code    12  exti.o(i.EXTI0_IRQHandler)
    EXTIX_Init                               0x080003fd   Thumb Code   166  exti.o(i.EXTIX_Init)
    Encoder_Init_TIM2                        0x080004ad   Thumb Code   186  encoder.o(i.Encoder_Init_TIM2)
    Encoder_Init_TIM3                        0x08000571   Thumb Code   224  encoder.o(i.Encoder_Init_TIM3)
    Ex_NVIC_Config                           0x0800065d   Thumb Code   146  sys.o(i.Ex_NVIC_Config)
    Garage_1                                 0x080006fd   Thumb Code   216  trajectory.o(i.Garage_1)
    Garage_2                                 0x080007e1   Thumb Code   218  trajectory.o(i.Garage_2)
    Garage_3                                 0x080008c9   Thumb Code   218  trajectory.o(i.Garage_3)
    Garage_4                                 0x080009b1   Thumb Code   132  trajectory.o(i.Garage_4)
    Garage_5                                 0x08000a45   Thumb Code   262  trajectory.o(i.Garage_5)
    Garage_6                                 0x08000b59   Thumb Code   240  trajectory.o(i.Garage_6)
    KEY_Init                                 0x08000c55   Thumb Code    48  key.o(i.KEY_Init)
    LED_Init                                 0x08000c8d   Thumb Code    52  led.o(i.LED_Init)
    MYRCC_DeInit                             0x08000cc9   Thumb Code    90  sys.o(i.MYRCC_DeInit)
    MY_NVIC_Init                             0x08000d31   Thumb Code   116  sys.o(i.MY_NVIC_Init)
    MY_NVIC_PriorityGroupConfig              0x08000da9   Thumb Code    32  sys.o(i.MY_NVIC_PriorityGroupConfig)
    MY_NVIC_SetVectorTable                   0x08000dd1   Thumb Code    12  sys.o(i.MY_NVIC_SetVectorTable)
    Motor_IO_Init                            0x08000de5   Thumb Code    66  motor.o(i.Motor_IO_Init)
    Motor_PWM_Init                           0x08000e35   Thumb Code   144  motor.o(i.Motor_PWM_Init)
    Read_Encoder                             0x08000ed1   Thumb Code    52  encoder.o(i.Read_Encoder)
    Stm32_Clock_Init                         0x08000f09   Thumb Code   134  sys.o(i.Stm32_Clock_Init)
    TIM2_IRQHandler                          0x08000f99   Thumb Code    24  encoder.o(i.TIM2_IRQHandler)
    TIM3_IRQHandler                          0x08000fb1   Thumb Code    18  encoder.o(i.TIM3_IRQHandler)
    TIM5_IRQHandler                          0x08000fc9   Thumb Code   254  control.o(i.TIM5_IRQHandler)
    TIM5_Int_Init                            0x080010e9   Thumb Code    82  timer.o(i.TIM5_Int_Init)
    Turn_left_90_degrees                     0x08001145   Thumb Code    92  trajectory.o(i.Turn_left_90_degrees)
    Turn_right_90_degrees                    0x080011ad   Thumb Code    90  trajectory.o(i.Turn_right_90_degrees)
    USART1_IRQHandler                        0x08001219   Thumb Code   366  usart1.o(i.USART1_IRQHandler)
    delay_init                               0x080013a9   Thumb Code    56  delay.o(i.delay_init)
    delay_ms                                 0x080013e9   Thumb Code    56  delay.o(i.delay_ms)
    main                                     0x08001425   Thumb Code   122  main.o(i.main)
    uart1_init                               0x080014ad   Thumb Code   202  usart1.o(i.uart1_init)
    __aeabi_ddiv                             0x08001589   Thumb Code     0  ddiv.o(x$fpl$ddiv)
    _ddiv                                    0x08001589   Thumb Code   552  ddiv.o(x$fpl$ddiv)
    __aeabi_d2iz                             0x08001839   Thumb Code     0  dfix.o(x$fpl$dfix)
    _dfix                                    0x08001839   Thumb Code    94  dfix.o(x$fpl$dfix)
    __aeabi_ui2d                             0x08001897   Thumb Code     0  dflt_clz.o(x$fpl$dfltu)
    _dfltu                                   0x08001897   Thumb Code    38  dflt_clz.o(x$fpl$dfltu)
    __aeabi_dmul                             0x080018bd   Thumb Code     0  dmul.o(x$fpl$dmul)
    _dmul                                    0x080018bd   Thumb Code   332  dmul.o(x$fpl$dmul)
    __fpl_dnaninf                            0x08001a11   Thumb Code   156  dnaninf.o(x$fpl$dnaninf)
    __fpl_dretinf                            0x08001aad   Thumb Code    12  dretinf.o(x$fpl$dretinf)
    __aeabi_fadd                             0x08001ab9   Thumb Code     0  faddsub_clz.o(x$fpl$fadd)
    _fadd                                    0x08001ab9   Thumb Code   196  faddsub_clz.o(x$fpl$fadd)
    __aeabi_fdiv                             0x08001b7d   Thumb Code     0  fdiv.o(x$fpl$fdiv)
    _fdiv                                    0x08001b7d   Thumb Code   384  fdiv.o(x$fpl$fdiv)
    __aeabi_f2uiz                            0x08001d01   Thumb Code     0  ffixu.o(x$fpl$ffixu)
    _ffixu                                   0x08001d01   Thumb Code    62  ffixu.o(x$fpl$ffixu)
    __aeabi_ui2f                             0x08001d41   Thumb Code     0  fflt_clz.o(x$fpl$ffltu)
    _ffltu                                   0x08001d41   Thumb Code    38  fflt_clz.o(x$fpl$ffltu)
    __aeabi_fmul                             0x08001d69   Thumb Code     0  fmul.o(x$fpl$fmul)
    _fmul                                    0x08001d69   Thumb Code   258  fmul.o(x$fpl$fmul)
    __fpl_fnaninf                            0x08001e6b   Thumb Code   140  fnaninf.o(x$fpl$fnaninf)
    __fpl_fretinf                            0x08001ef7   Thumb Code    10  fretinf.o(x$fpl$fretinf)
    __aeabi_frsub                            0x08001f01   Thumb Code     0  faddsub_clz.o(x$fpl$frsb)
    _frsb                                    0x08001f01   Thumb Code    20  faddsub_clz.o(x$fpl$frsb)
    __aeabi_fsub                             0x08001f15   Thumb Code     0  faddsub_clz.o(x$fpl$fsub)
    _fsub                                    0x08001f15   Thumb Code   234  faddsub_clz.o(x$fpl$fsub)
    __I$use$fp                               0x08001ffe   Number         0  usenofp.o(x$fpl$usenofp)
    Region$$Table$$Base                      0x08002000   Number         0  anon$$obj.o(Region$$Table)
    Region$$Table$$Limit                     0x08002020   Number         0  anon$$obj.o(Region$$Table)
    Encoder_Left                             0x20000000   Data           4  main.o(.data)
    Encoder_Right                            0x20000004   Data           4  main.o(.data)
    Velocity_KP                              0x20000008   Data           4  main.o(.data)
    Velocity_KI                              0x2000000c   Data           4  main.o(.data)
    Motor_A                                  0x20000010   Data           4  main.o(.data)
    Motor_B                                  0x20000014   Data           4  main.o(.data)
    Servo                                    0x20000018   Data           4  main.o(.data)
    Target_A                                 0x2000001c   Data           4  main.o(.data)
    Target_B                                 0x20000020   Data           4  main.o(.data)
    Velocity                                 0x20000024   Data           4  main.o(.data)
    Angle                                    0x20000028   Data           4  main.o(.data)
    Laser1_Distance                          0x2000002c   Data           2  main.o(.data)
    Laser1_Mode                              0x2000002e   Data           1  main.o(.data)
    Car_Garage                               0x2000002f   Data           1  main.o(.data)
    MotorA_Speed                             0x20000030   Data           4  main.o(.data)
    MotorB_Speed                             0x20000034   Data           4  main.o(.data)
    Collision                                0x20000038   Data           1  control.o(.data)
    tim5count_5ms                            0x20000039   Data           1  control.o(.data)
    pz_up_static                             0x2000003a   Data           1  control.o(.data)
    Turn_left_90_value                       0x2000003b   Data           1  trajectory.o(.data)
    Turn_right_90_value                      0x2000003c   Data           1  trajectory.o(.data)
    Usart1ReceiveCounter                     0x20000042   Data           1  usart1.o(.data)
    Usart1Data                               0x20000043   Data           8  usart1.o(.data)
    __libspace_start                         0x2000004c   Data          96  libspace.o(.bss)
    __temporary_stack_top$libspace           0x200000ac   Data           0  libspace.o(.bss)



==============================================================================

Memory Map of the image

  Image Entry point : 0x08000131

  Load Region LR_IROM1 (Base: 0x08000000, Size: 0x0000206c, Max: 0x00080000, ABSOLUTE)

    Execution Region ER_IROM1 (Base: 0x08000000, Size: 0x00002020, Max: 0x00080000, ABSOLUTE)

    Base Addr    Size         Type   Attr      Idx    E Section Name        Object

    0x08000000   0x00000130   Data   RO            3    RESET               startup_stm32f10x_hd.o
    0x08000130   0x00000008   Code   RO          450  * !!!main             c_w.l(__main.o)
    0x08000138   0x00000034   Code   RO          654    !!!scatter          c_w.l(__scatter.o)
    0x0800016c   0x0000001a   Code   RO          656    !!handler_copy      c_w.l(__scatter_copy.o)
    0x08000186   0x00000002   PAD
    0x08000188   0x0000001c   Code   RO          658    !!handler_zi        c_w.l(__scatter_zi.o)
    0x080001a4   0x00000002   Code   RO          524    .ARM.Collect$$libinit$$00000000  c_w.l(libinit.o)
    0x080001a6   0x00000000   Code   RO          531    .ARM.Collect$$libinit$$00000002  c_w.l(libinit2.o)
    0x080001a6   0x00000000   Code   RO          533    .ARM.Collect$$libinit$$00000004  c_w.l(libinit2.o)
    0x080001a6   0x00000000   Code   RO          536    .ARM.Collect$$libinit$$0000000A  c_w.l(libinit2.o)
    0x080001a6   0x00000000   Code   RO          538    .ARM.Collect$$libinit$$0000000C  c_w.l(libinit2.o)
    0x080001a6   0x00000000   Code   RO          540    .ARM.Collect$$libinit$$0000000E  c_w.l(libinit2.o)
    0x080001a6   0x00000000   Code   RO          543    .ARM.Collect$$libinit$$00000011  c_w.l(libinit2.o)
    0x080001a6   0x00000000   Code   RO          545    .ARM.Collect$$libinit$$00000013  c_w.l(libinit2.o)
    0x080001a6   0x00000000   Code   RO          547    .ARM.Collect$$libinit$$00000015  c_w.l(libinit2.o)
    0x080001a6   0x00000000   Code   RO          549    .ARM.Collect$$libinit$$00000017  c_w.l(libinit2.o)
    0x080001a6   0x00000000   Code   RO          551    .ARM.Collect$$libinit$$00000019  c_w.l(libinit2.o)
    0x080001a6   0x00000000   Code   RO          553    .ARM.Collect$$libinit$$0000001B  c_w.l(libinit2.o)
    0x080001a6   0x00000000   Code   RO          555    .ARM.Collect$$libinit$$0000001D  c_w.l(libinit2.o)
    0x080001a6   0x00000000   Code   RO          557    .ARM.Collect$$libinit$$0000001F  c_w.l(libinit2.o)
    0x080001a6   0x00000000   Code   RO          559    .ARM.Collect$$libinit$$00000021  c_w.l(libinit2.o)
    0x080001a6   0x00000000   Code   RO          561    .ARM.Collect$$libinit$$00000023  c_w.l(libinit2.o)
    0x080001a6   0x00000000   Code   RO          563    .ARM.Collect$$libinit$$00000025  c_w.l(libinit2.o)
    0x080001a6   0x00000000   Code   RO          567    .ARM.Collect$$libinit$$0000002C  c_w.l(libinit2.o)
    0x080001a6   0x00000000   Code   RO          569    .ARM.Collect$$libinit$$0000002E  c_w.l(libinit2.o)
    0x080001a6   0x00000000   Code   RO          571    .ARM.Collect$$libinit$$00000030  c_w.l(libinit2.o)
    0x080001a6   0x00000000   Code   RO          573    .ARM.Collect$$libinit$$00000032  c_w.l(libinit2.o)
    0x080001a6   0x00000002   Code   RO          574    .ARM.Collect$$libinit$$00000033  c_w.l(libinit2.o)
    0x080001a8   0x00000002   Code   RO          594    .ARM.Collect$$libshutdown$$00000000  c_w.l(libshutdown.o)
    0x080001aa   0x00000000   Code   RO          607    .ARM.Collect$$libshutdown$$00000002  c_w.l(libshutdown2.o)
    0x080001aa   0x00000000   Code   RO          609    .ARM.Collect$$libshutdown$$00000004  c_w.l(libshutdown2.o)
    0x080001aa   0x00000000   Code   RO          612    .ARM.Collect$$libshutdown$$00000007  c_w.l(libshutdown2.o)
    0x080001aa   0x00000000   Code   RO          615    .ARM.Collect$$libshutdown$$0000000A  c_w.l(libshutdown2.o)
    0x080001aa   0x00000000   Code   RO          617    .ARM.Collect$$libshutdown$$0000000C  c_w.l(libshutdown2.o)
    0x080001aa   0x00000000   Code   RO          620    .ARM.Collect$$libshutdown$$0000000F  c_w.l(libshutdown2.o)
    0x080001aa   0x00000002   Code   RO          621    .ARM.Collect$$libshutdown$$00000010  c_w.l(libshutdown2.o)
    0x080001ac   0x00000000   Code   RO          490    .ARM.Collect$$rtentry$$00000000  c_w.l(__rtentry.o)
    0x080001ac   0x00000000   Code   RO          501    .ARM.Collect$$rtentry$$00000002  c_w.l(__rtentry2.o)
    0x080001ac   0x00000006   Code   RO          513    .ARM.Collect$$rtentry$$00000004  c_w.l(__rtentry4.o)
    0x080001b2   0x00000000   Code   RO          503    .ARM.Collect$$rtentry$$00000009  c_w.l(__rtentry2.o)
    0x080001b2   0x00000004   Code   RO          504    .ARM.Collect$$rtentry$$0000000A  c_w.l(__rtentry2.o)
    0x080001b6   0x00000000   Code   RO          506    .ARM.Collect$$rtentry$$0000000C  c_w.l(__rtentry2.o)
    0x080001b6   0x00000008   Code   RO          507    .ARM.Collect$$rtentry$$0000000D  c_w.l(__rtentry2.o)
    0x080001be   0x00000002   Code   RO          528    .ARM.Collect$$rtexit$$00000000  c_w.l(rtexit.o)
    0x080001c0   0x00000000   Code   RO          576    .ARM.Collect$$rtexit$$00000002  c_w.l(rtexit2.o)
    0x080001c0   0x00000004   Code   RO          577    .ARM.Collect$$rtexit$$00000003  c_w.l(rtexit2.o)
    0x080001c4   0x00000006   Code   RO          578    .ARM.Collect$$rtexit$$00000004  c_w.l(rtexit2.o)
    0x080001ca   0x00000002   PAD
    0x080001cc   0x00000034   Code   RO            4    .text               startup_stm32f10x_hd.o
    0x08000200   0x00000006   Code   RO          448    .text               c_w.l(heapauxi.o)
    0x08000206   0x0000004a   Code   RO          515    .text               c_w.l(sys_stackheap_outer.o)
    0x08000250   0x00000012   Code   RO          517    .text               c_w.l(exit.o)
    0x08000262   0x00000002   PAD
    0x08000264   0x00000008   Code   RO          525    .text               c_w.l(libspace.o)
    0x0800026c   0x0000000c   Code   RO          586    .text               c_w.l(sys_exit.o)
    0x08000278   0x00000002   Code   RO          597    .text               c_w.l(use_no_semi.o)
    0x0800027a   0x00000000   Code   RO          599    .text               c_w.l(indicate_semi.o)
    0x0800027a   0x00000002   PAD
    0x0800027c   0x00000048   Code   RO          129    i.CarRun            trajectory.o
    0x080002c4   0x00000124   Code   RO           80    i.Car_Traversing    control.o
    0x080003e8   0x00000014   Code   RO          427    i.EXTI0_IRQHandler  exti.o
    0x080003fc   0x000000b0   Code   RO          428    i.EXTIX_Init        exti.o
    0x080004ac   0x000000c4   Code   RO          349    i.Encoder_Init_TIM2  encoder.o
    0x08000570   0x000000ec   Code   RO          350    i.Encoder_Init_TIM3  encoder.o
    0x0800065c   0x000000a0   Code   RO          220    i.Ex_NVIC_Config    sys.o
    0x080006fc   0x000000e4   Code   RO          130    i.Garage_1          trajectory.o
    0x080007e0   0x000000e8   Code   RO          131    i.Garage_2          trajectory.o
    0x080008c8   0x000000e8   Code   RO          132    i.Garage_3          trajectory.o
    0x080009b0   0x00000094   Code   RO          133    i.Garage_4          trajectory.o
    0x08000a44   0x00000114   Code   RO          134    i.Garage_5          trajectory.o
    0x08000b58   0x000000fc   Code   RO          135    i.Garage_6          trajectory.o
    0x08000c54   0x00000038   Code   RO          313    i.KEY_Init          key.o
    0x08000c8c   0x0000003c   Code   RO          301    i.LED_Init          led.o
    0x08000cc8   0x00000068   Code   RO          224    i.MYRCC_DeInit      sys.o
    0x08000d30   0x00000078   Code   RO          225    i.MY_NVIC_Init      sys.o
    0x08000da8   0x00000028   Code   RO          226    i.MY_NVIC_PriorityGroupConfig  sys.o
    0x08000dd0   0x00000014   Code   RO          227    i.MY_NVIC_SetVectorTable  sys.o
    0x08000de4   0x00000050   Code   RO          325    i.Motor_IO_Init     motor.o
    0x08000e34   0x0000009c   Code   RO          326    i.Motor_PWM_Init    motor.o
    0x08000ed0   0x00000038   Code   RO          351    i.Read_Encoder      encoder.o
    0x08000f08   0x00000090   Code   RO          228    i.Stm32_Clock_Init  sys.o
    0x08000f98   0x00000018   Code   RO          352    i.TIM2_IRQHandler   encoder.o
    0x08000fb0   0x00000018   Code   RO          353    i.TIM3_IRQHandler   encoder.o
    0x08000fc8   0x00000120   Code   RO           81    i.TIM5_IRQHandler   control.o
    0x080010e8   0x0000005c   Code   RO          385    i.TIM5_Int_Init     timer.o
    0x08001144   0x00000068   Code   RO          136    i.Turn_left_90_degrees  trajectory.o
    0x080011ac   0x0000006c   Code   RO          137    i.Turn_right_90_degrees  trajectory.o
    0x08001218   0x00000190   Code   RO          397    i.USART1_IRQHandler  usart1.o
    0x080013a8   0x00000040   Code   RO          193    i.delay_init        delay.o
    0x080013e8   0x0000003c   Code   RO          194    i.delay_ms          delay.o
    0x08001424   0x00000088   Code   RO           10    i.main              main.o
    0x080014ac   0x000000dc   Code   RO          398    i.uart1_init        usart1.o
    0x08001588   0x000002b0   Code   RO          453    x$fpl$ddiv          fz_ws.l(ddiv.o)
    0x08001838   0x0000005e   Code   RO          456    x$fpl$dfix          fz_ws.l(dfix.o)
    0x08001896   0x00000026   Code   RO          460    x$fpl$dfltu         fz_ws.l(dflt_clz.o)
    0x080018bc   0x00000154   Code   RO          466    x$fpl$dmul          fz_ws.l(dmul.o)
    0x08001a10   0x0000009c   Code   RO          491    x$fpl$dnaninf       fz_ws.l(dnaninf.o)
    0x08001aac   0x0000000c   Code   RO          493    x$fpl$dretinf       fz_ws.l(dretinf.o)
    0x08001ab8   0x000000c4   Code   RO          468    x$fpl$fadd          fz_ws.l(faddsub_clz.o)
    0x08001b7c   0x00000184   Code   RO          475    x$fpl$fdiv          fz_ws.l(fdiv.o)
    0x08001d00   0x0000003e   Code   RO          478    x$fpl$ffixu         fz_ws.l(ffixu.o)
    0x08001d3e   0x00000002   PAD
    0x08001d40   0x00000026   Code   RO          482    x$fpl$ffltu         fz_ws.l(fflt_clz.o)
    0x08001d66   0x00000002   PAD
    0x08001d68   0x00000102   Code   RO          488    x$fpl$fmul          fz_ws.l(fmul.o)
    0x08001e6a   0x0000008c   Code   RO          495    x$fpl$fnaninf       fz_ws.l(fnaninf.o)
    0x08001ef6   0x0000000a   Code   RO          497    x$fpl$fretinf       fz_ws.l(fretinf.o)
    0x08001f00   0x00000014   Code   RO          469    x$fpl$frsb          fz_ws.l(faddsub_clz.o)
    0x08001f14   0x000000ea   Code   RO          470    x$fpl$fsub          fz_ws.l(faddsub_clz.o)
    0x08001ffe   0x00000000   Code   RO          499    x$fpl$usenofp       fz_ws.l(usenofp.o)
    0x08001ffe   0x00000002   PAD
    0x08002000   0x00000020   Data   RO          652    Region$$Table       anon$$obj.o


    Execution Region RW_IRAM1 (Base: 0x20000000, Size: 0x000004b0, Max: 0x00010000, ABSOLUTE)

    Base Addr    Size         Type   Attr      Idx    E Section Name        Object

    0x20000000   0x00000038   Data   RW           11    .data               main.o
    0x20000038   0x00000003   Data   RW           82    .data               control.o
    0x2000003b   0x00000002   Data   RW          138    .data               trajectory.o
    0x2000003d   0x00000001   PAD
    0x2000003e   0x00000004   Data   RW          196    .data               delay.o
    0x20000042   0x00000009   Data   RW          399    .data               usart1.o
    0x2000004b   0x00000001   PAD
    0x2000004c   0x00000060   Zero   RW          526    .bss                c_w.l(libspace.o)
    0x200000ac   0x00000004   PAD
    0x200000b0   0x00000000   Zero   RW            2    HEAP                startup_stm32f10x_hd.o
    0x200000b0   0x00000400   Zero   RW            1    STACK               startup_stm32f10x_hd.o


==============================================================================

Image component sizes


      Code (inc. data)   RO Data    RW Data    ZI Data      Debug   Object Name

       580         62          0          3          0       1734   control.o
       124         12          0          4          0       1280   delay.o
       536         32          0          0          0       2707   encoder.o
       196         18          0          0          0       1020   exti.o
        56          8          0          0          0        451   key.o
        60          8          0          0          0        451   led.o
       136         14          0         56          0     208948   main.o
       236         26          0          0          0       1061   motor.o
        52         18        304          0       1024        840   startup_stm32f10x_hd.o
       588         58          0          0          0       3721   sys.o
        92         10          0          0          0        600   timer.o
      1652        124          0          2          0       5203   trajectory.o
       620         58          0          9          0      17587   usart1.o

    ----------------------------------------------------------------------
      4928        448        336         76       1024     245603   Object Totals
         0          0         32          0          0          0   (incl. Generated)
         0          0          0          2          0          0   (incl. Padding)

    ----------------------------------------------------------------------

      Code (inc. data)   RO Data    RW Data    ZI Data      Debug   Library Member Name

         8          0          0          0          0         68   __main.o
         0          0          0          0          0          0   __rtentry.o
        12          0          0          0          0          0   __rtentry2.o
         6          0          0          0          0          0   __rtentry4.o
        52          8          0          0          0          0   __scatter.o
        26          0          0          0          0          0   __scatter_copy.o
        28          0          0          0          0          0   __scatter_zi.o
        18          0          0          0          0         80   exit.o
         6          0          0          0          0        152   heapauxi.o
         0          0          0          0          0          0   indicate_semi.o
         2          0          0          0          0          0   libinit.o
         2          0          0          0          0          0   libinit2.o
         2          0          0          0          0          0   libshutdown.o
         2          0          0          0          0          0   libshutdown2.o
         8          4          0          0         96         68   libspace.o
         2          0          0          0          0          0   rtexit.o
        10          0          0          0          0          0   rtexit2.o
        12          4          0          0          0         68   sys_exit.o
        74          0          0          0          0         80   sys_stackheap_outer.o
         2          0          0          0          0         68   use_no_semi.o
       688        140          0          0          0        208   ddiv.o
        94          4          0          0          0         92   dfix.o
        38          0          0          0          0         68   dflt_clz.o
       340         12          0          0          0        104   dmul.o
       156          4          0          0          0         92   dnaninf.o
        12          0          0          0          0         68   dretinf.o
       450          8          0          0          0        236   faddsub_clz.o
       388         76          0          0          0         96   fdiv.o
        62          4          0          0          0         84   ffixu.o
        38          0          0          0          0         68   fflt_clz.o
       258          4          0          0          0         84   fmul.o
       140          4          0          0          0         84   fnaninf.o
        10          0          0          0          0         68   fretinf.o
         0          0          0          0          0          0   usenofp.o

    ----------------------------------------------------------------------
      2960        272          0          0        100       1936   Library Totals
        14          0          0          0          4          0   (incl. Padding)

    ----------------------------------------------------------------------

      Code (inc. data)   RO Data    RW Data    ZI Data      Debug   Library Name

       272         16          0          0         96        584   c_w.l
      2674        256          0          0          0       1352   fz_ws.l

    ----------------------------------------------------------------------
      2960        272          0          0        100       1936   Library Totals

    ----------------------------------------------------------------------

==============================================================================


      Code (inc. data)   RO Data    RW Data    ZI Data      Debug   

      7888        720        336         76       1124     244935   Grand Totals
      7888        720        336         76       1124     244935   ELF Image Totals
      7888        720        336         76          0          0   ROM Totals

==============================================================================

    Total RO  Size (Code + RO Data)                 8224 (   8.03kB)
    Total RW  Size (RW Data + ZI Data)              1200 (   1.17kB)
    Total ROM Size (Code + RO Data + RW Data)       8300 (   8.11kB)

==============================================================================

