C51 COMPILER V9.56.0.0   ADC                                                               11/03/2018 11:26:32 PAGE 1   


C51 COMPILER V9.56.0.0, COMPILATION OF MODULE ADC
OBJECT MODULE PLACED IN .\Output\ADC.obj
COMPILER INVOKED BY: F:\KEILC51+MDK\C51\BIN\C51.EXE STC15\ADC.c COMPACT OMF2 OPTIMIZE(9,SPEED) BROWSE INCDIR(.\App;.\Har
                    -dwareDrivers;.\STC15;.\App) DEBUG PRINT(.\Output\ADC.lst) OBJECT(.\Output\ADC.obj)

line level    source

   1          #include        "adc.h"
   2          
   3          
   4          //========================================================================
   5          // 函数: void   ADC_Inilize(ADC_InitTypeDef *ADCx)
   6          // 描述: ADC初始化程序.
   7          // 参数: ADCx: 结构参数,请参考adc.h里的定义.
   8          // 返回: none.
   9          // 版本: V1.0, 2012-10-22
  10          //========================================================================
  11          void    ADC_Inilize(ADC_InitTypeDef *ADCx)
  12          {
  13   1              P1ASF = ADCx->ADC_Px;
  14   1              ADC_CONTR = (ADC_CONTR & ~ADC_90T) | ADCx->ADC_Speed;
  15   1              if(ADCx->ADC_Power == ENABLE)   ADC_CONTR |= 0x80;
  16   1              else                                                    ADC_CONTR &= 0x7F;
  17   1              if(ADCx->ADC_AdjResult == ADC_RES_H2L8) PCON2 |=  (1<<5);       //10位AD结果的高2位放ADC_RES的低2位，低8位在ADC
             -_RESL。
  18   1              else                                                                    PCON2 &= ~(1<<5);       //10位AD结果的高8位放ADC_RES，低2位在ADC_RESL的低2位。
  19   1              if(ADCx->ADC_Interrupt == ENABLE)       EADC = 1;                       //中断允许              ENABLE,DISABLE
  20   1              else                                                            EADC = 0;
  21   1              if(ADCx->ADC_Polity == PolityHigh)      PADC = 1;               //优先级设置    PolityHigh,PolityLow
  22   1              else                                                            PADC = 0;
  23   1      }
  24          
  25          
  26          //========================================================================
  27          // 函数: void   ADC_PowerControl(u8 pwr)
  28          // 描述: ADC电源控制程序.
  29          // 参数: pwr: 电源控制,ENABLE或DISABLE.
  30          // 返回: none.
  31          // 版本: V1.0, 2012-10-22
  32          //========================================================================
  33          void    ADC_PowerControl(u8 pwr)
  34          {
  35   1              if(pwr == ENABLE)       ADC_CONTR |= 0x80;
  36   1              else                            ADC_CONTR &= 0x7f;
  37   1      }
  38          
  39          //========================================================================
  40          // 函数: u16    Get_ADC10bitResult(u8 channel)
  41          // 描述: 查询法读一次ADC结果.
  42          // 参数: channel: 选择要转换的ADC.
  43          // 返回: 10位ADC结果.
  44          // 版本: V1.0, 2012-10-22
  45          //========================================================================
  46          u16     Get_ADC10bitResult(u8 channel)  //channel = 0~7
  47          {
  48   1              u16     adc;
  49   1              u8      i;
  50   1      
  51   1              if(channel > ADC_CH7)   return  1024;   //错误,返回1024,调用的程序判断  
  52   1              ADC_RES = 0;
  53   1              ADC_RESL = 0;
C51 COMPILER V9.56.0.0   ADC                                                               11/03/2018 11:26:32 PAGE 2   

  54   1      
  55   1              ADC_CONTR = (ADC_CONTR & 0xe0) | ADC_START | channel; 
  56   1              NOP(4);                 //对ADC_CONTR操作后要4T之后才能访问
  57   1      
  58   1              for(i=0; i<250; i++)            //超时
  59   1              {
  60   2                      if(ADC_CONTR & ADC_FLAG)
  61   2                      {
  62   3                              ADC_CONTR &= ~ADC_FLAG;
  63   3                              if(PCON2 &  (1<<5))             //10位AD结果的高2位放ADC_RES的低2位，低8位在ADC_RESL。
  64   3                              {
  65   4                                      adc = (u16)(ADC_RES & 3);
  66   4                                      adc = (adc << 8) | ADC_RESL;
  67   4                              }
  68   3                              else            //10位AD结果的高8位放ADC_RES，低2位在ADC_RESL的低2位。
  69   3                              {
  70   4                                      adc = (u16)ADC_RES;
  71   4                                      adc = (adc << 2) | (ADC_RESL & 3);
  72   4                              }
  73   3                              return  adc;
  74   3                      }
  75   2              }
  76   1              return  1024;   //错误,返回1024,调用的程序判断
  77   1      }
  78          
  79          
  80          //========================================================================
  81          // 函数: void ADC_int(void) interrupt ADC_VECTOR
  82          // 描述: ADC中断函数.
  83          // 参数: none.
  84          // 返回: none.
  85          // 版本: V1.0, 2012-10-22
  86          //========================================================================
  87          void ADC_int (void) interrupt ADC_VECTOR
  88          {
  89   1              ADC_CONTR &= ~ADC_FLAG;
  90   1      }
  91          
  92          


MODULE INFORMATION:   STATIC OVERLAYABLE
   CODE SIZE        =    196    ----
   CONSTANT SIZE    =   ----    ----
   XDATA SIZE       =   ----    ----
   PDATA SIZE       =   ----    ----
   DATA SIZE        =   ----    ----
   IDATA SIZE       =   ----    ----
   BIT SIZE         =   ----    ----
   EDATA SIZE       =   ----    ----
   HDATA SIZE       =   ----    ----
   XDATA CONST SIZE =   ----    ----
   FAR CONST SIZE   =   ----    ----
END OF MODULE INFORMATION.


C51 COMPILATION COMPLETE.  0 WARNING(S),  0 ERROR(S)
