C51 COMPILER V9.59.0.0   AMPIRE12864                                                       03/13/2019 22:20:26 PAGE 1   


C51 COMPILER V9.59.0.0, COMPILATION OF MODULE AMPIRE12864
OBJECT MODULE PLACED IN .\Objects\AMPIRE12864.obj
COMPILER INVOKED BY: C:\Keil\C51\BIN\C51.EXE AMPIRE12864.c OPTIMIZE(8,SPEED) BROWSE DEBUG OBJECTEXTEND PRINT(.\Listings\
                    -AMPIRE12864.lst) OBJECT(.\Objects\AMPIRE12864.obj)

line level    source

   1          #include "AMPIRE12864.h"
   2          #include "ascllfont.h"
   3          
   4          
   5          void CheckState()
   6          {
   7   1               E = 1;
   8   1               RS = 0;
   9   1               RW = 1;
  10   1               LcdDataPort = 0xff;
  11   1               while(!busy);
  12   1      }
  13          
  14          void LcdDelay(unsigned int time)
  15          {
  16   1              while(time --);
  17   1      }
  18          
  19          void WriteData(uint8_t dat)
  20          {
  21   1       CheckState();
  22   1       E = 1;
  23   1       RS = 1;
  24   1       RW = 0;
  25   1       LcdDataPort = dat;
  26   1       E = 0;
  27   1      }
  28          void SendCommand(uint8_t command)
  29          {
  30   1       CheckState();
  31   1       E = 1;
  32   1       RW = 0;
  33   1       RS = 0;
  34   1       LcdDataPort = command;
  35   1       E = 0;
  36   1      }
  37          
  38          void SelectScreen(uint8_t screen) //0-全屏，1—左屏，2-右屏
  39          {
  40   1       switch(screen)
  41   1       {
  42   2               case 0 :
  43   2               CS1 = 0;
  44   2               LcdDelay(2);
  45   2               CS2 = 1;
  46   2               LcdDelay(2);
  47   2               break;
  48   2               case 1 :
  49   2               CS1 = 1;
  50   2               LcdDelay(2);
  51   2               CS2 = 0;
  52   2               LcdDelay(2);
  53   2               break;
  54   2               case 2 :
C51 COMPILER V9.59.0.0   AMPIRE12864                                                       03/13/2019 22:20:26 PAGE 2   

  55   2               CS1 = 0;
  56   2               LcdDelay(2);
  57   2               CS2 = 0;
  58   2               LcdDelay(2);
  59   2               break;
  60   2       }
  61   1      }
  62          
  63          void ClearScreen(uint8_t screen)  // screen 0-全屏，1—左屏，2-右屏
  64          {
  65   1       uint8_t i,j;
  66   1       SelectScreen(screen);
  67   1       for(i = 0;i < 8;i ++)
  68   1       {
  69   2               SetLine(i);
  70   2               SetColum(0);
  71   2               for(j = 0;j < 64; j ++)
  72   2               WriteData(0);
  73   2       }
  74   1      }
  75          
  76          void SetLine(uint8_t line)  //line -> 0 : 7
  77          {
  78   1               line = line & 0x07;
  79   1               line = line | 0xb8; //1011 1xxx
  80   1               SendCommand(line);
  81   1      }
  82          
  83          void SetColum(uint8_t column) //column -> 0 :63
  84          {
  85   1               column = column & 0x3f;
  86   1               column = column | 0x40;  //01xx xxxx
  87   1               SendCommand(column);
  88   1      }
  89          
  90          void SetStartLine(uint8_t startline) //startline -> 0 : 63
  91          {
  92   1               startline = startline & 0x3f;
  93   1               startline = startline | 0xc0; //11xxxxxx
  94   1               SendCommand(startline);
  95   1      }
  96          
  97          void SetOnOff(uint8_t onoff) //1-开显示 0-关
  98          {
  99   1               if(onoff == 1)
 100   1               SendCommand(0x3f);  //0011 111x
 101   1               else
 102   1               SendCommand(0x3e);
 103   1      }
 104          
 105          void SetClear(void)
 106          {
 107   1              LCD_ShowString(0, 0, "                ");
 108   1              LCD_ShowString(2, 0, "                ");
 109   1              LCD_ShowString(4, 0, "                ");
 110   1              LCD_ShowString(6, 0, "                ");
 111   1      }
 112          void ResetLcd()
 113          {
 114   1               Reset = 0;
 115   1               LcdDelay(2);
 116   1               Reset = 1;
C51 COMPILER V9.59.0.0   AMPIRE12864                                                       03/13/2019 22:20:26 PAGE 3   

 117   1               LcdDelay(2);
 118   1               RS0 = 0;
 119   1               LcdDelay(2);
 120   1               RS1 = 0;
 121   1               LcdDelay(2);
 122   1               SetOnOff(1);
 123   1      }
 124          
 125          void InitLcd()
 126          {
 127   1               ResetLcd();
 128   1              SendCommand(0x30);
 129   1               SetOnOff(0);
 130   1               ClearScreen(2);
 131   1               SetLine(0);
 132   1               SetColum(0);
 133   1               SetStartLine(0);
 134   1               SetOnOff(1);
 135   1      }
 136          
 137          void Show1616(uint8_t lin,uint8_t column,uint8_t *address)
 138          {
 139   1       uint8_t i;
 140   1              if(column < 64)
 141   1              {
 142   2                      SelectScreen(0);
 143   2              }
 144   1              else
 145   1              {
 146   2                      SelectScreen(1);
 147   2              }
 148   1               SetLine(lin);
 149   1               SetColum(column);
 150   1               for(i = 0;i < 16;i ++)
 151   1               WriteData(*(address ++));
 152   1               SetLine(lin + 1);
 153   1               SetColum(column);
 154   1               for(i = 0;i < 16;i ++)
 155   1               WriteData(*(address ++));
 156   1      }
 157          
 158          void Show1608(uint8_t lin,uint8_t column,uint8_t *address)
 159          {
 160   1               uint8_t i;
 161   1               SetLine(lin);
 162   1               SetColum(column);
 163   1               for(i = 0;i < 8;i ++)
 164   1               WriteData(*(address ++));
 165   1               SetLine(lin + 1);
 166   1               SetColum(column);
 167   1               for(i = 0;i < 8;i ++)
 168   1               WriteData(*(address ++));
 169   1      }
 170          
 171          void LCD_ShowChinaLanguage(uint8_t lin,uint8_t column,uint8_t *p, uint8_t Language_num)
 172          {
 173   1              uint8_t i = 0;
 174   1              column *= 16;
 175   1              while(Language_num > i ++)
 176   1              {
 177   2                      Show1616(lin, column, p);
 178   2                       p += 32;
C51 COMPILER V9.59.0.0   AMPIRE12864                                                       03/13/2019 22:20:26 PAGE 4   

 179   2                      column += 16;
 180   2              }
 181   1      }
 182          //在指定位置显示一个字符,包括部分字符
 183          //x:0~127
 184          //y:0~63                         
 185          void LCD_ShowChar(uint8_t lin,uint8_t column,uint8_t chr)
 186          { 
 187   1              if(column * 8 < 64)
 188   1              {
 189   2                      SelectScreen(0);
 190   2              }
 191   1              else
 192   1              {
 193   2                      SelectScreen(1);
 194   2              }
 195   1              chr = chr - ' ';//得到偏移后的值                                   
 196   1        Show1608(lin, column * 8, &led_asc2_1608[chr][0]);
 197   1      }
 198          //m^n函数
 199          unsigned long LCD_pow(uint8_t m,uint8_t n)
 200          {
 201   1              unsigned long result=1;  
 202   1              while(n--)result*=m;    
 203   1              return result;
 204   1      }                               
 205          
 206          //显示2个数字
 207          //x,y :起点坐标  
 208          //len :数字的位数
 209          //num:数值(0~4294967295);                         
 210          void LCD_ShowNumber(uint8_t lin,uint8_t column,unsigned long num,uint8_t len)
 211          {               
 212   1              uint8_t t,temp;
 213   1              uint8_t enshow=0;                                                  
 214   1              for(t = 0; t < len; t++)
 215   1              {
 216   2                      temp=(num/LCD_pow(10,len-t-1))%10;
 217   2                      if(enshow==0&&t<(len-1))
 218   2                      {
 219   3                              if(temp==0)
 220   3                              {
 221   4                                      LCD_ShowChar(lin, column, ' ');
 222   4                                      column += 1;
 223   4                                      continue;
 224   4                              }else enshow=1; 
 225   3                      }
 226   2                      LCD_ShowChar(lin, column, temp + '0');
 227   2                      column += 1;
 228   2              }
 229   1      } 
 230          
 231          //显示字符串
 232          //x,y:起点坐标  
 233          //*p:字符串起始地址
 234          //用16字体
 235          void LCD_ShowString(uint8_t lin,uint8_t column,const uint8_t *p)
 236          {      
 237   1          while(*p!='\0')
 238   1          {       
 239   2            LCD_ShowChar(lin, column, *p); 
 240   2            column++;
C51 COMPILER V9.59.0.0   AMPIRE12864                                                       03/13/2019 22:20:26 PAGE 5   

 241   2                              p++;
 242   2          }  
 243   1      }
 244          
 245          void LCD_ShowString_length(uint8_t lin,uint8_t column, uint8_t *p, uint8_t length)
 246          {      
 247   1          while(length-- > 0)
 248   1          {       
 249   2            LCD_ShowChar(lin, column, *p); 
 250   2            column++;
 251   2                              p++;
 252   2          }  
 253   1      }


MODULE INFORMATION:   STATIC OVERLAYABLE
   CODE SIZE        =    887    ----
   CONSTANT SIZE    =   2657    ----
   XDATA SIZE       =   ----    ----
   PDATA SIZE       =   ----    ----
   DATA SIZE        =   ----      46
   IDATA SIZE       =   ----    ----
   BIT SIZE         =   ----    ----
END OF MODULE INFORMATION.


C51 COMPILATION COMPLETE.  0 WARNING(S),  0 ERROR(S)
