<html>
<body>
<pre>
<h1>礦ision Build Log</h1>
<h2>Tool Versions:</h2>
IDE-Version: μVision V5.27.1.0
Copyright (C) 2019 ARM Ltd and ARM Germany GmbH. All rights reserved.
License Information:  ,  , LIC=D0D74-FQ4NL-UH38H-W0P9B-M63J9-GYQGS
 
Tool Versions:
Toolchain:       MDK-ARM Plus  Version: 5.27.1.0
Toolchain Path:  F:\KEIL\ARM\ARMCC\Bin
C Compiler:      Armcc.exe V5.06 update 6 (build 750)
Assembler:       Armasm.exe V5.06 update 6 (build 750)
Linker/Locator:  ArmLink.exe V5.06 update 6 (build 750)
Library Manager: ArmAr.exe V5.06 update 6 (build 750)
Hex Converter:   FromElf.exe V5.06 update 6 (build 750)
CPU DLL:         SARMCM3.DLL V5.27.1.0
Dialog DLL:      DCM.DLL V1.17.2.0
Target DLL:      CMSIS_AGDI.dll V1.31.17.0
Dialog DLL:      TCM.DLL V1.36.1.0
 
<h2>Project:</h2>
J:\新建文件夹\个人项目\陆test\智能花盆\test\智能花盆GizwitsMCUSTM32F103C8\USER\LSENS.uvprojx
Project File Date:  11/14/2018

<h2>Output:</h2>
*** Using Compiler 'V5.06 update 6 (build 750)', folder: 'F:\KEIL\ARM\ARMCC\Bin'
Build target 'LSENS'
compiling system_stm32f10x.c...
compiling led.c...
compiling stm32f10x_it.c...
compiling lsens.c...
compiling key.c...
compiling main.c...
main.c(34): warning:  #177-D: variable "key"  was declared but never referenced
  	int key  = 0 ;
main.c: 1 warning, 0 errors
compiling adc.c...
compiling delay.c...
compiling timer.c...
compiling usart3.c...
compiling timerfunc.c...
compiling rtc.c...
compiling usart2.c...
compiling sys.c...
assembling startup_stm32f10x_hd.s...
compiling core_cm3.c...
compiling usart.c...
compiling misc.c...
compiling stm32f10x_gpio.c...
compiling stm32f10x_adc.c...
compiling stm32f10x_fsmc.c...
compiling stm32f10x_rcc.c...
compiling stm32f10x_usart.c...
compiling stm32f10x_rtc.c...
compiling common.c...
compiling stm32f10x_pwr.c...
compiling stm32f10x_bkp.c...
compiling stm32f10x_tim.c...
compiling gizwits_product.c...
compiling gizwits_protocol.c...
compiling ringbuffer.c...
compiling dataPointTools.c...
linking...
Program Size: Code=24354 RO-data=742 RW-data=100 ZI-data=2308  
FromELF: creating hex file...
"..\OBJ\LSENS.axf" - 0 Error(s), 1 Warning(s).

<h2>Software Packages used:</h2>

Package Vendor: Keil
                http://www.keil.com/pack/Keil.STM32F1xx_DFP.2.2.0.pack
                Keil.STM32F1xx_DFP.2.2.0
                STMicroelectronics STM32F1 Series Device Support, Drivers and Examples

<h2>Collection of Component include folders:</h2>
  .\RTE\_LSENS
  F:\KEIL\Keil\STM32F1xx_DFP\2.2.0\Device\Include

<h2>Collection of Component Files used:</h2>
Build Time Elapsed:  00:00:08
</pre>
</body>
</html>
