
 Start         Length     Name                   Class
 0001:00000000 0005F57CH .text                   CODE
 0002:00000000 00002828H .data                   DATA
 0002:00002828 00000EB9H .bss                    BSS


Detailed map of segments

 0001:00000000 000088F7 C=CODE     S=.text    G=(none)   M=System   ACBP=A9
 0001:000088F8 0000022C C=CODE     S=.text    G=(none)   M=SysInit  ACBP=A9
 0001:00008B24 00000460 C=CODE     S=.text    G=(none)   M=Types    ACBP=A9
 0001:00008F84 00000580 C=CODE     S=.text    G=(none)   M=Windows  ACBP=A9
 0001:00009504 000004B8 C=CODE     S=.text    G=(none)   M=SysConst ACBP=A9
 0001:000099BC 0000BDD4 C=CODE     S=.text    G=(none)   M=SysUtils ACBP=A9
 0001:00015790 00000B87 C=CODE     S=.text    G=(none)   M=VarUtils ACBP=A9
 0001:00016318 0000AAC4 C=CODE     S=.text    G=(none)   M=Variants ACBP=A9
 0001:00020DDC 00000038 C=CODE     S=.text    G=(none)   M=Messages ACBP=A9
 0001:00020E14 00000388 C=CODE     S=.text    G=(none)   M=RTLConsts ACBP=A9
 0001:0002119C 000024D4 C=CODE     S=.text    G=(none)   M=TypInfo  ACBP=A9
 0001:00023670 00001D94 C=CODE     S=.text    G=(none)   M=ActiveX  ACBP=A9
 0001:00025404 0001332A C=CODE     S=.text    G=(none)   M=Classes  ACBP=A9
 0001:00038730 0000050C C=CODE     S=.text    G=(none)   M=SyncObjs ACBP=A9
 0001:00038C3C 000000A8 C=CODE     S=.text    G=(none)   M=ComConst ACBP=A9
 0001:00038CE4 00004119 C=CODE     S=.text    G=(none)   M=ComObj   ACBP=A9
 0001:0003CE00 00000851 C=CODE     S=.text    G=(none)   M=VCLCom   ACBP=A9
 0001:0003D654 00002C48 C=CODE     S=.text    G=(none)   M=Math     ACBP=A9
 0001:0004029C 00001360 C=CODE     S=.text    G=(none)   M=Contnrs  ACBP=A9
 0001:000415FC 00001FD3 C=CODE     S=.text    G=(none)   M=ConvUtils ACBP=A9
 0001:000435D0 000024C4 C=CODE     S=.text    G=(none)   M=DateUtils ACBP=A9
 0001:00045A94 00002218 C=CODE     S=.text    G=(none)   M=IniFiles ACBP=A9
 0001:00047CAC 0000088C C=CODE     S=.text    G=(none)   M=Masks    ACBP=A9
 0001:00048538 00002F48 C=CODE     S=.text    G=(none)   M=Registry ACBP=A9
 0001:0004B480 00001F14 C=CODE     S=.text    G=(none)   M=StdConvs ACBP=A9
 0001:0004D394 0000016C C=CODE     S=.text    G=(none)   M=StdVCL   ACBP=A9
 0001:0004D500 00000E20 C=CODE     S=.text    G=(none)   M=StrUtils ACBP=A9
 0001:0004E320 00000C2F C=CODE     S=.text    G=(none)   M=VarConv  ACBP=A9
 0001:0004EF50 000028F7 C=CODE     S=.text    G=(none)   M=VarCmplx ACBP=A9
 0001:00051848 00000C08 C=CODE     S=.text    G=(none)   M=MaskUtils ACBP=A9
 0001:00052450 000010C8 C=CODE     S=.text    G=(none)   M=HelpIntfs ACBP=A9
 0001:00053518 00000138 C=CODE     S=.text    G=(none)   M=WinSock  ACBP=A9
 0001:00053650 00004538 C=CODE     S=.text    G=(none)   M=ScktComp ACBP=A9
 0001:00057B88 00000038 C=CODE     S=.text    G=(none)   M=AccCtrl  ACBP=A9
 0001:00057BC0 00000038 C=CODE     S=.text    G=(none)   M=AclAPI   ACBP=A9
 0001:00057BF8 000005D4 C=CODE     S=.text    G=(none)   M=Mtx      ACBP=A9
 0001:000581CC 00000C6C C=CODE     S=.text    G=(none)   M=ComSvcs  ACBP=A9
 0001:00058E38 00000FE4 C=CODE     S=.text    G=(none)   M=ADOInt   ACBP=A9
 0001:00059E1C 00000A24 C=CODE     S=.text    G=(none)   M=AspTlb   ACBP=A9
 0001:0005A840 0000019C C=CODE     S=.text    G=(none)   M=COMAdmin ACBP=A9
 0001:0005A9DC 00000038 C=CODE     S=.text    G=(none)   M=CommCtrl ACBP=A9
 0001:0005AA14 00000038 C=CODE     S=.text    G=(none)   M=ShellAPI ACBP=A9
 0001:0005AA4C 00000038 C=CODE     S=.text    G=(none)   M=RegStr   ACBP=A9
 0001:0005AA84 00000038 C=CODE     S=.text    G=(none)   M=WinInet  ACBP=A9
 0001:0005AABC 00000038 C=CODE     S=.text    G=(none)   M=UrlMon   ACBP=A9
 0001:0005AAF4 00000038 C=CODE     S=.text    G=(none)   M=ShlObj   ACBP=A9
 0001:0005AB2C 00000038 C=CODE     S=.text    G=(none)   M=CommDlg  ACBP=A9
 0001:0005AB64 00000038 C=CODE     S=.text    G=(none)   M=Cpl      ACBP=A9
 0001:0005AB9C 00000038 C=CODE     S=.text    G=(none)   M=DDEml    ACBP=A9
 0001:0005ABD4 00000038 C=CODE     S=.text    G=(none)   M=Dlgs     ACBP=A9
 0001:0005AC0C 0000036B C=CODE     S=.text    G=(none)   M=FlatSB   ACBP=A9
 0001:0005AF78 00000238 C=CODE     S=.text    G=(none)   M=ImageHlp ACBP=A9
 0001:0005B1B0 00000038 C=CODE     S=.text    G=(none)   M=Imm      ACBP=A9
 0001:0005B1E8 00000038 C=CODE     S=.text    G=(none)   M=Isapi    ACBP=A9
 0001:0005B220 00000038 C=CODE     S=.text    G=(none)   M=Isapi2   ACBP=A9
 0001:0005B258 00000038 C=CODE     S=.text    G=(none)   M=LZExpand ACBP=A9
 0001:0005B290 00000670 C=CODE     S=.text    G=(none)   M=Mapi     ACBP=A9
 0001:0005B900 00000038 C=CODE     S=.text    G=(none)   M=MMSystem ACBP=A9
 0001:0005B938 0000139C C=CODE     S=.text    G=(none)   M=msxml    ACBP=A9
 0001:0005CCD4 0000079F C=CODE     S=.text    G=(none)   M=MultiMon ACBP=A9
 0001:0005D474 00000038 C=CODE     S=.text    G=(none)   M=Nb30     ACBP=A9
 0001:0005D4AC 00000038 C=CODE     S=.text    G=(none)   M=Nsapi    ACBP=A9
 0001:0005D4E4 00000038 C=CODE     S=.text    G=(none)   M=Ns30Fix  ACBP=A9
 0001:0005D51C 00000038 C=CODE     S=.text    G=(none)   M=Ns35Fix  ACBP=A9
 0001:0005D554 00000038 C=CODE     S=.text    G=(none)   M=Ns36Fix  ACBP=A9
 0001:0005D58C 00001B5C C=CODE     S=.text    G=(none)   M=OleDB    ACBP=A9
 0001:0005F0E8 00000038 C=CODE     S=.text    G=(none)   M=OleDlg   ACBP=A9
 0001:0005F120 00000043 C=CODE     S=.text    G=(none)   M=OpenGL   ACBP=A9
 0001:0005F164 00000038 C=CODE     S=.text    G=(none)   M=PenWin   ACBP=A9
 0001:0005F19C 00000038 C=CODE     S=.text    G=(none)   M=PsAPI    ACBP=A9
 0001:0005F1D4 00000038 C=CODE     S=.text    G=(none)   M=RichEdit ACBP=A9
 0001:0005F20C 00000038 C=CODE     S=.text    G=(none)   M=SHFolder ACBP=A9
 0001:0005F244 00000038 C=CODE     S=.text    G=(none)   M=TlHelp32 ACBP=A9
 0001:0005F27C 00000038 C=CODE     S=.text    G=(none)   M=WinSpool ACBP=A9
 0001:0005F2B4 00000038 C=CODE     S=.text    G=(none)   M=WinSvc   ACBP=A9
 0001:0005F2EC 0000028D C=CODE     S=.text    G=(none)   M=rtl      ACBP=A9
 0002:00000000 000002F0 C=DATA     S=.data    G=DGROUP   M=System   ACBP=A9
 0002:000002F0 00000028 C=DATA     S=.data    G=DGROUP   M=SysInit  ACBP=A9
 0002:00000318 0000029C C=DATA     S=.data    G=DGROUP   M=SysUtils ACBP=A9
 0002:000005B4 00000110 C=DATA     S=.data    G=DGROUP   M=VarUtils ACBP=A9
 0002:000006C4 0000018E C=DATA     S=.data    G=DGROUP   M=Variants ACBP=A9
 0002:00000854 0000000C C=DATA     S=.data    G=DGROUP   M=TypInfo  ACBP=A9
 0002:00000860 000001B0 C=DATA     S=.data    G=DGROUP   M=ActiveX  ACBP=A9
 0002:00000A10 00000118 C=DATA     S=.data    G=DGROUP   M=Classes  ACBP=A9
 0002:00000B28 00000044 C=DATA     S=.data    G=DGROUP   M=ComObj   ACBP=A9
 0002:00000B6C 00000010 C=DATA     S=.data    G=DGROUP   M=Math     ACBP=A9
 0002:00000B7C 00000008 C=DATA     S=.data    G=DGROUP   M=Contnrs  ACBP=A9
 0002:00000B84 0000000C C=DATA     S=.data    G=DGROUP   M=ConvUtils ACBP=A9
 0002:00000B90 00000022 C=DATA     S=.data    G=DGROUP   M=DateUtils ACBP=A9
 0002:00000BB4 00000008 C=DATA     S=.data    G=DGROUP   M=IniFiles ACBP=A9
 0002:00000BBC 00000008 C=DATA     S=.data    G=DGROUP   M=Registry ACBP=A9
 0002:00000BC4 00000040 C=DATA     S=.data    G=DGROUP   M=StdVCL   ACBP=A9
 0002:00000C04 0000005E C=DATA     S=.data    G=DGROUP   M=StrUtils ACBP=A9
 0002:00000C64 00000003 C=DATA     S=.data    G=DGROUP   M=VarConv  ACBP=A9
 0002:00000C68 0000001C C=DATA     S=.data    G=DGROUP   M=VarCmplx ACBP=A9
 0002:00000C84 00000009 C=DATA     S=.data    G=DGROUP   M=MaskUtils ACBP=A9
 0002:00000C90 00000050 C=DATA     S=.data    G=DGROUP   M=Mtx      ACBP=A9
 0002:00000CE0 000004D0 C=DATA     S=.data    G=DGROUP   M=ComSvcs  ACBP=A9
 0002:000011B0 00000240 C=DATA     S=.data    G=DGROUP   M=ADOInt   ACBP=A9
 0002:000013F0 00000070 C=DATA     S=.data    G=DGROUP   M=COMAdmin ACBP=A9
 0002:00001460 00000039 C=DATA     S=.data    G=DGROUP   M=Mapi     ACBP=A9
 0002:0000149C 00000230 C=DATA     S=.data    G=DGROUP   M=msxml    ACBP=A9
 0002:000016CC 00000D70 C=DATA     S=.data    G=DGROUP   M=OleDB    ACBP=A9
 0002:00003000 00000714 C=BSS      S=.bss     G=DGROUP   M=System   ACBP=A9
 0002:00003714 00000018 C=BSS      S=.bss     G=DGROUP   M=SysInit  ACBP=A9
 0002:0000372C 00000004 C=BSS      S=.bss     G=DGROUP   M=Types    ACBP=A9
 0002:00003730 00000004 C=BSS      S=.bss     G=DGROUP   M=Windows  ACBP=A9
 0002:00003734 00000004 C=BSS      S=.bss     G=DGROUP   M=SysConst ACBP=A9
 0002:00003738 00000124 C=BSS      S=.bss     G=DGROUP   M=SysUtils ACBP=A9
 0002:0000385C 0000005C C=BSS      S=.bss     G=DGROUP   M=VarUtils ACBP=A9
 0002:000038B8 00000184 C=BSS      S=.bss     G=DGROUP   M=Variants ACBP=A9
 0002:00003A3C 00000004 C=BSS      S=.bss     G=DGROUP   M=Messages ACBP=A9
 0002:00003A40 00000004 C=BSS      S=.bss     G=DGROUP   M=RTLConsts ACBP=A9
 0002:00003A44 00000004 C=BSS      S=.bss     G=DGROUP   M=TypInfo  ACBP=A9
 0002:00003A48 00000004 C=BSS      S=.bss     G=DGROUP   M=ActiveX  ACBP=A9
 0002:00003A4C 00000044 C=BSS      S=.bss     G=DGROUP   M=Classes  ACBP=A9
 0002:00003A90 00000004 C=BSS      S=.bss     G=DGROUP   M=SyncObjs ACBP=A9
 0002:00003A94 00000004 C=BSS      S=.bss     G=DGROUP   M=ComConst ACBP=A9
 0002:00003A98 00000011 C=BSS      S=.bss     G=DGROUP   M=ComObj   ACBP=A9
 0002:00003AAC 00000004 C=BSS      S=.bss     G=DGROUP   M=VCLCom   ACBP=A9
 0002:00003AB0 00000004 C=BSS      S=.bss     G=DGROUP   M=Math     ACBP=A9
 0002:00003AB4 00000004 C=BSS      S=.bss     G=DGROUP   M=Contnrs  ACBP=A9
 0002:00003AB8 00000018 C=BSS      S=.bss     G=DGROUP   M=ConvUtils ACBP=A9
 0002:00003AD0 00000004 C=BSS      S=.bss     G=DGROUP   M=DateUtils ACBP=A9
 0002:00003AD4 00000004 C=BSS      S=.bss     G=DGROUP   M=IniFiles ACBP=A9
 0002:00003AD8 00000004 C=BSS      S=.bss     G=DGROUP   M=Masks    ACBP=A9
 0002:00003ADC 00000004 C=BSS      S=.bss     G=DGROUP   M=Registry ACBP=A9
 0002:00003AE0 00000118 C=BSS      S=.bss     G=DGROUP   M=StdConvs ACBP=A9
 0002:00003BF8 00000004 C=BSS      S=.bss     G=DGROUP   M=StdVCL   ACBP=A9
 0002:00003BFC 00000004 C=BSS      S=.bss     G=DGROUP   M=StrUtils ACBP=A9
 0002:00003C00 00000008 C=BSS      S=.bss     G=DGROUP   M=VarConv  ACBP=A9
 0002:00003C08 00000004 C=BSS      S=.bss     G=DGROUP   M=VarCmplx ACBP=A9
 0002:00003C0C 00000004 C=BSS      S=.bss     G=DGROUP   M=MaskUtils ACBP=A9
 0002:00003C10 00000008 C=BSS      S=.bss     G=DGROUP   M=HelpIntfs ACBP=A9
 0002:00003C18 00000004 C=BSS      S=.bss     G=DGROUP   M=WinSock  ACBP=A9
 0002:00003C1C 00000194 C=BSS      S=.bss     G=DGROUP   M=ScktComp ACBP=A9
 0002:00003DB0 00000004 C=BSS      S=.bss     G=DGROUP   M=AccCtrl  ACBP=A9
 0002:00003DB4 00000004 C=BSS      S=.bss     G=DGROUP   M=AclAPI   ACBP=A9
 0002:00003DB8 00000004 C=BSS      S=.bss     G=DGROUP   M=Mtx      ACBP=A9
 0002:00003DBC 00000004 C=BSS      S=.bss     G=DGROUP   M=ComSvcs  ACBP=A9
 0002:00003DC0 00000004 C=BSS      S=.bss     G=DGROUP   M=ADOInt   ACBP=A9
 0002:00003DC4 00000004 C=BSS      S=.bss     G=DGROUP   M=AspTlb   ACBP=A9
 0002:00003DC8 00000004 C=BSS      S=.bss     G=DGROUP   M=COMAdmin ACBP=A9
 0002:00003DCC 00000004 C=BSS      S=.bss     G=DGROUP   M=CommCtrl ACBP=A9
 0002:00003DD0 00000004 C=BSS      S=.bss     G=DGROUP   M=ShellAPI ACBP=A9
 0002:00003DD4 00000004 C=BSS      S=.bss     G=DGROUP   M=RegStr   ACBP=A9
 0002:00003DD8 00000004 C=BSS      S=.bss     G=DGROUP   M=WinInet  ACBP=A9
 0002:00003DDC 00000004 C=BSS      S=.bss     G=DGROUP   M=UrlMon   ACBP=A9
 0002:00003DE0 00000004 C=BSS      S=.bss     G=DGROUP   M=ShlObj   ACBP=A9
 0002:00003DE4 00000004 C=BSS      S=.bss     G=DGROUP   M=CommDlg  ACBP=A9
 0002:00003DE8 00000004 C=BSS      S=.bss     G=DGROUP   M=Cpl      ACBP=A9
 0002:00003DEC 00000004 C=BSS      S=.bss     G=DGROUP   M=DDEml    ACBP=A9
 0002:00003DF0 00000004 C=BSS      S=.bss     G=DGROUP   M=Dlgs     ACBP=A9
 0002:00003DF4 00000034 C=BSS      S=.bss     G=DGROUP   M=FlatSB   ACBP=A9
 0002:00003E28 00000004 C=BSS      S=.bss     G=DGROUP   M=ImageHlp ACBP=A9
 0002:00003E2C 00000004 C=BSS      S=.bss     G=DGROUP   M=Imm      ACBP=A9
 0002:00003E30 00000004 C=BSS      S=.bss     G=DGROUP   M=Isapi    ACBP=A9
 0002:00003E34 00000004 C=BSS      S=.bss     G=DGROUP   M=Isapi2   ACBP=A9
 0002:00003E38 00000004 C=BSS      S=.bss     G=DGROUP   M=LZExpand ACBP=A9
 0002:00003E3C 00000004 C=BSS      S=.bss     G=DGROUP   M=Mapi     ACBP=A9
 0002:00003E40 00000004 C=BSS      S=.bss     G=DGROUP   M=MMSystem ACBP=A9
 0002:00003E44 00000004 C=BSS      S=.bss     G=DGROUP   M=msxml    ACBP=A9
 0002:00003E48 00000031 C=BSS      S=.bss     G=DGROUP   M=MultiMon ACBP=A9
 0002:00003E7C 00000004 C=BSS      S=.bss     G=DGROUP   M=Nb30     ACBP=A9
 0002:00003E80 00000004 C=BSS      S=.bss     G=DGROUP   M=Nsapi    ACBP=A9
 0002:00003E84 00000004 C=BSS      S=.bss     G=DGROUP   M=Ns30Fix  ACBP=A9
 0002:00003E88 00000004 C=BSS      S=.bss     G=DGROUP   M=Ns35Fix  ACBP=A9
 0002:00003E8C 00000004 C=BSS      S=.bss     G=DGROUP   M=Ns36Fix  ACBP=A9
 0002:00003E90 00000004 C=BSS      S=.bss     G=DGROUP   M=OleDB    ACBP=A9
 0002:00003E94 00000004 C=BSS      S=.bss     G=DGROUP   M=OleDlg   ACBP=A9
 0002:00003E98 00000004 C=BSS      S=.bss     G=DGROUP   M=OpenGL   ACBP=A9
 0002:00003E9C 00000004 C=BSS      S=.bss     G=DGROUP   M=PenWin   ACBP=A9
 0002:00003EA0 00000004 C=BSS      S=.bss     G=DGROUP   M=PsAPI    ACBP=A9
 0002:00003EA4 00000004 C=BSS      S=.bss     G=DGROUP   M=RichEdit ACBP=A9
 0002:00003EA8 00000004 C=BSS      S=.bss     G=DGROUP   M=SHFolder ACBP=A9
 0002:00003EAC 00000004 C=BSS      S=.bss     G=DGROUP   M=TlHelp32 ACBP=A9
 0002:00003EB0 00000004 C=BSS      S=.bss     G=DGROUP   M=WinSpool ACBP=A9
 0002:00003EB4 00000004 C=BSS      S=.bss     G=DGROUP   M=WinSvc   ACBP=A9


  Address         Publics by Name

 0002:00003724       .1
 0002:00003EA4       .1
 0002:00003EA0       .1
 0002:00003BF8       .1
 0002:0000372C       .1
 0002:00003BFC       .1
 0002:00003DE8       .1
 0002:00003C18       .1
 0002:00003DB0       .1
 0002:00003DB4       .1
 0002:00003DBC       .1
 0002:00003DB8       .1
 0002:00003DE4       .1
 0002:00003E90       .1
 0002:00003DE0       .1
 0002:0000385C       .1
 0002:00003734       .1
 0002:00003AD0       .1
 0002:00003E8C       .1
 0002:00003DDC       .1
 0002:00003DD8       .1
 0002:00003EA8       .1
 0002:00003DC8       .1
 0002:00003E94       .1
 0002:00003E98       .1
 0002:00003E9C       .1
 0002:00003EAC       .1
 0002:00003E3C       .1
 0002:00003EB4       .1
 0002:00003E38       .1
 0002:00003E34       .1
 0002:00003E88       .1
 0002:00003DD4       .1
 0002:00003E84       .1
 0002:00003A40       .1
 0002:00003A3C       .1
 0002:00003E80       .1
 0002:00003DD0       .1
 0002:00003E30       .1
 0002:00003E2C       .1
 0002:00003DCC       .1
 0002:00003C00       .1
 0002:00003A94       .1
 0002:00003BF4       .1
 0002:00003E7C       .1
 0002:00003E68       .1
 0002:00003E28       .1
 0002:00003E14       .1
 0002:00003C08       .1
 0002:00003DF0       .1
 0002:00003DEC       .1
 0002:00003AB0       .2
 0002:00003C0C       .2
 0002:00003AAC       .2
 0002:00003C10       .2
 0002:00003AB4       .21
 0002:00003EB0       .3
 0002:00003730       .3
 0002:00003A48       .3
 0002:00003DC4       .3
 0002:00003AD8       .3
 0002:00003A54       .35
 0002:00003C1C       .41
 0002:00003A98       .41
 0002:00003AB8       .5
 0002:00003ADC       .5
 0002:00003DC0       .5
 0002:000035C4       .5
 0002:00003E44       .6
 0002:00003A90       .6
 0002:00003A44       .6
 0002:00003E40       .7
 0002:00003AD4       .8
 0002:000038D8       .81
 0002:00003848       .94
 0001:000027B0       @AbstractError
 0001:00006A20       @AddRef
 0001:00006960       @AddRefArray
 0001:00006930       @AddRefRecord
 0001:00004B10       @AfterConstruction
 0001:0000283C       @Append
 0001:000048DC       @AsClass
 0001:00005784       @Assert
 0001:00002AA0       @Assign
 0001:00002DA0       @AStrCmp
 0001:00004B20       @BeforeDestruction
 0001:00002C04       @BlockRead
 0001:00002C24       @BlockWrite
 0001:0000465C       @BoundErr
 0001:00004940       @CallDynaClass
 0001:00004928       @CallDynaInst
 0001:000081DC       @CheckAutoResult
 0001:00004AB8       @ClassCreate
 0001:00004B08       @ClassDestroy
 0001:00002C44       @Close
 0001:000035D4       @CloseFile
 0001:00002224       @Copy
 0001:00006B60       @CopyArray
 0001:00006B48       @CopyObject
 0001:00006A2C       @CopyRecord
 0001:00002704       @COS
 0001:00002268       @Delete
 0001:00006FB0       @DispCallByIDError
 0001:00006DA8       @DispInvoke
 0001:00006C68       @Dispose
 0001:00005060       @DoneExcept
 0001:00007940       @DynArrayAddRef
 0001:00007918       @DynArrayAsg
 0001:000078DC       @DynArrayClear
 0001:000077C8       @DynArrayCopy
 0001:000077E8       @DynArrayCopyRange
 0001:00007608       @DynArrayHigh
 0001:00007600       @DynArrayLength
 0001:000077BC       @DynArraySetLength
 0001:00003DD0       @EmitDigits
 0001:00002E10       @EofFile
 0001:00002E2C       @EofText
 0001:00002E64       @Eoln
 0001:00002EBC       @Erase
 0001:00005148       @ExceptionHandler
 0001:00002714       @EXP
 0001:00004478       @Ext2Real
 0001:00004548       @Fail
 0001:00003060       @FilePos
 0001:000030B0       @FileSize
 0001:000030FC       @FillChar
 0001:00006924       @Finalize
 0001:00006838       @FinalizeArray
 0001:00006804       @FinalizeRecord
 0001:0000496C       @FindDynaClass
 0001:00004954       @FindDynaInst
 0001:00002B5C       @Flush
 0001:00004650       @FpuInit
 0001:0000458C       @FpuMaskInit
 0001:0000275C       @FRAC
 0001:00001FE4       @FreeMem
 0001:00002EFC       @FSafeDivide
 0001:00002EF4       @FSafeDivideR
 0001:00001FC4       @GetMem
 0001:0005F554       @GetPackageInfoTable
 0001:00008A00       @GetTls
 0001:00005764       @Halt
 0001:0000568C       @Halt0
 0001:00004C34       @HandleAnyException
 0001:00004F20       @HandleAutoException
 0001:00004EE8       @HandleFinally
 0001:00004D60       @HandleOnException
 0001:000067F8       @Initialize
 0001:00006764       @InitializeArray
 0001:00006734       @InitializeRecord
 0001:00005534       @InitImports
 0001:00008A70       @InitPkg
 0001:0000550C       @InitResStringImports
 0001:000054E8       @InitResStrings
 0001:00005558       @InitWideStrings
 0001:00002380       @Insert
 0001:0000272C       @INT
 0001:0000809C       @IntfAddRef
 0001:00008070       @IntfCast
 0001:0000802C       @IntfClear
 0001:00008044       @IntfCopy
 0001:00006FA8       @IntfDispCall
 0001:00006FB8       @IntfVarCall
 0001:00004664       @IntOver
 0001:000048B8       @IsClass
 0001:0000455C       @isNECWindows
 0001:00002298       @LGetDir
 0001:00005CF4       @LStrAddRef
 0001:0000584C       @LStrArrayClr
 0001:0000587C       @LStrAsg
 0001:00005B14       @LStrCat
 0001:00005B58       @LStrCat3
 0001:00005BCC       @LStrCatN
 0001:00005828       @LStrClr
 0001:00005C50       @LStrCmp
 0001:00005D6C       @LStrCopy
 0001:00005DAC       @LStrDelete
 0001:00005AA0       @LStrFromArray
 0001:00005A08       @LStrFromChar
 0001:00005A28       @LStrFromPChar
 0001:00005918       @LStrFromPCharLen
 0001:00005A58       @LStrFromPWChar
 0001:0000597C       @LStrFromPWCharLen
 0001:00005A94       @LStrFromString
 0001:00005AB8       @LStrFromWArray
 0001:00005A18       @LStrFromWChar
 0001:00005AD4       @LStrFromWStr
 0001:00005DF4       @LStrInsert
 0001:000058C0       @LStrLAsg
 0001:00005B0C       @LStrLen
 0001:00005EFC       @LStrOfChar
 0001:00005E50       @LStrPos
 0001:00005E98       @LStrSetLength
 0001:00005D04       @LStrToPChar
 0001:00005AE8       @LStrToString
 0001:00006C54       @New
 0001:000058EC       @NewAnsiString
 0001:000060AC       @NewWideString
 0001:00004524       @ObjCopy
 0001:000044C4       @ObjSetup
 0001:00006EAC       @OleVarFromInt
 0001:00006E9C       @OleVarFromLStr
 0001:00006E94       @OleVarFromPStr
 0001:00006EA4       @OleVarFromVar
 0001:000052F0       @PackageLoad
 0001:0005F55C       @PackageLoad
 0001:00008AD4       @PackageLoad
 0001:00008AE0       @PackageUnload
 0001:0005F568       @PackageUnload
 0001:00005368       @PackageUnload
 0001:00002620       @Pos
 0001:00004168       @Pow10
 0001:00002C9C       @PStrCat
 0001:00002D1C       @PStrCmp
 0001:00002CF4       @PStrCpy
 0001:00002CC4       @PStrNCat
 0001:00002D00       @PStrNCpy
 0001:0000500C       @RaiseAgain
 0001:00004FE4       @RaiseExcept
 0001:00003140       @RandExt
 0001:00003124       @RandInt
 0001:000031F0       @ReadChar
 0001:00003334       @ReadCString
 0001:000034E8       @ReadExt
 0001:00007384       @ReadInt64
 0001:00003540       @ReadLn
 0001:0000325C       @ReadLong
 0001:00003340       @ReadLString
 0001:00003168       @ReadRec
 0001:00003328       @ReadString
 0001:000033D0       @ReadWChar
 0001:00003428       @ReadWCString
 0001:0000349C       @ReadWString
 0001:00004448       @Real2Ext
 0001:00002004       @ReallocMem
 0001:00003570       @Rename
 0001:000036DC       @ResetFile
 0001:00002824       @ResetText
 0001:000036F8       @RewritFile
 0001:00002830       @RewritText
 0001:00002780       @ROUND
 0001:00005770       @Run0Error
 0001:00005778       @RunError
 0001:00003E40       @ScaleExt
 0001:00003704       @Seek
 0001:00003738       @SeekEof
 0001:00003758       @SeekEoln
 0001:00003C9C       @SetElem
 0001:00003D18       @SetEq
 0001:00003DB0       @SetExpand
 0001:00003D3C       @SetIntersect
 0001:00003D48       @SetIntersect3
 0001:00003D2C       @SetLe
 0001:00002660       @SetLength
 0001:00003CC0       @SetRange
 0001:00002664       @SetString
 0001:00003D84       @SetSub
 0001:00003D94       @SetSub3
 0001:00003784       @SetTextBuf
 0001:00003D60       @SetUnion
 0001:00003D6C       @SetUnion3
 0001:00002310       @SGetDir
 0001:0000274C       @SIN
 0001:000053E0       @StartExe
 0001:00005420       @StartLib
 0001:00004040       @Str0Ext
 0001:00007338       @Str0Int64
 0001:0000380C       @Str0Long
 0001:00004050       @Str1Ext
 0001:00003E84       @Str2Ext
 0001:00007278       @StrInt64
 0001:0000090C       @strlen
 0001:000037AC       @StrLong
 0001:0000278C       @TRUNC
 0001:00003818       @Truncate
 0001:00005090       @TryFinallyExit
 0001:00005D5C       @UniqueStringA
 0001:00005D68       @UniqueStringW
 0001:0000405C       @ValExt
 0001:000073DC       @ValInt64
 0001:00003844       @ValLong
 0001:00006EB4       @VarAdd
 0001:00006FA0       @VarAddRef
 0001:00006EF0       @VarAnd
 0001:00006FD4       @VarArrayGet
 0001:00006FE0       @VarArrayPut
 0001:00006FCC       @VarArrayRedim
 0001:00006DC0       @VarCast
 0001:00006DC8       @VarCastOle
 0001:00006DB0       @VarClear
 0001:00006F98       @VarClr
 0001:00006F38       @VarCmpEQ
 0001:00006F74       @VarCmpGE
 0001:00006F68       @VarCmpGT
 0001:00006F5C       @VarCmpLE
 0001:00006F50       @VarCmpLT
 0001:00006F44       @VarCmpNE
 0001:00006DB8       @VarCopy
 0001:00006F90       @VarCopyNoInd
 0001:00006ED8       @VarDiv
 0001:00006E44       @VarFromBool
 0001:00006E5C       @VarFromCurr
 0001:00006E84       @VarFromDisp
 0001:00006E8C       @VarFromDynArray
 0001:00006E28       @VarFromInt
 0001:00006E30       @VarFromInt64
 0001:00006E7C       @VarFromIntf
 0001:00006E6C       @VarFromLStr
 0001:00006E64       @VarFromPStr
 0001:00006E4C       @VarFromReal
 0001:00006E54       @VarFromTDateTime
 0001:00006E74       @VarFromWStr
 0001:00006EE4       @VarMod
 0001:00006ECC       @VarMul
 0001:00006F80       @VarNeg
 0001:00006F88       @VarNot
 0001:00006EFC       @VarOr
 0001:00006F2C       @VarRDiv
 0001:00006F14       @VarShl
 0001:00006F20       @VarShr
 0001:00006EC0       @VarSub
 0001:00006DE0       @VarToBool
 0001:00006DF0       @VarToCurr
 0001:00006E18       @VarToDisp
 0001:00006E20       @VarToDynArray
 0001:00006DD0       @VarToInt
 0001:00006DD8       @VarToInt64
 0001:00006E10       @VarToIntf
 0001:00006E00       @VarToLStr
 0001:00006DF8       @VarToPStr
 0001:00006DE8       @VarToReal
 0001:00006E08       @VarToWStr
 0001:00006F08       @VarXor
 0001:00003AE0       @Write0Bool
 0001:00003A6C       @Write0Char
 0001:00003B64       @Write0CString
 0001:00003BDC       @Write0Ext
 0001:0000737C       @Write0Int64
 0001:00003B28       @Write0Long
 0001:00005F28       @Write0LString
 0001:00003B30       @Write0String
 0001:00006FC4       @Write0Variant
 0001:0000603C       @Write0WChar
 0001:00005FC4       @Write0WCString
 0001:00005F50       @Write0WString
 0001:00003BD0       @Write1Ext
 0001:00003B9C       @Write2Ext
 0001:00003ACC       @WriteBool
 0001:0000399C       @WriteBytes
 0001:00003AA8       @WriteChar
 0001:00003B6C       @WriteCString
 0001:00007354       @WriteInt64
 0001:00003BEC       @WriteLn
 0001:00003AE8       @WriteLong
 0001:00005F30       @WriteLString
 0001:00003910       @WriteRec
 0001:000039F0       @WriteSpaces
 0001:00003B3C       @WriteString
 0001:00006FBC       @WriteVariant
 0001:00006044       @WriteWChar
 0001:00005FCC       @WriteWCString
 0001:00005F58       @WriteWString
 0001:00006714       @WStrAddRef
 0001:000060EC       @WStrArrayClr
 0001:00006110       @WStrAsg
 0001:00006350       @WStrCat
 0001:000063B0       @WStrCat3
 0001:00006414       @WStrCatN
 0001:000060D4       @WStrClr
 0001:0000645C       @WStrCmp
 0001:000064E0       @WStrCopy
 0001:0000652C       @WStrDelete
 0001:00006284       @WStrFromArray
 0001:000061EC       @WStrFromChar
 0001:000062B8       @WStrFromLStr
 0001:0000620C       @WStrFromPChar
 0001:0000613C       @WStrFromPCharLen
 0001:0000623C       @WStrFromPWChar
 0001:000061C8       @WStrFromPWCharLen
 0001:00006278       @WStrFromString
 0001:0000629C       @WStrFromWArray
 0001:000061FC       @WStrFromWChar
 0001:000065BC       @WStrInsert
 0001:00006134       @WStrLAsg
 0001:00006344       @WStrLen
 0001:000066EC       @WStrOfWChar
 0001:00006658       @WStrPos
 0001:000066A8       @WStrSetLength
 0001:00006334       @WStrToPWChar
 0001:000062C8       @WStrToString
 0001:00003C64       @_ArrayToPasStr
 0001:00003C40       @_CLenToPasStr
 0001:00003C34       @_CToPasStr
 0001:000021BC       @_IOTest
 0001:00007034       @_lldiv
 0001:000070B0       @_lldivo
 0001:00007134       @_llmod
 0001:000071B0       @_llmodo
 0001:00006FEC       @_llmul
 0001:00007010       @_llmulo
 0001:00007238       @_llshl
 0001:000070E8       @_lludiv
 0001:000071E8       @_llumod
 0001:00007258       @_llushr
 0001:00003C7C       @_PasToCStr
 0001:00011AC4       Abort
 0001:0001226C       AbstractErrorHandler
 0002:0000302C       AbstractErrorProc
 0001:00057BB8       AccCtrl
 0001:00053530       accept
 0002:000003C4       AccessMode
 0001:00057BF0       AclAPI
 0001:000020FC       AcquireExceptionObject
 0001:000293D0       ActivateClassGroup
 0001:000253FC       ActiveX
 0001:00000A40       AddBlockAfter
 0002:00000A10       AddDataModule
 0001:0000B434       AddExitProc
 0001:0002EC14       AddFinished
 0001:00007EC0       AddModuleUnloadProc
 0001:00007ED0       AddModuleUnloadProc
 0001:0002EC4C       AddNotFinished
 0002:0000148C       Address
 0001:000142D8       AddTerminateProc
 0001:000363A0       AddThread
 0001:0000BE08       AdjustLineBreaks
 0001:00059E14       ADOInt
 0001:00014334       AL1
 0002:00000594       AL1s
 0001:00014344       AL2
 0002:000005A4       AL2s
 0001:00038548       AllocateHWnd
 0001:0000B3E8       AllocMem
 0002:000035BC       AllocMemCount
 0002:000035C0       AllocMemSize
 0001:00008930       AllocTlsBuffer
 0001:000143B0       ALR
 0001:0001435C       ALV
 0001:0003295C       AncestorValid
 0001:0003DBF8       Annuity2
 0001:00012BAC       AnsiCompareFileName
 0001:0000B694       AnsiCompareStr
 0001:0000B6E4       AnsiCompareText
 0001:0004D78C       AnsiContainsStr
 0001:0004D5C8       AnsiContainsText
 0001:0000BDD4       AnsiDequotedStr
 0001:0004D808       AnsiEndsStr
 0001:0004D684       AnsiEndsText
 0001:0000BCD4       AnsiExtractQuotedStr
 0001:0004D8B8       AnsiIndexStr
 0001:0004D744       AnsiIndexText
 0001:0000CA88       AnsiLastChar
 0001:0000B660       AnsiLowerCase
 0001:00012C2C       AnsiLowerCaseFileName
 0001:0004D89C       AnsiMatchStr
 0001:0004D728       AnsiMatchText
 0001:00012B74       AnsiPos
 0001:0000BBB0       AnsiQuotedStr
 0001:0004D6D0       AnsiReplaceStr
 0001:0004D6FC       AnsiReplaceText
 0002:00000C24       AnsiResemblesProc
 0001:0004D5B0       AnsiResemblesText
 0001:0000B6CC       AnsiSameStr
 0001:0000B71C       AnsiSameText
 0001:0004D7A4       AnsiStartsStr
 0001:0004D638       AnsiStartsText
 0001:0000B734       AnsiStrComp
 0001:0000B754       AnsiStrIComp
 0001:0000CA60       AnsiStrLastChar
 0001:0000B774       AnsiStrLComp
 0001:0000B794       AnsiStrLIComp
 0001:0000B7B4       AnsiStrLower
 0001:00012D44       AnsiStrPos
 0001:00012DE4       AnsiStrRScan
 0001:00012E0C       AnsiStrScan
 0001:0000B7C4       AnsiStrUpper
 0001:00008670       AnsiToUtf8
 0001:0000931C       AnsiUpperBuff
 0001:0000B62C       AnsiUpperCase
 0001:00012CB8       AnsiUpperCaseFileName
 0001:0001C8C8       AnyOp
 0001:0001BCF4       AnyToIntf
 0001:0000FC24       AppendChars
 0001:0000FFE8       AppendFormat
 0001:0000FC88       AppendNumber
 0001:0000B4D8       AppendStr
 0001:0000FC68       AppendString
 0002:00000A20       ApplicationHandleException
 0002:00000A28       ApplicationShowException
 0002:00000B94       ApproxDaysPerMonth
 0002:00000B9C       ApproxDaysPerYear
 0001:0003DE18       ArcCos
 0001:0003E248       ArcCosh
 0001:0003E564       ArcCot
 0001:0003E5E0       ArcCotH
 0001:0003E5B8       ArcCsc
 0001:0003E640       ArcCscH
 0001:0003E590       ArcSec
 0001:0003E610       ArcSecH
 0001:0003DE58       ArcSin
 0001:0003E2E0       ArcSinh
 0001:0003DE98       ArcTan2
 0001:0003E3B8       ArcTanh
 0001:0003D938       ArgError
 0001:0005A838       AspTlb
 0001:00012250       AssertErrorHandler
 0002:00003024       AssertErrorProc
 0001:00022CF0       AssignLongStr
 0001:0004105C       AssignProc
 0001:0000B4B8       AssignStr
 0001:0002336C       AssignVariant
 0002:00003B38       auAcres
 0002:00003B3C       auAres
 0002:00003B3A       auCentares
 0002:00003B3E       auHectares
 0002:00003B24       auSquareCentimeters
 0002:00003B2A       auSquareDecameters
 0002:00003B26       auSquareDecimeters
 0002:00003B32       auSquareFeet
 0002:00003B2C       auSquareHectometers
 0002:00003B30       auSquareInches
 0002:00003B2E       auSquareKilometers
 0002:00003B28       auSquareMeters
 0002:00003B36       auSquareMiles
 0002:00003B22       auSquareMillimeters
 0002:00003B40       auSquareRods
 0002:00003B34       auSquareYards
 0002:00003610       avail
 0001:0000D5E8       BackfillGetDiskFreeSpaceEx
 0001:00015AC4       BackupVarBoolFromStr
 0001:00015C24       BackupVarBStrFromBool
 0001:00015B44       BackupVarBStrFromCy
 0001:00015BB4       BackupVarBStrFromDate
 0001:00015A58       BackupVarCyFromStr
 0001:000159EC       BackupVarDateFromStr
 0001:000158A8       BackupVarI4FromStr
 0001:00015854       BackupVariantChangeTypeEx
 0001:00015914       BackupVarR4FromStr
 0001:00015980       BackupVarR8FromStr
 0002:000006DC       BaseTypeMap
 0001:0001272C       Beep
 0001:000299D4       BeginGlobalLoading
 0001:000057DC       BeginThread
 0001:00053538       bind
 0001:00033EB4       BinToHex
 0001:00015890       BiUnimplemented
 0002:00000AD8       Blanks
 0002:00000AFC       BlockCode
 0002:000035E8       blockDescBlockList
 0002:000035EC       blockDescFreeList
 0001:00002B78       BlockIO
 0001:00001D28       BlockSum
 0002:00000854       BooleanIdents
 0002:000006D8       BooleanToStringRule
 0002:00000084       BoolStrs
 0001:0000C37C       BoolToStr
 0001:0001ADB0       BoolToWStrViaOS
 0001:00028454       Bounds
 0001:00008F04       Bounds
 0001:00012810       ByteToCharIndex
 0001:000127E8       ByteToCharLen
 0001:000127AC       ByteType
 0001:00012734       ByteTypeTest
 0002:00000B6C       C1
 0002:00000B74       C2
 0001:00038484       CalcJmpOffset
 0001:000142F8       CallTerminateProcs
 0001:00009324       CallWindowProc
 0002:00000860       CATID_Designer
 0002:00000870       CATID_WebDesigntimeControl
 0002:00003B20       cbArea
 0002:00003AE0       cbDistance
 0002:00003BA4       cbMass
 0002:00000770       CBooleanToRelationship
 0002:00003BC8       cbTemperature
 0002:00003BD4       cbTime
 0002:00000B7C       cBucketMasks
 0002:00003B42       cbVolume
 0002:00000BA4       CDayMap
 0001:0003DF80       Ceil
 0001:0004B8FC       CelsiusToFahrenheit
 0001:0004B958       CelsiusToKelvin
 0001:0004B9B4       CelsiusToRankine
 0001:0004BA24       CelsiusToReaumur
 0001:00008F20       CenterPoint
 0002:00000C74       cFormats
 0002:000038D0       ChangeAnyProc
 0001:0000CB08       ChangeFileExt
 0001:00005948       CharFromWChar
 0001:000129E4       CharLength
 0001:0000932C       CharLower
 0001:00009334       CharLowerBuff
 0001:0000933C       CharLowerBuffW
 0001:00009344       CharNext
 0001:00000864       CharNext
 0001:000128F8       CharToByteIndex
 0001:0001295C       CharToByteLen
 0001:0000934C       CharUpper
 0001:00009354       CharUpperBuff
 0001:0000935C       CharUpperBuffW
 0001:0000220C       ChDir
 0001:000021F8       ChDir
 0001:00054E08       CheckError
 0001:00013D88       CheckForDuplicateUnits
 0001:00004BB0       CheckJmp
 0001:0005483C       CheckSocketResult
 0001:0003644C       CheckSynchronize
 0001:0001D54C       CheckType
 0001:0001C954       CheckType
 0001:0001270C       CheckWin32Version
 0002:00000B84       CIllegalConvFamily
 0002:00000B88       CIllegalConvType
 0002:000006F4       CInvalidCustomVariantType
 0001:000386CC       Classes
 0001:0002942C       ClassGroupOf
 0001:00029480       ClassGroupOf
 0001:0003B8EC       ClassIDToProgID
 0001:0002908C       ClassNotFound
 0002:00000E60       CLASS_AppServer
 0002:00000EC0       CLASS_ByotServerEx
 0002:00001410       CLASS_COMAdminCatalog
 0002:00001450       CLASS_COMAdminCatalogCollection
 0002:00001430       CLASS_COMAdminCatalogObject
 0002:00000F00       CLASS_COMEvents
 0002:000011D0       CLASS_Command
 0002:00001060       CLASS_ComServiceEvents
 0002:00000F20       CLASS_CoMTSLocator
 0002:000011C0       CLASS_Connection
 0002:00001080       CLASS_CRMClerk
 0002:000010A0       CLASS_CRMRecoveryClerk
 0002:00001210       CLASS_DataFactory
 0002:00001200       CLASS_DataSpace
 0002:00001140       CLASS_DispenserManager
 0002:000015EC       CLASS_DOMDocument
 0002:000015FC       CLASS_DOMFreeThreadedDocument
 0002:00000E30       CLASS_Dummy30040732
 0002:000011A0       CLASS_EventServer
 0002:00000D80       CLASS_GetSecurityCallContextAppObject
 0002:000010D0       CLASS_LBEvents
 0002:000010F0       CLASS_MessageMover
 0002:00000F40       CLASS_MtsGrp
 0002:000011F0       CLASS_Parameter
 0002:000011E0       CLASS_Recordset
 0002:00000D60       CLASS_SecurityCallContext
 0002:00000D40       CLASS_SecurityCallers
 0002:00000D00       CLASS_SecurityCertificate
 0002:00000D20       CLASS_SecurityIdentity
 0002:00000CB0       CLASS_SharedPropertyGroupManager
 0002:00001170       CLASS_TrackerServer
 0002:00000C90       CLASS_TransactionContext
 0002:00000CA0       CLASS_TransactionContextEx
 0002:000016BC       CLASS_XMLDocument
 0002:0000163C       CLASS_XMLDSOControl
 0002:0000161C       CLASS_XMLHTTPRequest
 0001:000549A0       Cleanup
 0001:00042A1C       CleanUpLists
 0002:000038CC       ClearAnyProc
 0001:0003C870       ClearExcepInfo
 0001:00040260       ClearExceptions
 0001:0001FD4C       ClearVariantTypeList
 0001:000007EC       CloseHandle
 0001:00009014       CloseHandle
 0001:00053540       closesocket
 0001:000252F0       CLSIDFromProgID
 0001:0000B324       CLSIDFromString
 0001:000252E0       CLSIDFromString
 0002:000009A0       CLSID_CColorPropPage
 0002:00000990       CLSID_CFontPropPage
 0002:000009D0       CLSID_ConvertVBX
 0002:000009B0       CLSID_CPicturePropPage
 0002:0000171C       CLSID_DATALINKS
 0002:000016DC       CLSID_EXTENDEDERRORINFO
 0002:000016EC       CLSID_MSDAVTM
 0002:000016FC       CLSID_OLEDB_CONVERSIONLIBRARY
 0002:000016CC       CLSID_OLEDB_ENUMERATOR
 0002:0000170C       CLSID_OLEDB_ROWPOSITIONLIBRARY
 0002:000009C0       CLSID_PersistPropset
 0002:00000A00       CLSID_StdComponentCategoryMgr
 0002:000009E0       CLSID_StdFont
 0002:00000910       CLSID_StdMarshal
 0002:000009F0       CLSID_StdPicture
 0002:00003044       CmdLine
 0002:00003040       CmdShow
 0002:0000077C       CmpTypeMap
 0001:0001589C       CmpUnimplemented
 0002:00000B30       CoAddRefServerProcess
 0001:00059B38       CoCommand.Create
 0001:00059B9C       CoCommand.CreateRemote
 0001:00059A54       CoConnection.Create
 0001:00059AB8       CoConnection.CreateRemote
 0001:0000B2FC       CoCreateGuid
 0001:000252F8       CoCreateGuid
 0001:000252D0       CoCreateInstance
 0002:00000B28       CoCreateInstanceEx
 0001:000252B0       CoDisconnectObject
 0001:0005C828       CoDOMDocument.Create
 0001:0005C88C       CoDOMDocument.CreateRemote
 0001:0005C90C       CoDOMFreeThreadedDocument.Create
 0001:0005C970       CoDOMFreeThreadedDocument.CreateRemote
 0001:000252C8       CoGetInterfaceAndReleaseStream
 0002:00000CC4       CoGetObjectContextProc
 0002:00000B40       CoInitFlags
 0001:00025290       CoInitialize
 0002:00000B2C       CoInitializeEx
 0001:00029EF4       CollectionsEqual
 0001:000252B8       CoLockObjectExternal
 0001:0005A9D4       COMAdmin
 0001:000252C0       CoMarshalInterThreadInterfaceInStream
 0001:00035A08       CombineWideString
 0001:0003CC90       ComClassManager
 0002:00003AA0       ComClassManagerVar
 0001:00038CDC       ComConst
 0001:0005AA0C       CommCtrl
 0001:0005AB5C       CommDlg
 0001:00000D20       Commit
 0002:0000362C       committedRoot
 0001:0003CDA8       ComObj
 0001:000450C8       CompareDate
 0001:0004505C       CompareDateTime
 0001:0000B594       CompareMem
 0001:0000B564       CompareStr
 0001:0000901C       CompareString
 0001:00009024       CompareStringA
 0001:0000902C       CompareStringW
 0001:0000B5B4       CompareText
 0001:0004512C       CompareTime
 0001:0003EA44       CompareValue
 0001:0003EA90       CompareValue
 0001:0003EB0C       CompareValue
 0001:0003EAF8       CompareValue
 0001:0003EAC8       CompareValue
 0001:0000C2A4       CompareWith
 0001:00041E34       CompatibleConversionType
 0001:00041E28       CompatibleConversionTypes
 0002:00000C68       ComplexNumberSymbol
 0002:00000C6C       ComplexNumberSymbolBeforeImaginary
 0002:00000C70       ComplexVariantType
 0001:0002F950       ComponentCreated
 0001:0003DBCC       Compound
 0001:0000821C       CompToCurrency
 0001:000081F8       CompToDouble
 0001:00058E30       ComSvcs
 0001:0003F64C       ConditionP
 0001:00053548       connect
 0001:000415F4       Contnrs
 0001:0004BA64       ConvDateTimeToJulianDate
 0001:0004BAA4       ConvDateTimeToModifiedJulianDate
 0001:00041EF4       Convert
 0002:00000A68       Convert
 0001:00041FC4       Convert
 0002:00000A58       Convert
 0001:00011874       ConvertAddr
 0001:00034AE4       ConvertBinary
 0001:0000FD78       ConvertEraString
 0001:0000B2C0       ConvertError
 0001:0000B2D8       ConvertErrorFmt
 0001:00042004       ConvertFrom
 0001:000358F8       ConvertHeader
 0001:0003491C       ConvertHeader
 0001:00035F00       ConvertObject
 0001:000354C8       ConvertObject
 0001:00035898       ConvertOrderModifier
 0001:00035E2C       ConvertProperty
 0001:0003541C       ConvertProperty
 0001:000420C8       ConvertTo
 0001:00035A94       ConvertValue
 0001:00034BB4       ConvertValue
 0002:00003C04       ConvertVariantType
 0001:0000FEE0       ConvertYearString
 0001:00043280       ConvFamilyToDescription
 0001:0004BA84       ConvJulianDateToDateTime
 0001:0004BAC4       ConvModifiedJulianDateToDateTime
 0001:000431E4       ConvTypeToDescription
 0001:00041D2C       ConvTypeToFamily
 0001:00041C5C       ConvTypeToFamily
 0001:0004218C       ConvUnitAdd
 0001:0004248C       ConvUnitCompareValue
 0001:000423E0       ConvUnitDec
 0001:000423B8       ConvUnitDec
 0001:00042290       ConvUnitDiff
 0001:000422E8       ConvUnitInc
 0001:000422C0       ConvUnitInc
 0001:0004256C       ConvUnitSameValue
 0001:00042FAC       ConvUnitToStr
 0001:0004244C       ConvUnitWithinNext
 0001:0004240C       ConvUnitWithinPrevious
 0001:0004357C       ConvUtils
 0001:00059D00       CoParameter.Create
 0001:00059D64       CoParameter.CreateRemote
 0001:00007610       CopyArray
 0001:00031554       CopyBinary
 0001:000314C4       CopyBytes
 0001:00049C7C       CopyKeys
 0001:00031478       CopyList
 0001:00031408       CopySetBody
 0001:00049B54       CopyValues
 0001:00059C1C       CoRecordset.Create
 0001:00059C80       CoRecordset.CreateRemote
 0001:000252A0       CoRegisterClassObject
 0002:00000B34       CoReleaseServerProcess
 0002:00000B38       CoResumeClassObjects
 0001:000252A8       CoRevokeClassObject
 0001:0003DEDC       Cosecant
 0001:0003E14C       Cosh
 0001:0003E118       CoshSinh
 0002:00000B3C       CoSuspendClassObjects
 0001:0003E468       Cot
 0001:0003DEB8       Cotan
 0001:00025300       CoTaskMemAlloc
 0001:0000B31C       CoTaskMemFree
 0001:00025308       CoTaskMemFree
 0001:0003E4D4       CotH
 0001:00025298       CoUninitialize
 0001:00012868       CountChars
 0001:0002B7BC       CountGenerations
 0001:0005CBB8       CoXMLDocument.Create
 0001:0005CC1C       CoXMLDocument.CreateRemote
 0001:0005CAD4       CoXMLDSOControl.Create
 0001:0005CB38       CoXMLDSOControl.CreateRemote
 0001:0005C9F0       CoXMLHTTPRequest.Create
 0001:0005CA54       CoXMLHTTPRequest.CreateRemote
 0001:0005AB94       Cpl
 0002:000006F8       CRangeToType
 0001:00012194       CreateAssertException
 0001:0001231C       CreateAVObject
 0001:0003BD1C       CreateClassID
 0001:0003BA78       CreateComObject
 0001:0002F9D0       CreateComponent
 0001:0000D814       CreateDir
 0001:0000088C       CreateDirectory
 0001:00009034       CreateDirectory
 0001:00025348       CreateErrorInfo
 0001:0000903C       CreateEvent
 0001:00009044       CreateFile
 0001:000007F4       CreateFileA
 0001:0000B304       CreateGUID
 0001:000120C0       CreateInOutError
 0001:0003BC14       CreateOleObject
 0001:0003B918       CreateRegKey
 0001:0003BAB0       CreateRemoteComObject
 0001:0000904C       CreateSemaphore
 0001:00058118       CreateSharedPropertyGroup
 0001:000580B4       CreateSharedPropertyGroupManager
 0001:0000086C       CreateThread
 0001:00057FEC       CreateTransactionContext
 0001:00058050       CreateTransactionContextEx
 0001:0003D5D8       CreateVCLComObject
 0002:00000A40       CreateVCLComObjectProc
 0001:00009364       CreateWindowEx
 0002:00000840       CRelationshipToBoolean
 0002:00000C64       CRelationshipToRelationship
 0002:000006BC       CResult
 0001:0003E4B0       Csc
 0001:0003E534       CscH
 0002:00000C7C       cSign
 0002:000003BC       cSimpleBoolStrs
 0002:00000C28       CSoundexTable
 0002:000007E4       CText
 0002:00000838       CTruth
 0002:000007E0       CTruth
 0002:00003624       curAlloc
 0001:0001D610       CurrCompare
 0002:00003740       CurrencyDecimals
 0002:0000373C       CurrencyFormat
 0002:00003738       CurrencyString
 0001:0000823C       CurrencyToComp
 0002:00000A38       CurrentGroup
 0001:0000FC10       CurrentYear
 0001:0000F0D8       CurrToStr
 0001:0000F214       CurrToStrF
 0001:0001AD48       CurrToWStrViaOS
 0002:000005B4       CVarTypeToElementInfo
 0002:000003FC       CWNear
 0001:0003DB18       CycleToDeg
 0001:0003DB48       CycleToGrad
 0001:0003DA00       CycleToRad
 0001:0004889C       DataTypeToRegData
 0001:0000F9F0       Date
 0001:0001D5E8       DateCompare
 0001:000435D0       DateOf
 0001:0001CA18       DateOp
 0002:00003741       DateSeparator
 0001:0000D760       DateTimeToFileDate
 0001:000452F8       DateTimeToJulianDate
 0001:00045538       DateTimeToModifiedJulianDate
 0001:0001088C       DateTimeToStr
 0001:00010778       DateTimeToString
 0001:0000F918       DateTimeToSystemTime
 0001:0000F474       DateTimeToTimeStamp
 0001:000455AC       DateTimeToUnix
 0001:0001085C       DateToStr
 0001:0001AD7C       DateToWStrViaOS
 0001:00045A8C       DateUtils
 0001:000439C4       DayOf
 0001:00043F54       DayOfTheMonth
 0001:0004401C       DayOfTheWeek
 0001:00043E28       DayOfTheYear
 0001:0000F9C8       DayOfWeek
 0001:00044434       DaysBetween
 0001:0004381C       DaysInAMonth
 0001:000437D4       DaysInAYear
 0001:000437EC       DaysInMonth
 0001:000437BC       DaysInYear
 0001:000445CC       DaySpan
 0002:00000B90       DaysPerYear
 0002:000020EC       DBCIDGUID
 0002:000022D4       DBCOLUMN_BASECATALOGNAME
 0002:000021CC       DBCOLUMN_BASECOLUMNNAME
 0002:000022EC       DBCOLUMN_BASESCHEMANAME
 0002:000021E4       DBCOLUMN_BASETABLENAME
 0002:000023F4       DBCOLUMN_BASETABLEVERSION
 0002:000023DC       DBCOLUMN_CLSID
 0002:000021FC       DBCOLUMN_COLLATINGSEQUENCE
 0002:000023C4       DBCOLUMN_COLUMNSIZE
 0002:00002214       DBCOLUMN_COMPUTEMODE
 0002:0000237C       DBCOLUMN_DATETIMEPRECISION
 0002:0000222C       DBCOLUMN_DEFAULTVALUE
 0002:0000234C       DBCOLUMN_DOMAINCATALOG
 0002:00002244       DBCOLUMN_DOMAINNAME
 0002:00002364       DBCOLUMN_DOMAINSCHEMA
 0002:000021B4       DBCOLUMN_FLAGS
 0002:00002304       DBCOLUMN_GUID
 0002:0000225C       DBCOLUMN_HASDEFAULT
 0002:00002124       DBCOLUMN_IDNAME
 0002:00002274       DBCOLUMN_ISAUTOINCREMENT
 0002:0000228C       DBCOLUMN_ISCASESENSITIVE
 0002:000022A4       DBCOLUMN_ISSEARCHABLE
 0002:000022BC       DBCOLUMN_ISUNIQUE
 0002:0000240C       DBCOLUMN_KEYCOLUMN
 0002:00002424       DBCOLUMN_MAYSORT
 0002:0000213C       DBCOLUMN_NAME
 0002:00002154       DBCOLUMN_NUMBER
 0002:00002394       DBCOLUMN_NUMERICPRECISIONRADIX
 0002:000023AC       DBCOLUMN_OCTETLENGTH
 0002:00002184       DBCOLUMN_PRECISION
 0002:0000231C       DBCOLUMN_PROPID
 0002:0000219C       DBCOLUMN_SCALE
 0002:0000216C       DBCOLUMN_TYPE
 0002:00002334       DBCOLUMN_TYPEINFO
 0002:00001FAC       DBCOL_SELFCOLUMNS
 0002:00001FBC       DBCOL_SPECIALCOL
 0002:000020CC       DBGUID_DEFAULT
 0002:00001D9C       DBGUID_LIKE_DOS
 0002:00001DBC       DBGUID_LIKE_MAPI
 0002:00001DAC       DBGUID_LIKE_OFS
 0002:00001D8C       DBGUID_LIKE_SQL
 0002:00001B1C       DBGUID_MDX
 0002:000020DC       DBGUID_SQL
 0002:00001C4C       DBOBJECT_CHARACTERSET
 0002:00001C1C       DBOBJECT_COLLATION
 0002:00001BBC       DBOBJECT_COLUMN
 0002:00001BCC       DBOBJECT_DATABASE
 0002:00001C0C       DBOBJECT_DOMAIN
 0002:00001BDC       DBOBJECT_PROCEDURE
 0002:00001BFC       DBOBJECT_SCHEMA
 0002:00001C3C       DBOBJECT_SCHEMAROWSET
 0002:00001BAC       DBOBJECT_TABLE
 0002:00001C5C       DBOBJECT_TRANSLATION
 0002:00001C2C       DBOBJECT_TRUSTEE
 0002:00001BEC       DBOBJECT_VIEW
 0002:00001FDC       DBPROPSET_COLUMN
 0002:00001FEC       DBPROPSET_DATASOURCE
 0002:0000207C       DBPROPSET_DATASOURCEALL
 0002:00001FFC       DBPROPSET_DATASOURCEINFO
 0002:0000208C       DBPROPSET_DATASOURCEINFOALL
 0002:0000201C       DBPROPSET_DBINIT
 0002:0000209C       DBPROPSET_DBINITALL
 0002:0000200C       DBPROPSET_INDEX
 0002:0000205C       DBPROPSET_PROPERTIESINERROR
 0002:0000202C       DBPROPSET_ROWSET
 0002:000020AC       DBPROPSET_ROWSETALL
 0002:0000203C       DBPROPSET_SESSION
 0002:000020BC       DBPROPSET_SESSIONALL
 0002:0000204C       DBPROPSET_TABLE
 0002:00001B9C       DBPROPSET_TRUSTEE
 0002:0000206C       DBPROPSET_VIEW
 0002:00001DCC       DBSCHEMA_ASSERTIONS
 0002:00001DDC       DBSCHEMA_CATALOGS
 0002:00001DEC       DBSCHEMA_CHARACTER_SETS
 0002:00001E1C       DBSCHEMA_CHECK_CONSTRAINTS
 0002:00001DFC       DBSCHEMA_COLLATIONS
 0002:00001E0C       DBSCHEMA_COLUMNS
 0002:00001E7C       DBSCHEMA_COLUMN_DOMAIN_USAGE
 0002:00001E9C       DBSCHEMA_COLUMN_PRIVILEGES
 0002:00001E2C       DBSCHEMA_CONSTRAINT_COLUMN_USAGE
 0002:00001E3C       DBSCHEMA_CONSTRAINT_TABLE_USAGE
 0002:00001F7C       DBSCHEMA_FOREIGN_KEYS
 0002:00001E8C       DBSCHEMA_INDEXES
 0002:00001E4C       DBSCHEMA_KEY_COLUMN_USAGE
 0002:00001F8C       DBSCHEMA_PRIMARY_KEYS
 0002:00001ECC       DBSCHEMA_PROCEDURES
 0002:00001F9C       DBSCHEMA_PROCEDURE_COLUMNS
 0002:00001F6C       DBSCHEMA_PROCEDURE_PARAMETERS
 0002:00001F2C       DBSCHEMA_PROVIDER_TYPES
 0002:00001E5C       DBSCHEMA_REFERENTIAL_CONSTRAINTS
 0002:00001EDC       DBSCHEMA_SCHEMATA
 0002:00001EEC       DBSCHEMA_SQL_LANGUAGES
 0002:00001EFC       DBSCHEMA_STATISTICS
 0002:00001F0C       DBSCHEMA_TABLES
 0002:00001AFC       DBSCHEMA_TABLES_INFO
 0002:00001E6C       DBSCHEMA_TABLE_CONSTRAINTS
 0002:00001EAC       DBSCHEMA_TABLE_PRIVILEGES
 0002:00001F1C       DBSCHEMA_TRANSLATIONS
 0002:00001EBC       DBSCHEMA_USAGE_PRIVILEGES
 0002:00001F3C       DBSCHEMA_VIEWS
 0002:00001F4C       DBSCHEMA_VIEW_COLUMN_USAGE
 0002:00001F5C       DBSCHEMA_VIEW_TABLE_USAGE
 0002:000020FC       DB_NULLGUID
 0002:0000210C       DB_NULLID
 0002:00001D6C       DB_PROPERTY_AUTOMATICUPDATE
 0002:00001CEC       DB_PROPERTY_BTREE
 0002:00001C6C       DB_PROPERTY_CHECK_OPTION
 0002:00001CCC       DB_PROPERTY_CLUSTERED
 0002:00001C7C       DB_PROPERTY_CONSTRAINT_CHECK_DEFERRED
 0002:00001D2C       DB_PROPERTY_DISALLOWNULL
 0002:00001C8C       DB_PROPERTY_DROP_CASCADE
 0002:00001D7C       DB_PROPERTY_EXPLICITUPDATE
 0002:00001D0C       DB_PROPERTY_FILLFACTOR
 0002:00001CFC       DB_PROPERTY_HASH
 0002:00001D4C       DB_PROPERTY_IGNOREANYNULL
 0002:00001D3C       DB_PROPERTY_IGNORENULL
 0002:00001D1C       DB_PROPERTY_INITIALSIZE
 0002:00001CDC       DB_PROPERTY_NONCLUSTERED
 0002:00001CAC       DB_PROPERTY_ON_COMMIT_PRESERVE_ROWS
 0002:00001CBC       DB_PROPERTY_PRIMARY
 0002:00001D5C       DB_PROPERTY_SORTBOOKMARKS
 0002:00001C9C       DB_PROPERTY_UNIQUE
 0002:000003F8       DCon10
 0001:0005ABCC       DDEml
 0001:000385FC       DeallocateHWnd
 0002:0000001C       DebugHook
 0002:0000373F       DecimalSeparator
 0001:0001F62C       DecIndices
 0001:0000F8F8       DecodeDate
 0001:000449C8       DecodeDateDay
 0001:0000F7AC       DecodeDateFully
 0001:00044A38       DecodeDateMonthWeek
 0001:0004482C       DecodeDateTime
 0001:00044890       DecodeDateWeek
 0001:000451FC       DecodeDayOfWeekInMonth
 0001:0004DF58       DecodeSoundexInt
 0001:0004E104       DecodeSoundexWord
 0001:0000F61C       DecodeTime
 0001:00000DB4       Decommit
 0001:000013D0       DecommitFree
 0002:00003600       decommittedRoot
 0002:00000014       Default8087CW
 0002:00000C84       DefaultBlank
 0002:00000028       DefaultTextLineBreakStyle
 0002:00000488       DefLongDayNames
 0002:0000043C       DefLongMonthNames
 0002:0000046C       DefShortDayNames
 0002:0000040C       DefShortMonthNames
 0001:0000936C       DefWindowProc
 0001:0003DA88       DegToCycle
 0001:0003DA58       DegToGrad
 0001:0003D950       DegToRad
 0001:000079B0       DelayLoadResourceModule
 0001:00000A70       DeleteBlock
 0001:000009E0       DeleteCriticalSection
 0001:00009054       DeleteCriticalSection
 0001:0000905C       DeleteFile
 0001:0000CA24       DeleteFile
 0001:000007FC       DeleteFileA
 0001:00001218       DeleteFree
 0002:00001484       DeleteMail
 0001:0003B9B0       DeleteRegKey
 0001:00043470       DescriptionToConvFamily
 0001:0004331C       DescriptionToConvType
 0001:000433C4       DescriptionToConvType
 0001:00009374       DestroyWindow
 0002:00001490       Details
 0002:000002D8       dig
 0002:00001360       DIID_ConnectionEvents
 0002:00001380       DIID_RecordsetEvents
 0002:000015DC       DIID_XMLDOMDocumentEvents
 0001:0000C6AC       DirectoryExists
 0001:0000D68C       DiskFree
 0001:0000D6C0       DiskSize
 0001:0003C284       DispatchInvoke
 0001:0003C864       DispatchInvokeError
 0001:0000937C       DispatchMessage
 0001:0003C880       DispCall
 0001:0003C964       DispCallByID
 0002:00003000       DispCallByIDProc
 0001:0003C790       DispCallError
 0001:00025320       DispGetIDsOfNames
 0002:00000B68       DispIDArgs
 0001:00025328       DispInvoke
 0001:0000B49C       DisposeStr
 0001:0000B2A4       DivMod
 0001:0003D884       DivMod
 0001:0005AC04       Dlgs
 0001:0000B408       DoExitProc
 0001:00012648       DoneExceptions
 0001:000483C4       DoneMaskStates
 0001:00009064       DosDateTimeToFileTime
 0002:0000085C       DotSep
 0001:0003F49C       DoubleDecliningBalance
 0001:0000820C       DoubleToComp
 0001:0002C2E0       DoWrite
 0001:00038208       DoWriteHeight
 0001:000381A0       DoWriteHorizontalOffset
 0001:000381D4       DoWriteVerticalOffset
 0001:00038178       DoWriteWidth
 0001:000559BC       DropStream
 0002:00003AE4       duAngstroms
 0002:00003B06       duAstronomicalUnits
 0002:00003AEC       duCentimeters
 0002:00003B18       duChains
 0002:00003B0C       duCubits
 0002:00003AF2       duDecameters
 0002:00003AEE       duDecimeters
 0002:00003B0E       duFathoms
 0002:00003AFE       duFeet
 0002:00003B10       duFurlongs
 0002:00003AFA       duGigameters
 0002:00003B12       duHands
 0002:00003AF4       duHectometers
 0002:00003AFC       duInches
 0002:00003AF6       duKilometers
 0002:00003B08       duLightYears
 0002:00003B1A       duLinks
 0001:0000B83C       DumbItDownFor95
 0002:00003AF8       duMegameters
 0002:00003AF0       duMeters
 0002:00003AE2       duMicromicrons
 0002:00003AE8       duMicrons
 0002:00003B02       duMiles
 0002:00003AEA       duMillimeters
 0002:00003AE6       duMillimicrons
 0002:00003B04       duNauticalMiles
 0002:00003B14       duPaces
 0002:00003B0A       duParsecs
 0001:0004D900       DupeString
 0002:00003B1C       duPicas
 0002:00003B1E       duPoints
 0002:00003B16       duRods
 0002:00003B00       duYards
 0001:0001F5D8       DynArrayBounds
 0001:00007628       DynArrayClear
 0001:0001F550       DynArrayDim
 0001:00007968       DynArrayDim
 0001:0001F534       DynArrayElTypeInfo
 0001:0000794C       DynArrayElTypeInfo
 0001:0001FA58       DynArrayFromVariant
 0001:0001F4F4       DynArrayIndex
 0001:00007630       DynArraySetLength
 0001:0001F568       DynArraySize
 0001:0001F738       DynArrayToVariant
 0001:0001F698       DynArrayVariantBounds
 0001:0001F6F0       DynArrayVarType
 0001:00012094       EHeapException.FreeInstance
 0001:0001D450       EmptyCompare
 0001:0001CE08       EmptyOp
 0002:000038B8       EmptyParam
 0002:00000318       EmptyStr
 0002:00000320       EmptyWideStr
 0001:00009384       EnableScrollBar
 0001:0000F77C       EncodeDate
 0001:0004499C       EncodeDateDay
 0001:000449F4       EncodeDateMonthWeek
 0001:000447C4       EncodeDateTime
 0001:0004485C       EncodeDateWeek
 0001:0004523C       EncodeDayOfWeekInMonth
 0001:0000F5DC       EncodeTime
 0001:00029A5C       EndGlobalLoading
 0001:00043D94       EndOfADay
 0001:00043D2C       EndOfADay
 0001:00043C9C       EndOfAMonth
 0001:00043CE8       EndOfAWeek
 0001:00043C58       EndOfAYear
 0001:00043C0C       EndOfTheDay
 0001:00043B24       EndOfTheMonth
 0001:00043BB4       EndOfTheWeek
 0001:00043AB4       EndOfTheYear
 0001:00005820       EndThread
 0001:0003EEE8       EnsureRange
 0001:0003EE88       EnsureRange
 0001:0003EE78       EnsureRange
 0001:0000906C       EnterCriticalSection
 0001:000009D0       EnterCriticalSection
 0001:00009074       EnumCalendarInfoA
 0002:00003E64       EnumDisplayMonitors
 0001:000114E8       EnumEraNames
 0001:00011524       EnumEraYearOffsets
 0001:00007E6C       EnumModules
 0001:00007E5C       EnumModules
 0001:00007E94       EnumResourceModules
 0001:00007E64       EnumResourceModules
 0001:0000C3E8       EnumStringModules
 0001:0000907C       EnumSystemLocales
 0002:000035B8       envp
 0001:0003B73C       EOleException.Create
 0001:0003B66C       EOleSysError.Create
 0001:00008D98       EqualRect
 0002:00003808       EraNames
 0001:00010B18       EraToYear
 0002:00003824       EraYearOffsets
 0002:000002D0       errCaption
 0001:0002E7A0       Error
 0001:000021B0       Error
 0001:00028B90       Error
 0002:00000004       ErrorAddr
 0001:00002164       ErrorAt
 0001:00012140       ErrorHandler
 0002:000004A4       ErrorMap
 0002:00003008       ErrorProc
 0002:000033EC       ErrOutput
 0001:000020DC       ExceptAddr
 0002:0000300C       ExceptClsProc
 0001:000125B4       ExceptHandler
 0001:00011B2C       Exception.Create
 0001:00011B68       Exception.CreateFmt
 0001:00011E0C       Exception.CreateFmtHelp
 0001:00011DC4       Exception.CreateHelp
 0001:00011C60       Exception.CreateRes
 0001:00011BE8       Exception.CreateRes
 0001:00011C9C       Exception.CreateResFmt
 0001:00011D30       Exception.CreateResFmt
 0001:00011F5C       Exception.CreateResFmtHelp
 0001:00011FF8       Exception.CreateResFmtHelp
 0001:00011F14       Exception.CreateResHelp
 0001:00011E94       Exception.CreateResHelp
 0002:0000301C       ExceptionClass
 0001:00011880       ExceptionErrorMessage
 0002:000004DC       ExceptMap
 0001:000020BC       ExceptObject
 0002:00003010       ExceptObjProc
 0002:00003004       ExceptProc
 0001:00012B28       ExcludeTrailingBackslash
 0001:00012B3C       ExcludeTrailingPathDelimiter
 0002:00000000       ExitCode
 0001:000055D0       ExitDll
 0002:0000304C       ExitProc
 0001:0000087C       ExitProcess
 0002:00003028       ExitProcessProc
 0001:000089DC       ExitProcessTLS
 0002:000003B8       ExitProcList
 0001:00000874       ExitThread
 0001:000089B4       ExitThreadTLS
 0001:0000CD58       ExpandFileName
 0001:0000CD94       ExpandFileNameCase
 0001:0000D214       ExpandUNCFileName
 0001:0000CBD0       ExtractFileDir
 0001:0000CC44       ExtractFileDrive
 0001:0000CD10       ExtractFileExt
 0001:0000CCD8       ExtractFileName
 0001:0000CB9C       ExtractFilePath
 0001:0000D29C       ExtractFilePathNoDrive
 0001:0000D328       ExtractRelativePath
 0001:0000D4DC       ExtractShortPathName
 0001:0002A038       ExtractStrings
 0001:0004B8C8       FahrenheitToCelsius
 0001:0002535C       Failed
 0002:00003844       FalseBoolStrs
 0002:000003EC       FCon1E18
 0001:00053518       FD_SET
 0001:00053528       FD_ZERO
 0001:0000C634       FileAge
 0001:0000C62C       FileClose
 0001:0000C564       FileCreate
 0001:0000C588       FileCreate
 0001:0000D6F4       FileDateToDateTime
 0001:0000C69C       FileExists
 0001:0000C894       FileGetAttr
 0001:0000C7B4       FileGetDate
 0001:0000C8D0       FileIsReadOnly
 0002:0000000C       FileMode
 0001:00002884       FileNOPProc
 0001:0000C508       FileOpen
 0001:0000C590       FileRead
 0002:00000A4C       FilerSignature
 0001:0000D514       FileSearch
 0001:0000C5E8       FileSeek
 0001:0000C5F4       FileSeek
 0001:0000C8A8       FileSetAttr
 0001:0000C83C       FileSetDate
 0001:0000C804       FileSetDate
 0001:0000C8E8       FileSetReadOnly
 0001:00009084       FileTimeToDosDateTime
 0001:0000908C       FileTimeToLocalFileTime
 0001:0000C5BC       FileWrite
 0001:00001300       FillAfterGap
 0001:000012AC       FillBeforeGap
 0001:00001398       FillerSizeAfterGap
 0001:00001328       FillerSizeBeforeGap
 0001:00043508       Finalization
 0001:00015590       Finalization
 0001:0004EEF8       Finalization
 0001:00008F4C       Finalization
 0001:00009984       Finalization
 0001:0004B430       Finalization
 0001:0005B8A8       Finalization
 0001:00038C04       Finalization
 0001:0005B900       Finalization
 0001:0005F27C       Finalization
 0001:0005F0B0       Finalization
 0001:0004E2E8       Finalization
 0001:00020B54       Finalization
 0001:00020DDC       Finalization
 0001:00021164       Finalization
 0001:0005B258       Finalization
 0001:0005B220       Finalization
 0001:000094CC       Finalization
 0001:00048500       Finalization
 0001:0005B1E8       Finalization
 0001:00038624       Finalization
 0001:0005F2B4       Finalization
 0001:00045A5C       Finalization
 0001:0005B1B0       Finalization
 0001:0005B178       Finalization
 0001:0005AF38       Finalization
 0001:00038CAC       Finalization
 0001:0005F244       Finalization
 0001:0005ABD4       Finalization
 0001:000517BC       Finalization
 0001:0005AB9C       Finalization
 0001:0005F20C       Finalization
 0001:0005F120       Finalization
 0001:0005AB64       Finalization
 0001:0005AB2C       Finalization
 0001:0005AAF4       Finalization
 0001:0000881C       Finalization
 0001:0005AABC       Finalization
 0001:0005D554       Finalization
 0001:0005AA84       Finalization
 0001:0005D51C       Finalization
 0001:0005AA4C       Finalization
 0001:0005AA14       Finalization
 0001:000162D8       Finalization
 0001:0005A9DC       Finalization
 0001:00047C5C       Finalization
 0001:00052418       Finalization
 0001:0005D4E4       Finalization
 0001:00058E00       Finalization
 0001:0005A9A4       Finalization
 0001:000534D0       Finalization
 0001:0005D4AC       Finalization
 0001:0005D474       Finalization
 0001:0005D434       Finalization
 0001:0004D4C8       Finalization
 0001:00008AEC       Finalization
 0001:0005A808       Finalization
 0001:0005F1D4       Finalization
 0001:0003D600       Finalization
 0001:00059DE4       Finalization
 0001:0003CD28       Finalization
 0001:00053618       Finalization
 0001:0005F19C       Finalization
 0001:00057B50       Finalization
 0001:00040264       Finalization
 0001:00057B88       Finalization
 0001:0005F0E8       Finalization
 0001:000415C4       Finalization
 0001:0004BAE4       Finalization
 0001:00057BC0       Finalization
 0001:0005CC9C       Finalization
 0001:0005F164       Finalization
 0001:000253CC       Finalization
 0001:00023618       Finalization
 0001:00058194       Finalization
 0001:00007620       FinalizeArray
 0001:00013E5C       FinalizePackage
 0001:00005230       FinalizeUnits
 0001:000320CC       FindAncestor
 0001:00007A20       FindBS
 0001:0002914C       FindClass
 0001:000079A8       FindClassHInstance
 0001:00000894       FindClose
 0001:0000CA08       FindClose
 0001:00009094       FindClose
 0001:000138F8       FindCmdLineSwitch
 0001:000137E8       FindCmdLineSwitch
 0001:00013928       FindCmdLineSwitch
 0001:0000127C       FindCommitted
 0001:000209A4       FindCustomVariantType
 0001:00020A5C       FindCustomVariantType
 0001:0002FB80       FindExistingComponent
 0001:0000C994       FindFirst
 0001:0000909C       FindFirstFile
 0001:0000089C       FindFirstFile
 0001:000298EC       FindGlobalComponent
 0002:00003A60       FindGlobalComponentProcs
 0001:00007980       FindHInstance
 0001:00029794       FindIdentToInt
 0001:00029718       FindIntToIdent
 0001:00013BA0       FindLibModule
 0001:0000C930       FindMatchingFile
 0001:0002EB4C       FindNestedComponent
 0001:0000C9E4       FindNext
 0002:00001478       FindNext
 0001:000090A4       FindNextFile
 0001:0004DAF0       FindNextWordStart
 0001:00015FA0       FindProc
 0001:000218DC       FindPropInfo
 0001:000218B4       FindPropInfo
 0001:000090AC       FindResource
 0001:000079F8       FindResourceHInstance
 0001:0002B7A0       FindRootDesigner
 0001:0000C424       FindStringResource
 0001:000309F0       FindUniqueName
 0001:0001E7F8       FindVarData
 0002:00003858       FLanguages
 0001:0005AF68       FlatSB
 0002:00003DF4       FlatSB_EnableScrollBar
 0002:00003E00       FlatSB_GetScrollInfo
 0002:00003E04       FlatSB_GetScrollPos
 0001:0005AC0C       FlatSB_GetScrollProp
 0002:00003DFC       FlatSB_GetScrollRange
 0002:00003E0C       FlatSB_SetScrollInfo
 0002:00003E08       FlatSB_SetScrollPos
 0001:0005AC3C       FlatSB_SetScrollProp
 0002:00003E10       FlatSB_SetScrollRange
 0002:00003DF8       FlatSB_ShowScrollBar
 0001:0000F158       FloatToCurr
 0001:0001081C       FloatToDateTime
 0001:0000ED68       FloatToDecimal
 0001:0000F0A8       FloatToStr
 0001:0000F1DC       FloatToStrF
 0001:0000E79C       FloatToText
 0001:0000EA74       FloatToTextFmt
 0001:0003DFB0       Floor
 0001:00002B50       Flush
 0002:00000400       FMSecsPerDay
 0001:0000C4AC       FmtLoadStr
 0001:0000E0C0       FmtStr
 0001:0000C6D0       ForceDirectories
 0001:0000E0AC       Format
 0002:00000408       Format
 0001:0000DC18       FormatBuf
 0001:0000DC0C       FormatClearStr
 0001:0000F2A4       FormatCurr
 0001:000108A0       FormatDateTime
 0001:0000DBA0       FormatError
 0002:000003E4       FormatErrorStrs
 0001:0000F24C       FormatFloat
 0001:000523E4       FormatMaskText
 0001:000090B4       FormatMessage
 0001:0000DBF8       FormatVarToStr
 0001:00004160       FPower10
 0001:00014CEC       FreeAndNil
 0001:00022214       FreeAndNilProperties
 0002:00001488       FreeBuffer
 0001:00000FE8       FreeCommitted
 0001:000427AC       FreeConversionType
 0001:00001508       FreeCurAlloc
 0001:00037DD0       FreeIntConstList
 0001:000088F8       FreeLibrary
 0001:000008A4       FreeLibrary
 0001:000090BC       FreeLibrary
 0001:00008264       FreeMemory
 0001:00038524       FreeObjectInstance
 0001:000090D4       FreeResource
 0001:00000C68       FreeSpace
 0001:00014314       FreeTerminateProcs
 0001:0003DF3C       Frexp
 0001:0003F9A4       FutureValue
 0002:00003ABC       GConvFamilyList
 0002:00003AC8       GConvFamilySync
 0002:00003AC0       GConvTypeList
 0002:00003ACC       GConvTypeSync
 0002:00000B8C       GConvUnitToStrFmt
 0001:00014420       GDAL
 0001:000026FC       Get8087CW
 0001:000090DC       GetACP
 0001:00025330       GetActiveObject
 0001:0003BC5C       GetActiveOleObject
 0001:000009E8       GetBlockDesc
 0001:0000938C       GetCapture
 0001:000290F8       GetClass
 0001:00009394       GetClassInfo
 0001:0000930C       GetClipBox
 0001:00000984       GetCmdShow
 0001:000008AC       GetCommandLine
 0001:00000E34       GetCommitted
 0001:00000EC4       GetCommittedAt
 0001:00032F14       GetComponentValue
 0001:000090EC       GetComputerName
 0001:0004311C       GetConvFamilies
 0001:00041AA8       GetConvFamilyInfo
 0001:00041B98       GetConvInfo
 0001:00041BE4       GetConvInfo
 0001:00041B20       GetConvInfo
 0001:00043028       GetConvTypes
 0001:0000FCD4       GetCount
 0001:000090E4       GetCPInfo
 0001:0000D7F0       GetCurrentDir
 0001:000008B4       GetCurrentDirectory
 0001:0000097C       GetCurrentThreadId
 0001:000090F4       GetCurrentThreadId
 0001:0000FD00       GetDate
 0001:000090FC       GetDateFormat
 0001:00010A30       GetDateOrder
 0001:00009314       GetDCOrgEx
 0001:0002B708       GetDesigner
 0001:00009104       GetDiskFreeSpaceA
 0002:000003B4       GetDiskFreeSpaceEx
 0001:0003CA40       GetDispatchPropValue
 0001:0003CAE0       GetDispatchPropValue
 0001:000048F8       GetDynaMethod
 0001:0002235C       GetEnumName
 0001:00022450       GetEnumNameValue
 0001:00022894       GetEnumProp
 0001:00021978       GetEnumProp
 0001:0002249C       GetEnumValue
 0001:00015278       GetEnvironmentVariable
 0001:0000910C       GetEnvironmentVariable
 0001:0001159C       GetEraNamesAndYearOffsets
 0001:00010AC4       GetEraYearOffset
 0001:00025340       GetErrorInfo
 0001:00012304       GetExceptionClass
 0001:00040228       GetExceptionMask
 0001:000124E8       GetExceptionObject
 0001:00009114       GetExitCodeThread
 0001:00029080       GetFieldClassTable
 0001:0000911C       GetFileAttributes
 0001:00000814       GetFileSize
 0001:00009124       GetFileTime
 0001:00000804       GetFileType
 0001:0002F128       GetFixupInstanceNames
 0001:0002EEC0       GetFixupReferenceNames
 0001:00021B3C       GetFloatProp
 0001:0002305C       GetFloatProp
 0001:000130AC       GetFormatSettings
 0001:0000912C       GetFullPathName
 0001:00001D3C       GetHeapStatus
 0001:000528DC       GetHelpSystem
 0001:000535C0       gethostbyaddr
 0001:000535C8       gethostbyname
 0001:000535D8       gethostname
 0001:0003C5FC       GetIDsOfNames
 0001:00021C20       GetInt64Prop
 0001:00023478       GetInt64Prop
 0001:00023524       GetInterfaceProp
 0001:000234DC       GetInterfaceProp
 0001:00004554       GetKeyboardType
 0001:000008BC       GetLastError
 0001:00009134       GetLastError
 0001:00011360       GetLocaleChar
 0001:00014EB0       GetLocaleDataA
 0001:00014E78       GetLocaleDataW
 0001:000008C4       GetLocaleInfo
 0001:00009144       GetLocaleInfo
 0001:0000914C       GetLocaleInfoA
 0001:00009154       GetLocaleInfoW
 0001:00011314       GetLocaleStr
 0001:0000913C       GetLocalTime
 0001:00022D04       GetLongStrProp
 0001:00008254       GetMemory
 0001:00002054       GetMemoryManager
 0001:0000939C       GetMessage
 0001:00023400       GetMethodProp
 0001:00021BD8       GetMethodProp
 0001:0000915C       GetModuleFileName
 0001:000008CC       GetModuleFileName
 0001:00009164       GetModuleHandle
 0001:000008D4       GetModuleHandle
 0001:000139DC       GetModuleName
 0002:00003E58       GetMonitorInfo
 0002:00003E5C       GetMonitorInfoA
 0002:00003E60       GetMonitorInfoW
 0001:000113C4       GetMonthDayNames
 0001:00057F3C       GetObjectContext
 0002:00000CC0       GetObjectContextProc
 0001:00021A10       GetObjectProp
 0001:00022B5C       GetObjectProp
 0001:00022BCC       GetObjectPropClass
 0001:00021A58       GetObjectPropClass
 0001:00022BD4       GetObjectPropClass
 0001:00021938       GetOrdProp
 0001:000227C4       GetOrdProp
 0001:0000916C       GetOverlappedResult
 0001:000140D4       GetPackageDescription
 0001:00013F84       GetPackageInfo
 0001:00002474       GetParamStr
 0001:00053550       getpeername
 0001:000401EC       GetPrecisionMode
 0001:00009174       GetPrivateProfileString
 0001:0000917C       GetProcAddress
 0001:000008DC       GetProcAddress
 0001:00009184       GetProfileInt
 0001:00021844       GetPropInfo
 0001:00022500       GetPropInfo
 0001:00022570       GetPropInfo
 0001:00021824       GetPropInfo
 0001:000225A8       GetPropInfos
 0001:000226A4       GetPropList
 0001:00022748       GetPropList
 0001:0002277C       GetPropList
 0001:00021C78       GetPropValue
 0001:0003B9C8       GetRegStringValue
 0001:000401B0       GetRoundMode
 0001:000093A4       GetScrollInfo
 0001:000093AC       GetScrollPos
 0001:000093B4       GetScrollRange
 0001:000535D0       getservbyname
 0001:000219C0       GetSetProp
 0001:00022908       GetSetProp
 0001:0000918C       GetShortPathName
 0001:00022BFC       GetShortStrProp
 0001:00022C94       GetShortStrPropAsLongStr
 0001:00053558       getsockname
 0001:00053560       getsockopt
 0001:00000B8C       GetSpace
 0001:00000BF0       GetSpaceAt
 0001:000008E4       GetStartupInfo
 0001:00009194       GetStdHandle
 0001:0000081C       GetStdHandle
 0001:0000919C       GetStringTypeEx
 0001:00022E34       GetStrProp
 0001:00021A70       GetStrProp
 0001:000093BC       GetSystemMetrics
 0002:00003E48       GetSystemMetrics
 0001:0000080C       GetSystemTime
 0001:000008EC       GetThreadLocale
 0001:000091A4       GetThreadLocale
 0001:000091AC       GetThreadPriority
 0001:000091B4       GetTickCount
 0001:0000FD38       GetTime
 0001:0000893C       GetTlsSize
 0001:00022350       GetTypeData
 0001:0002C0DC       GetUltimateOwner
 0001:0002C0F4       GetUltimateOwner
 0001:0002C0C4       GetUltimateOwner
 0001:0000CFB8       GetUniversalName
 0001:0001F0F8       GetVarArray
 0001:0001EF60       GetVarDataArrayInfo
 0001:00006D5C       GetVariantManager
 0001:00023380       GetVariantProp
 0001:00021B90       GetVariantProp
 0001:000091BC       GetVersionEx
 0001:00022EA0       GetWideStrProp
 0001:00021AB8       GetWideStrProp
 0001:00022D84       GetWideStrPropAsLongStr
 0001:000093C4       GetWindowLong
 0001:000093CC       GetWindowPlacement
 0001:000093D4       GetWindowRect
 0002:00003AC4       GLastConvFamily
 0002:00003AC6       GLastConvType
 0001:000091C4       GlobalAlloc
 0001:0000947C       GlobalAllocPtr
 0002:00003A64       GlobalFixupList
 0001:0002EC94       GlobalFixupReferences
 0001:000091CC       GlobalFree
 0001:000094A8       GlobalFreePtr
 0001:000091DC       GlobalHandle
 0001:000091D4       GlobalLock
 0002:00003A4C       GlobalNameSpace
 0001:000091E4       GlobalReAlloc
 0001:0000948C       GlobalReAllocPtr
 0001:000091EC       GlobalUnlock
 0002:00003988       GOldVariantManager
 0001:0003DAE8       GradToCycle
 0001:0003DAB8       GradToDeg
 0001:0003D9A8       GradToRad
 0001:0002937C       GroupDescendentsWith
 0001:0000B3A8       GUIDToString
 0001:0003B864       GUIDToString
 0002:00000880       GUID_NULL
 0002:00000890       GUID_OLE_COLOR
 0002:000038DC       GVariantManager
 0001:0001765C       HandleConversionException
 0001:00030248       HandleException
 0001:000399BC       HandleSafeCallException
 0002:00000018       HeapAllocFlags
 0002:000035CC       heapErrorCode
 0002:000035D0       heapLock
 0001:00053510       HelpIntfs
 0002:00003C14       HelpManager
 0002:000003B0       HexDisplayPrefix
 0001:00033EF0       HexToBin
 0001:00009470       HiByte
 0002:00003720       HInstance
 0001:0000946C       HiWord
 0001:000439E8       HourOf
 0001:000440FC       HourOfTheDay
 0001:00043F68       HourOfTheMonth
 0001:00044048       HourOfTheWeek
 0001:00043E44       HourOfTheYear
 0001:00044454       HoursBetween
 0001:000445F0       HourSpan
 0002:00003030       HPrevInst
 0001:00053568       htons
 0001:0003DEF0       Hypot
 0001:00029810       IdentToInt
 0001:0003ED1C       IfThen
 0001:0003ED4C       IfThen
 0001:0004DA24       IfThen
 0001:0003ED10       IfThen
 0002:000013B0       IID_ADOCommandConstruction
 0002:000013A0       IID_ADOConnectionConstruction
 0002:00001390       IID_ADOConnectionConstruction15
 0002:000013C0       IID_ADORecordsetConstruction
 0002:00001290       IID_Command15
 0002:000012A0       IID_Connection15
 0002:00001350       IID_ConnectionEventsVt
 0002:00000E90       IID_ContextInfo
 0002:00001270       IID_Error
 0002:00001280       IID_Errors
 0002:00001310       IID_Field
 0002:000013D0       IID_Field15
 0002:00001300       IID_Fields
 0002:000012F0       IID_Fields15
 0002:0000176C       IID_IAccessor
 0002:00001A5C       IID_IAlterIndex
 0002:00001A4C       IID_IAlterTable
 0002:00001440       IID_ICatalogCollection
 0002:00001420       IID_ICatalogObject
 0002:0000187C       IID_IColumnsInfo
 0002:0000186C       IID_IColumnsRowset
 0002:00001010       IID_IComActivityEvents
 0002:00001400       IID_ICOMAdminCatalog
 0002:00000F70       IID_IComAppEvents
 0002:00001050       IID_IComCRMEvents
 0002:00001040       IID_IComExceptionEvents
 0002:00001020       IID_IComIdentityEvents
 0002:00000F80       IID_IComInstanceEvents
 0002:0000183C       IID_ICommand
 0002:00001A6C       IID_ICommandPersist
 0002:0000181C       IID_ICommandPrepare
 0002:0000182C       IID_ICommandProperties
 0002:0000185C       IID_ICommandText
 0002:0000184C       IID_ICommandWithParameters
 0002:00000FA0       IID_IComMethodEvents
 0002:00001000       IID_IComObjectConstructionEvents
 0002:00000FB0       IID_IComObjectEvents
 0002:00000FE0       IID_IComObjectPoolEvents
 0002:00000FF0       IID_IComObjectPoolEvents2
 0002:00001030       IID_IComQCEvents
 0002:00000FC0       IID_IComResourceEvents
 0002:00000FD0       IID_IComSecurityEvents
 0002:00000F50       IID_IComThreadEvents
 0002:00000F90       IID_IComTransactionEvents
 0002:00000F60       IID_IComUserEvent
 0002:00000D90       IID_IContextState
 0002:0000180C       IID_IConvertType
 0002:00000EA0       IID_ICreateWithTipTransactionEx
 0002:00000EB0       IID_ICreateWithTransactionEx
 0002:00000DF0       IID_ICrmCompensator
 0002:00000E00       IID_ICrmCompensatorVariants
 0002:00000E20       IID_ICrmFormatLogRecords
 0002:00000E10       IID_ICrmLogControl
 0002:00001090       IID_ICrmMonitor
 0002:000010B0       IID_ICrmMonitorClerks
 0002:00001070       IID_ICrmMonitorLogRecords
 0002:00000BF4       IID_IDataBroker
 0002:00001AEC       IID_IDataInitialize
 0002:000013E0       IID_IDataspace
 0002:0000199C       IID_IDBAsynchStatus
 0002:0000188C       IID_IDBCreateCommand
 0002:0000189C       IID_IDBCreateSession
 0002:000018EC       IID_IDBDataSourceAdmin
 0002:000018DC       IID_IDBInfo
 0002:000018CC       IID_IDBInitialize
 0002:00001ADC       IID_IDBPromptInitialize
 0002:000018BC       IID_IDBProperties
 0002:00000970       IID_IDebug
 0002:00000980       IID_IDebugStream
 0002:00001120       IID_IDispenserDriver
 0002:00001100       IID_IDispenserManager
 0002:00001110       IID_IDispenserManagerShutdownGuarantee
 0002:00000940       IID_IEnumCallback
 0002:00000920       IID_IEnumGeneric
 0002:00000930       IID_IEnumHolder
 0002:0000193C       IID_IErrorLookup
 0002:00001180       IID_IEventServer
 0002:00001160       IID_IGetAppData
 0002:0000195C       IID_IGetDataSource
 0002:00000D70       IID_IGetSecurityCallContext
 0002:00001130       IID_IHolder
 0002:0000190C       IID_IIndexDefinition
 0002:00000900       IID_IInternalMoniker
 0002:000010C0       IID_ILBEvents
 0002:00001A2C       IID_IMDFind
 0002:00001A3C       IID_IMDRangeRowset
 0002:000010E0       IID_IMessageMover
 0002:00000EF0       IID_IMtsEventInfo
 0002:00000EE0       IID_IMtsEvents
 0002:00000F30       IID_IMtsGrp
 0002:00000F10       IID_IMTSLocator
 0002:00000E50       IID_IMTxAS
 0002:000017FC       IID_IMultipleResults
 0002:00001ABC       IID_IObjectAccessControl
 0002:00000DB0       IID_IObjectConstruct
 0002:00000DC0       IID_IObjectConstructString
 0002:00000CD0       IID_IObjectContext
 0002:00000DA0       IID_IObjectContextInfo
 0002:00000DD0       IID_IObjectContextTip
 0002:00000950       IID_IOleManager
 0002:00000960       IID_IOlePresObj
 0002:0000192C       IID_IOpenRowset
 0002:00001A9C       IID_IParentRowset
 0002:00000DE0       IID_IPlaybackControl
 0002:00001190       IID_IProcessTerminateNotify
 0002:00000BD4       IID_IProvider
 0002:000008E0       IID_IProxyManager
 0002:000008F0       IID_IPSFactory
 0002:00001150       IID_IReceiveAppData
 0002:000019BC       IID_IRowPosition
 0002:000019CC       IID_IRowPositionChange
 0002:0000177C       IID_IRowset
 0002:000017CC       IID_IRowsetChange
 0002:00001A7C       IID_IRowsetChapterMember
 0002:000019AC       IID_IRowsetFind
 0002:000017EC       IID_IRowsetIndex
 0002:0000178C       IID_IRowsetInfo
 0002:0000179C       IID_IRowsetLocate
 0002:00001A8C       IID_IRowsetRefresh
 0002:000017AC       IID_IRowsetResynch
 0002:000017BC       IID_IRowsetScroll
 0002:000017DC       IID_IRowsetUpdate
 0002:00001A1C       IID_IRowsetView
 0002:000008A0       IID_IRpcChannel
 0002:000008D0       IID_IRpcProxy
 0002:000008B0       IID_IRpcStub
 0002:00000D50       IID_ISecurityCallContext
 0002:00000D30       IID_ISecurityCallersColl
 0002:00000CF0       IID_ISecurityCertificateColl
 0002:00000D10       IID_ISecurityIdentityColl
 0002:00001ACC       IID_ISecurityInfo
 0002:000018FC       IID_ISessionProperties
 0002:000018AC       IID_ISourcesRowset
 0002:0000194C       IID_ISQLErrorInfo
 0002:00000BE4       IID_IStrings
 0002:000008C0       IID_IStubManager
 0002:0000191C       IID_ITableDefinition
 0002:0000172C       IID_ITransaction
 0002:00000ED0       IID_ITransaction
 0002:0000174C       IID_ITransactionDispenser
 0002:0000197C       IID_ITransactionJoin
 0002:0000196C       IID_ITransactionLocal
 0002:0000198C       IID_ITransactionObject
 0002:0000173C       IID_ITransactionOptions
 0002:0000175C       IID_ITransactionOutcomeEvents
 0002:00001AAC       IID_ITrusteeGroupAdmin
 0002:000019EC       IID_IViewChapter
 0002:00001A0C       IID_IViewFilter
 0002:000019DC       IID_IViewRowset
 0002:000019FC       IID_IViewSort
 0002:0000169C       IID_IXMLAttribute
 0002:0000165C       IID_IXMLDocument
 0002:0000167C       IID_IXMLDocument2
 0002:0000151C       IID_IXMLDOMAttribute
 0002:0000156C       IID_IXMLDOMCDATASection
 0002:0000153C       IID_IXMLDOMCharacterData
 0002:0000155C       IID_IXMLDOMComment
 0002:000014EC       IID_IXMLDOMDocument
 0002:0000152C       IID_IXMLDOMDocumentFragment
 0002:000014FC       IID_IXMLDOMDocumentType
 0002:0000150C       IID_IXMLDOMElement
 0002:000015BC       IID_IXMLDOMEntity
 0002:0000158C       IID_IXMLDOMEntityReference
 0002:000014AC       IID_IXMLDOMImplementation
 0002:000014DC       IID_IXMLDOMNamedNodeMap
 0002:000014BC       IID_IXMLDOMNode
 0002:000014CC       IID_IXMLDOMNodeList
 0002:000015AC       IID_IXMLDOMNotation
 0002:0000159C       IID_IXMLDOMParseError
 0002:0000157C       IID_IXMLDOMProcessingInstruction
 0002:0000154C       IID_IXMLDOMText
 0002:0000162C       IID_IXMLDSOControl
 0002:0000166C       IID_IXMLElement
 0002:0000168C       IID_IXMLElement2
[...]
 0002:0000170C       CLSID_OLEDB_ROWPOSITIONLIBRARY
 0002:0000171C       CLSID_DATALINKS
 0002:0000172C       IID_ITransaction
 0002:0000173C       IID_ITransactionOptions
 0002:0000174C       IID_ITransactionDispenser
 0002:0000175C       IID_ITransactionOutcomeEvents
 0002:0000176C       IID_IAccessor
 0002:0000177C       IID_IRowset
 0002:0000178C       IID_IRowsetInfo
 0002:0000179C       IID_IRowsetLocate
 0002:000017AC       IID_IRowsetResynch
 0002:000017BC       IID_IRowsetScroll
 0002:000017CC       IID_IRowsetChange
 0002:000017DC       IID_IRowsetUpdate
 0002:000017EC       IID_IRowsetIndex
 0002:000017FC       IID_IMultipleResults
 0002:0000180C       IID_IConvertType
 0002:0000181C       IID_ICommandPrepare
 0002:0000182C       IID_ICommandProperties
 0002:0000183C       IID_ICommand
 0002:0000184C       IID_ICommandWithParameters
 0002:0000185C       IID_ICommandText
 0002:0000186C       IID_IColumnsRowset
 0002:0000187C       IID_IColumnsInfo
 0002:0000188C       IID_IDBCreateCommand
 0002:0000189C       IID_IDBCreateSession
 0002:000018AC       IID_ISourcesRowset
 0002:000018BC       IID_IDBProperties
 0002:000018CC       IID_IDBInitialize
 0002:000018DC       IID_IDBInfo
 0002:000018EC       IID_IDBDataSourceAdmin
 0002:000018FC       IID_ISessionProperties
 0002:0000190C       IID_IIndexDefinition
 0002:0000191C       IID_ITableDefinition
 0002:0000192C       IID_IOpenRowset
 0002:0000193C       IID_IErrorLookup
 0002:0000194C       IID_ISQLErrorInfo
 0002:0000195C       IID_IGetDataSource
 0002:0000196C       IID_ITransactionLocal
 0002:0000197C       IID_ITransactionJoin
 0002:0000198C       IID_ITransactionObject
 0002:0000199C       IID_IDBAsynchStatus
 0002:000019AC       IID_IRowsetFind
 0002:000019BC       IID_IRowPosition
 0002:000019CC       IID_IRowPositionChange
 0002:000019DC       IID_IViewRowset
 0002:000019EC       IID_IViewChapter
 0002:000019FC       IID_IViewSort
 0002:00001A0C       IID_IViewFilter
 0002:00001A1C       IID_IRowsetView
 0002:00001A2C       IID_IMDFind
 0002:00001A3C       IID_IMDRangeRowset
 0002:00001A4C       IID_IAlterTable
 0002:00001A5C       IID_IAlterIndex
 0002:00001A6C       IID_ICommandPersist
 0002:00001A7C       IID_IRowsetChapterMember
 0002:00001A8C       IID_IRowsetRefresh
 0002:00001A9C       IID_IParentRowset
 0002:00001AAC       IID_ITrusteeGroupAdmin
 0002:00001ABC       IID_IObjectAccessControl
 0002:00001ACC       IID_ISecurityInfo
 0002:00001ADC       IID_IDBPromptInitialize
 0002:00001AEC       IID_IDataInitialize
 0002:00001AFC       DBSCHEMA_TABLES_INFO
 0002:00001B0C       MDGUID_MDX
 0002:00001B1C       DBGUID_MDX
 0002:00001B2C       MDSCHEMA_CUBES
 0002:00001B3C       MDSCHEMA_DIMENSIONS
 0002:00001B4C       MDSCHEMA_HIERARCHIES
 0002:00001B5C       MDSCHEMA_LEVELS
 0002:00001B6C       MDSCHEMA_MEASURES
 0002:00001B7C       MDSCHEMA_PROPERTIES
 0002:00001B8C       MDSCHEMA_MEMBERS
 0002:00001B9C       DBPROPSET_TRUSTEE
 0002:00001BAC       DBOBJECT_TABLE
 0002:00001BBC       DBOBJECT_COLUMN
 0002:00001BCC       DBOBJECT_DATABASE
 0002:00001BDC       DBOBJECT_PROCEDURE
 0002:00001BEC       DBOBJECT_VIEW
 0002:00001BFC       DBOBJECT_SCHEMA
 0002:00001C0C       DBOBJECT_DOMAIN
 0002:00001C1C       DBOBJECT_COLLATION
 0002:00001C2C       DBOBJECT_TRUSTEE
 0002:00001C3C       DBOBJECT_SCHEMAROWSET
 0002:00001C4C       DBOBJECT_CHARACTERSET
 0002:00001C5C       DBOBJECT_TRANSLATION
 0002:00001C6C       DB_PROPERTY_CHECK_OPTION
 0002:00001C7C       DB_PROPERTY_CONSTRAINT_CHECK_DEFERRED
 0002:00001C8C       DB_PROPERTY_DROP_CASCADE
 0002:00001C9C       DB_PROPERTY_UNIQUE
 0002:00001CAC       DB_PROPERTY_ON_COMMIT_PRESERVE_ROWS
 0002:00001CBC       DB_PROPERTY_PRIMARY
 0002:00001CCC       DB_PROPERTY_CLUSTERED
 0002:00001CDC       DB_PROPERTY_NONCLUSTERED
 0002:00001CEC       DB_PROPERTY_BTREE
 0002:00001CFC       DB_PROPERTY_HASH
 0002:00001D0C       DB_PROPERTY_FILLFACTOR
 0002:00001D1C       DB_PROPERTY_INITIALSIZE
 0002:00001D2C       DB_PROPERTY_DISALLOWNULL
 0002:00001D3C       DB_PROPERTY_IGNORENULL
 0002:00001D4C       DB_PROPERTY_IGNOREANYNULL
 0002:00001D5C       DB_PROPERTY_SORTBOOKMARKS
 0002:00001D6C       DB_PROPERTY_AUTOMATICUPDATE
 0002:00001D7C       DB_PROPERTY_EXPLICITUPDATE
 0002:00001D8C       DBGUID_LIKE_SQL
 0002:00001D9C       DBGUID_LIKE_DOS
 0002:00001DAC       DBGUID_LIKE_OFS
 0002:00001DBC       DBGUID_LIKE_MAPI
 0002:00001DCC       DBSCHEMA_ASSERTIONS
 0002:00001DDC       DBSCHEMA_CATALOGS
 0002:00001DEC       DBSCHEMA_CHARACTER_SETS
 0002:00001DFC       DBSCHEMA_COLLATIONS
 0002:00001E0C       DBSCHEMA_COLUMNS
 0002:00001E1C       DBSCHEMA_CHECK_CONSTRAINTS
 0002:00001E2C       DBSCHEMA_CONSTRAINT_COLUMN_USAGE
 0002:00001E3C       DBSCHEMA_CONSTRAINT_TABLE_USAGE
 0002:00001E4C       DBSCHEMA_KEY_COLUMN_USAGE
 0002:00001E5C       DBSCHEMA_REFERENTIAL_CONSTRAINTS
 0002:00001E6C       DBSCHEMA_TABLE_CONSTRAINTS
 0002:00001E7C       DBSCHEMA_COLUMN_DOMAIN_USAGE
 0002:00001E8C       DBSCHEMA_INDEXES
 0002:00001E9C       DBSCHEMA_COLUMN_PRIVILEGES
 0002:00001EAC       DBSCHEMA_TABLE_PRIVILEGES
 0002:00001EBC       DBSCHEMA_USAGE_PRIVILEGES
 0002:00001ECC       DBSCHEMA_PROCEDURES
 0002:00001EDC       DBSCHEMA_SCHEMATA
 0002:00001EEC       DBSCHEMA_SQL_LANGUAGES
 0002:00001EFC       DBSCHEMA_STATISTICS
 0002:00001F0C       DBSCHEMA_TABLES
 0002:00001F1C       DBSCHEMA_TRANSLATIONS
 0002:00001F2C       DBSCHEMA_PROVIDER_TYPES
 0002:00001F3C       DBSCHEMA_VIEWS
 0002:00001F4C       DBSCHEMA_VIEW_COLUMN_USAGE
 0002:00001F5C       DBSCHEMA_VIEW_TABLE_USAGE
 0002:00001F6C       DBSCHEMA_PROCEDURE_PARAMETERS
 0002:00001F7C       DBSCHEMA_FOREIGN_KEYS
 0002:00001F8C       DBSCHEMA_PRIMARY_KEYS
 0002:00001F9C       DBSCHEMA_PROCEDURE_COLUMNS
 0002:00001FAC       DBCOL_SELFCOLUMNS
 0002:00001FBC       DBCOL_SPECIALCOL
 0002:00001FCC       PSGUID_QUERY
 0002:00001FDC       DBPROPSET_COLUMN
 0002:00001FEC       DBPROPSET_DATASOURCE
 0002:00001FFC       DBPROPSET_DATASOURCEINFO
 0002:0000200C       DBPROPSET_INDEX
 0002:0000201C       DBPROPSET_DBINIT
 0002:0000202C       DBPROPSET_ROWSET
 0002:0000203C       DBPROPSET_SESSION
 0002:0000204C       DBPROPSET_TABLE
 0002:0000205C       DBPROPSET_PROPERTIESINERROR
 0002:0000206C       DBPROPSET_VIEW
 0002:0000207C       DBPROPSET_DATASOURCEALL
 0002:0000208C       DBPROPSET_DATASOURCEINFOALL
 0002:0000209C       DBPROPSET_DBINITALL
 0002:000020AC       DBPROPSET_ROWSETALL
 0002:000020BC       DBPROPSET_SESSIONALL
 0002:000020CC       DBGUID_DEFAULT
 0002:000020DC       DBGUID_SQL
 0002:000020EC       DBCIDGUID
 0002:000020FC       DB_NULLGUID
 0002:0000210C       DB_NULLID
 0002:00002124       DBCOLUMN_IDNAME
 0002:0000213C       DBCOLUMN_NAME
 0002:00002154       DBCOLUMN_NUMBER
 0002:0000216C       DBCOLUMN_TYPE
 0002:00002184       DBCOLUMN_PRECISION
 0002:0000219C       DBCOLUMN_SCALE
 0002:000021B4       DBCOLUMN_FLAGS
 0002:000021CC       DBCOLUMN_BASECOLUMNNAME
 0002:000021E4       DBCOLUMN_BASETABLENAME
 0002:000021FC       DBCOLUMN_COLLATINGSEQUENCE
 0002:00002214       DBCOLUMN_COMPUTEMODE
 0002:0000222C       DBCOLUMN_DEFAULTVALUE
 0002:00002244       DBCOLUMN_DOMAINNAME
 0002:0000225C       DBCOLUMN_HASDEFAULT
 0002:00002274       DBCOLUMN_ISAUTOINCREMENT
 0002:0000228C       DBCOLUMN_ISCASESENSITIVE
 0002:000022A4       DBCOLUMN_ISSEARCHABLE
 0002:000022BC       DBCOLUMN_ISUNIQUE
 0002:000022D4       DBCOLUMN_BASECATALOGNAME
 0002:000022EC       DBCOLUMN_BASESCHEMANAME
 0002:00002304       DBCOLUMN_GUID
 0002:0000231C       DBCOLUMN_PROPID
 0002:00002334       DBCOLUMN_TYPEINFO
 0002:0000234C       DBCOLUMN_DOMAINCATALOG
 0002:00002364       DBCOLUMN_DOMAINSCHEMA
 0002:0000237C       DBCOLUMN_DATETIMEPRECISION
 0002:00002394       DBCOLUMN_NUMERICPRECISIONRADIX
 0002:000023AC       DBCOLUMN_OCTETLENGTH
 0002:000023C4       DBCOLUMN_COLUMNSIZE
 0002:000023DC       DBCOLUMN_CLSID
 0002:000023F4       DBCOLUMN_BASETABLEVERSION
 0002:0000240C       DBCOLUMN_KEYCOLUMN
 0002:00002424       DBCOLUMN_MAYSORT
 0002:00003000       DispCallByIDProc
 0002:00003004       ExceptProc
 0002:00003008       ErrorProc
 0002:0000300C       ExceptClsProc
 0002:00003010       ExceptObjProc
 0002:00003014       RaiseExceptionProc
 0002:00003018       RTLUnwindProc
 0002:0000301C       ExceptionClass
 0002:00003020       SafeCallErrorProc
 0002:00003024       AssertErrorProc
 0002:00003028       ExitProcessProc
 0002:0000302C       AbstractErrorProc
 0002:00003030       HPrevInst
 0002:00003034       MainInstance
 0002:00003038       MainThreadID
 0002:0000303C       IsLibrary
 0002:00003040       CmdShow
 0002:00003044       CmdLine
 0002:00003048       InitProc
 0002:0000304C       ExitProc
 0002:00003050       IsConsole
 0002:00003051       IsMultiThread
 0002:00003052       Test8086
 0002:00003053       TestFDIV
 0002:00003054       Input
 0002:00003220       Output
 0002:000033EC       ErrOutput
 0002:000035B8       envp
 0002:000035BC       AllocMemCount
 0002:000035C0       AllocMemSize
 0002:000035C4       .5
 0002:000035C8       initialized
 0002:000035CC       heapErrorCode
 0002:000035D0       heapLock
 0002:000035E8       blockDescBlockList
 0002:000035EC       blockDescFreeList
 0002:000035F0       spaceRoot
 0002:00003600       decommittedRoot
 0002:00003610       avail
 0002:0000361C       rover
 0002:00003620       remBytes
 0002:00003624       curAlloc
 0002:00003628       smallTab
 0002:0000362C       committedRoot
 0002:0000363C       InitContext
 0002:00003668       VariantManager
 0002:00003714       ModuleIsLib
 0002:00003715       ModuleIsPackage
 0002:00003716       ModuleIsCpp
 0002:00003718       TlsIndex
 0002:00003720       HInstance
 0002:00003724       .1
 0002:00003728       tlsBuffer
 0002:0000372C       .1
 0002:00003730       .3
 0002:00003734       .1
 0002:00003738       CurrencyString
 0002:0000373C       CurrencyFormat
 0002:0000373D       NegCurrFormat
 0002:0000373E       ThousandSeparator
 0002:0000373F       DecimalSeparator
 0002:00003740       CurrencyDecimals
 0002:00003741       DateSeparator
 0002:00003744       ShortDateFormat
 0002:00003748       LongDateFormat
 0002:0000374C       TimeSeparator
 0002:00003750       TimeAMString
 0002:00003754       TimePMString
 0002:00003758       ShortTimeFormat
 0002:0000375C       LongTimeFormat
 0002:00003760       ShortMonthNames
 0002:00003790       LongMonthNames
 0002:000037C0       ShortDayNames
 0002:000037DC       LongDayNames
 0002:000037F8       SysLocale
 0002:00003806       ListSeparator
 0002:00003808       EraNames
 0002:00003824       EraYearOffsets
 0002:00003840       TrueBoolStrs
 0002:00003844       FalseBoolStrs
 0002:00003848       .94
 0002:0000384C       OutOfMemory
 0002:00003850       InvalidPointer
 0002:00003854       Reserved
 0002:00003858       FLanguages
 0002:0000385C       .1
 0002:00003860       TempVariantChangeTypeEx
 0002:00003864       TempVarNeg
 0002:00003868       TempVarNot
 0002:0000386C       TempVarAdd
 0002:00003870       TempVarSub
 0002:00003874       TempVarMul
 0002:00003878       TempVarDiv
 0002:0000387C       TempVarIDiv
 0002:00003880       TempVarMod
 0002:00003884       TempVarAnd
 0002:00003888       TempVarOr
 0002:0000388C       TempVarXor
 0002:00003890       TempVarCmp
 0002:00003894       TempVarI4FromStr
 0002:00003898       TempVarR4FromStr
 0002:0000389C       TempVarR8FromStr
 0002:000038A0       TempVarDateFromStr
 0002:000038A4       TempVarCyFromStr
 0002:000038A8       TempVarBoolFromStr
 0002:000038AC       TempVarBstrFromCy
 0002:000038B0       TempVarBstrFromDate
 0002:000038B4       TempVarBstrFromBool
 0002:000038B8       EmptyParam
 0002:000038C8       VarDispProc
 0002:000038CC       ClearAnyProc
 0002:000038D0       ChangeAnyProc
 0002:000038D4       RefAnyProc
 0002:000038D8       .81
 0002:000038DC       GVariantManager
 0002:00003988       GOldVariantManager
 0002:00003A34       LVarTypes
 0002:00003A38       LVarTypeSync
 0002:00003A3C       .1
 0002:00003A40       .1
 0002:00003A44       .6
 0002:00003A48       .3
 0002:00003A4C       GlobalNameSpace
 0002:00003A50       IsUniqueGlobalComponentNameProc
 0002:00003A54       .35
 0002:00003A58       IntConstList
 0002:00003A5C       RegGroups
 0002:00003A60       FindGlobalComponentProcs
 0002:00003A64       GlobalFixupList
 0002:00003A68       ProcPosted
 0002:00003A6C       ThreadLock
 0002:00003A84       ThreadCount
 0002:00003A88       InstBlockList
 0002:00003A8C       InstFreeList
 0002:00003A90       .6
 0002:00003A94       .1
 0002:00003A98       .41
 0002:00003A9C       OleUninitializing
 0002:00003AA0       ComClassManagerVar
 0002:00003AA4       SaveInitProc
 0002:00003AA8       NeedToUninitialize
 0002:00003AAC       .2
 0002:00003AB0       .2
 0002:00003AB4       .21
 0002:00003AB8       .5
 0002:00003ABC       GConvFamilyList
 0002:00003AC0       GConvTypeList
 0002:00003AC4       GLastConvFamily
 0002:00003AC6       GLastConvType
 0002:00003AC8       GConvFamilySync
 0002:00003ACC       GConvTypeSync
 0002:00003AD0       .1
 0002:00003AD4       .8
 0002:00003AD8       .3
 0002:00003ADC       .5
 0002:00003AE0       cbDistance
 0002:00003AE2       duMicromicrons
 0002:00003AE4       duAngstroms
 0002:00003AE6       duMillimicrons
 0002:00003AE8       duMicrons
 0002:00003AEA       duMillimeters
 0002:00003AEC       duCentimeters
 0002:00003AEE       duDecimeters
 0002:00003AF0       duMeters
 0002:00003AF2       duDecameters
 0002:00003AF4       duHectometers
 0002:00003AF6       duKilometers
 0002:00003AF8       duMegameters
 0002:00003AFA       duGigameters
 0002:00003AFC       duInches
 0002:00003AFE       duFeet
 0002:00003B00       duYards
 0002:00003B02       duMiles
 0002:00003B04       duNauticalMiles
 0002:00003B06       duAstronomicalUnits
 0002:00003B08       duLightYears
 0002:00003B0A       duParsecs
 0002:00003B0C       duCubits
 0002:00003B0E       duFathoms
 0002:00003B10       duFurlongs
 0002:00003B12       duHands
 0002:00003B14       duPaces
 0002:00003B16       duRods
 0002:00003B18       duChains
 0002:00003B1A       duLinks
 0002:00003B1C       duPicas
 0002:00003B1E       duPoints
 0002:00003B20       cbArea
 0002:00003B22       auSquareMillimeters
 0002:00003B24       auSquareCentimeters
 0002:00003B26       auSquareDecimeters
 0002:00003B28       auSquareMeters
 0002:00003B2A       auSquareDecameters
 0002:00003B2C       auSquareHectometers
 0002:00003B2E       auSquareKilometers
 0002:00003B30       auSquareInches
 0002:00003B32       auSquareFeet
 0002:00003B34       auSquareYards
 0002:00003B36       auSquareMiles
 0002:00003B38       auAcres
 0002:00003B3A       auCentares
 0002:00003B3C       auAres
 0002:00003B3E       auHectares
 0002:00003B40       auSquareRods
 0002:00003B42       cbVolume
 0002:00003B44       vuCubicMillimeters
 0002:00003B46       vuCubicCentimeters
 0002:00003B48       vuCubicDecimeters
 0002:00003B4A       vuCubicMeters
 0002:00003B4C       vuCubicDecameters
 0002:00003B4E       vuCubicHectometers
 0002:00003B50       vuCubicKilometers
 0002:00003B52       vuCubicInches
 0002:00003B54       vuCubicFeet
 0002:00003B56       vuCubicYards
 0002:00003B58       vuCubicMiles
 0002:00003B5A       vuMilliLiters
 0002:00003B5C       vuCentiLiters
 0002:00003B5E       vuDeciLiters
 0002:00003B60       vuLiters
 0002:00003B62       vuDecaLiters
 0002:00003B64       vuHectoLiters
 0002:00003B66       vuKiloLiters
 0002:00003B68       vuAcreFeet
 0002:00003B6A       vuAcreInches
 0002:00003B6C       vuCords
 0002:00003B6E       vuCordFeet
 0002:00003B70       vuDecisteres
 0002:00003B72       vuSteres
 0002:00003B74       vuDecasteres
 0002:00003B76       vuFluidGallons
 0002:00003B78       vuFluidQuarts
 0002:00003B7A       vuFluidPints
 0002:00003B7C       vuFluidCups
 0002:00003B7E       vuFluidGills
 0002:00003B80       vuFluidOunces
 0002:00003B82       vuFluidTablespoons
 0002:00003B84       vuFluidTeaspoons
 0002:00003B86       vuDryGallons
 0002:00003B88       vuDryQuarts
 0002:00003B8A       vuDryPints
 0002:00003B8C       vuDryPecks
 0002:00003B8E       vuDryBuckets
 0002:00003B90       vuDryBushels
 0002:00003B92       vuUKGallons
 0002:00003B94       vuUKPottles
 0002:00003B96       vuUKQuarts
 0002:00003B98       vuUKPints
 0002:00003B9A       vuUKGills
 0002:00003B9C       vuUKOunces
 0002:00003B9E       vuUKPecks
 0002:00003BA0       vuUKBuckets
 0002:00003BA2       vuUKBushels
 0002:00003BA4       cbMass
 0002:00003BA6       muNanograms
 0002:00003BA8       muMicrograms
 0002:00003BAA       muMilligrams
 0002:00003BAC       muCentigrams
 0002:00003BAE       muDecigrams
 0002:00003BB0       muGrams
 0002:00003BB2       muDecagrams
 0002:00003BB4       muHectograms
 0002:00003BB6       muKilograms
 0002:00003BB8       muMetricTons
 0002:00003BBA       muDrams
 0002:00003BBC       muGrains
 0002:00003BBE       muLongTons
 0002:00003BC0       muTons
 0002:00003BC2       muOunces
 0002:00003BC4       muPounds
 0002:00003BC6       muStones
 0002:00003BC8       cbTemperature
 0002:00003BCA       tuCelsius
 0002:00003BCC       tuKelvin
 0002:00003BCE       tuFahrenheit
 0002:00003BD0       tuRankine
 0002:00003BD2       tuReaumur
 0002:00003BD4       cbTime
 0002:00003BD6       tuMilliSeconds
 0002:00003BD8       tuSeconds
 0002:00003BDA       tuMinutes
 0002:00003BDC       tuHours
 0002:00003BDE       tuDays
 0002:00003BE0       tuWeeks
 0002:00003BE2       tuFortnights
 0002:00003BE4       tuMonths
 0002:00003BE6       tuYears
 0002:00003BE8       tuDecades
 0002:00003BEA       tuCenturies
 0002:00003BEC       tuMillennia
 0002:00003BEE       tuDateTime
 0002:00003BF0       tuJulianDate
 0002:00003BF2       tuModifiedJulianDate
 0002:00003BF4       .1
 0002:00003BF8       .1
 0002:00003BFC       .1
 0002:00003C00       .1
 0002:00003C04       ConvertVariantType
 0002:00003C08       .1
 0002:00003C0C       .2
 0002:00003C10       .2
 0002:00003C14       HelpManager
 0002:00003C18       .1
 0002:00003C1C       .41
 0002:00003C20       WSAData
 0002:00003DB0       .1
 0002:00003DB4       .1
 0002:00003DB8       .1
 0002:00003DBC       .1
 0002:00003DC0       .5
 0002:00003DC4       .3
 0002:00003DC8       .1
 0002:00003DCC       .1
 0002:00003DD0       .1
 0002:00003DD4       .1
 0002:00003DD8       .1
 0002:00003DDC       .1
 0002:00003DE0       .1
 0002:00003DE4       .1
 0002:00003DE8       .1
 0002:00003DEC       .1
 0002:00003DF0       .1
 0002:00003DF4       FlatSB_EnableScrollBar
 0002:00003DF8       FlatSB_ShowScrollBar
 0002:00003DFC       FlatSB_GetScrollRange
 0002:00003E00       FlatSB_GetScrollInfo
 0002:00003E04       FlatSB_GetScrollPos
 0002:00003E08       FlatSB_SetScrollPos
 0002:00003E0C       FlatSB_SetScrollInfo
 0002:00003E10       FlatSB_SetScrollRange
 0002:00003E14       .1
 0002:00003E18       _FlatSB_GetScrollProp
 0002:00003E1C       _FlatSB_SetScrollProp
 0002:00003E20       _InitializeFlatSB
 0002:00003E24       _UninitializeFlatSB
 0002:00003E28       .1
 0002:00003E2C       .1
 0002:00003E30       .1
 0002:00003E34       .1
 0002:00003E38       .1
 0002:00003E3C       .1
 0002:00003E40       .7
 0002:00003E44       .6
 0002:00003E48       GetSystemMetrics
 0002:00003E4C       MonitorFromWindow
 0002:00003E50       MonitorFromRect
 0002:00003E54       MonitorFromPoint
 0002:00003E58       GetMonitorInfo
 0002:00003E5C       GetMonitorInfoA
 0002:00003E60       GetMonitorInfoW
 0002:00003E64       EnumDisplayMonitors
 0002:00003E68       .1
 0002:00003E6C       User32Dll
 0002:00003E70       InitApis
 0002:00003E78       MMAvailable
 0002:00003E7C       .1
 0002:00003E80       .1
 0002:00003E84       .1
 0002:00003E88       .1
 0002:00003E8C       .1
 0002:00003E90       .1
 0002:00003E94       .1
 0002:00003E98       .1
 0002:00003E9C       .1
 0002:00003EA0       .1
 0002:00003EA4       .1
 0002:00003EA8       .1
 0002:00003EAC       .1
 0002:00003EB0       .3
 0002:00003EB4       .1


Bound resource files

rtl.res
c:\TEMP\dtfBC68.tmp


Program entry point at 0001:0005F574
