C51 COMPILER V9.56.0.0   GPIO                                                              11/09/2018 18:43:02 PAGE 1   


C51 COMPILER V9.56.0.0, COMPILATION OF MODULE GPIO
OBJECT MODULE PLACED IN .\Output\GPIO.obj
COMPILER INVOKED BY: F:\KEILC51+MDK\C51\BIN\C51.EXE STC15\GPIO.c COMPACT OMF2 OPTIMIZE(9,SPEED) BROWSE INCDIR(.\App;.\Ha
                    -rdwareDrivers;.\STC15;.\App) DEBUG PRINT(.\Output\GPIO.lst) OBJECT(.\Output\GPIO.obj)

line level    source

   1          /*************  功能说明        **************
   2          
   3          本文件为STC15xxx系列的端口初始化程序,用户几乎可以不修改这个程序.
   4          
   5          
   6          ******************************************/
   7          
   8          #include        "GPIO.h"
   9          
  10          
  11          //========================================================================
  12          // 函数: u8     GPIO_Inilize(u8 GPIO, GPIO_InitTypeDef *GPIOx)
  13          // 描述: 初始化IO口.
  14          // 参数: GPIOx: 结构参数,请参考timer.h里的定义.
  15          // 返回: 成功返回0, 空操作返回1,错误返回2.
  16          // 版本: V1.0, 2012-10-22
  17          //========================================================================
  18          u8      GPIO_Inilize(u8 GPIO, GPIO_InitTypeDef *GPIOx)
  19          {
  20   1              if(GPIO > GPIO_P5)                              return 1;       //空操作
  21   1              if(GPIOx->Mode > GPIO_OUT_PP)   return 2;       //错误
  22   1              if(GPIO == GPIO_P0)
  23   1              {
  24   2                      if(GPIOx->Mode == GPIO_PullUp)          P0M1 &= ~GPIOx->Pin,    P0M0 &= ~GPIOx->Pin;     //上拉准双向口
  25   2                      if(GPIOx->Mode == GPIO_HighZ)           P0M1 |=  GPIOx->Pin,    P0M0 &= ~GPIOx->Pin;     //浮空输入
  26   2                      if(GPIOx->Mode == GPIO_OUT_OD)          P0M1 |=  GPIOx->Pin,    P0M0 |=  GPIOx->Pin;     //开漏输出
  27   2                      if(GPIOx->Mode == GPIO_OUT_PP)          P0M1 &= ~GPIOx->Pin,    P0M0 |=  GPIOx->Pin;     //推挽输出
  28   2              }
  29   1              if(GPIO == GPIO_P1)
  30   1              {
  31   2                      if(GPIOx->Mode == GPIO_PullUp)          P1M1 &= ~GPIOx->Pin,    P1M0 &= ~GPIOx->Pin;     //上拉准双向口
  32   2                      if(GPIOx->Mode == GPIO_HighZ)           P1M1 |=  GPIOx->Pin,    P1M0 &= ~GPIOx->Pin;     //浮空输入
  33   2                      if(GPIOx->Mode == GPIO_OUT_OD)          P1M1 |=  GPIOx->Pin,    P1M0 |=  GPIOx->Pin;     //开漏输出
  34   2                      if(GPIOx->Mode == GPIO_OUT_PP)          P1M1 &= ~GPIOx->Pin,    P1M0 |=  GPIOx->Pin;     //推挽输出
  35   2              }
  36   1              if(GPIO == GPIO_P2)
  37   1              {
  38   2                      if(GPIOx->Mode == GPIO_PullUp)          P2M1 &= ~GPIOx->Pin,    P2M0 &= ~GPIOx->Pin;     //上拉准双向口
  39   2                      if(GPIOx->Mode == GPIO_HighZ)           P2M1 |=  GPIOx->Pin,    P2M0 &= ~GPIOx->Pin;     //浮空输入
  40   2                      if(GPIOx->Mode == GPIO_OUT_OD)          P2M1 |=  GPIOx->Pin,    P2M0 |=  GPIOx->Pin;     //开漏输出
  41   2                      if(GPIOx->Mode == GPIO_OUT_PP)          P2M1 &= ~GPIOx->Pin,    P2M0 |=  GPIOx->Pin;     //推挽输出
  42   2              }
  43   1              if(GPIO == GPIO_P3)
  44   1              {
  45   2                      if(GPIOx->Mode == GPIO_PullUp)          P3M1 &= ~GPIOx->Pin,    P3M0 &= ~GPIOx->Pin;     //上拉准双向口
  46   2                      if(GPIOx->Mode == GPIO_HighZ)           P3M1 |=  GPIOx->Pin,    P3M0 &= ~GPIOx->Pin;     //浮空输入
  47   2                      if(GPIOx->Mode == GPIO_OUT_OD)          P3M1 |=  GPIOx->Pin,    P3M0 |=  GPIOx->Pin;     //开漏输出
  48   2                      if(GPIOx->Mode == GPIO_OUT_PP)          P3M1 &= ~GPIOx->Pin,    P3M0 |=  GPIOx->Pin;     //推挽输出
  49   2              }
  50   1              if(GPIO == GPIO_P4)
  51   1              {
  52   2                      if(GPIOx->Mode == GPIO_PullUp)          P4M1 &= ~GPIOx->Pin,    P4M0 &= ~GPIOx->Pin;     //上拉准双向口
  53   2                      if(GPIOx->Mode == GPIO_HighZ)           P4M1 |=  GPIOx->Pin,    P4M0 &= ~GPIOx->Pin;     //浮空输入
  54   2                      if(GPIOx->Mode == GPIO_OUT_OD)          P4M1 |=  GPIOx->Pin,    P4M0 |=  GPIOx->Pin;     //开漏输出
C51 COMPILER V9.56.0.0   GPIO                                                              11/09/2018 18:43:02 PAGE 2   

  55   2                      if(GPIOx->Mode == GPIO_OUT_PP)          P4M1 &= ~GPIOx->Pin,    P4M0 |=  GPIOx->Pin;     //推挽输出
  56   2              }
  57   1              if(GPIO == GPIO_P5)
  58   1              {
  59   2                      if(GPIOx->Mode == GPIO_PullUp)          P5M1 &= ~GPIOx->Pin,    P5M0 &= ~GPIOx->Pin;     //上拉准双向口
  60   2                      if(GPIOx->Mode == GPIO_HighZ)           P5M1 |=  GPIOx->Pin,    P5M0 &= ~GPIOx->Pin;     //浮空输入
  61   2                      if(GPIOx->Mode == GPIO_OUT_OD)          P5M1 |=  GPIOx->Pin,    P5M0 |=  GPIOx->Pin;     //开漏输出
  62   2                      if(GPIOx->Mode == GPIO_OUT_PP)          P5M1 &= ~GPIOx->Pin,    P5M0 |=  GPIOx->Pin;     //推挽输出
  63   2              }
  64   1              return 0;       //成功
  65   1      }


MODULE INFORMATION:   STATIC OVERLAYABLE
   CODE SIZE        =    386    ----
   CONSTANT SIZE    =   ----    ----
   XDATA SIZE       =   ----    ----
   PDATA SIZE       =   ----    ----
   DATA SIZE        =   ----    ----
   IDATA SIZE       =   ----    ----
   BIT SIZE         =   ----    ----
   EDATA SIZE       =   ----    ----
   HDATA SIZE       =   ----    ----
   XDATA CONST SIZE =   ----    ----
   FAR CONST SIZE   =   ----    ----
END OF MODULE INFORMATION.


C51 COMPILATION COMPLETE.  0 WARNING(S),  0 ERROR(S)
