Component: ARM Compiler 5.06 update 6 (build 750) Tool: armlink [4d35ed]

==============================================================================

Section Cross References

    main.o(i.TimerCallbackFunc) refers to tasks.o(i.xTaskGenericNotify) for xTaskGenericNotify
    main.o(i.TimerCallbackFunc) refers to main.o(.data) for .data
    main.o(i.TimerCallbackFunc_Timeout_detection) refers to oled.o(i.OLED_Part_Clear) for OLED_Part_Clear
    main.o(i.TimerCallbackFunc_Timeout_detection) refers to tasks.o(i.xTaskGenericNotify) for xTaskGenericNotify
    main.o(i.TimerCallbackFunc_Timeout_detection) refers to main.o(.data) for .data
    main.o(i.main) refers to stm32f4xx_hal.o(i.HAL_Init) for HAL_Init
    main.o(i.main) refers to led.o(i.LED_Init) for LED_Init
    main.o(i.main) refers to key.o(i.key_Init) for key_Init
    main.o(i.main) refers to delay.o(i.delay_init) for delay_init
    main.o(i.main) refers to usart.o(i.uart_init) for uart_init
    main.o(i.main) refers to oled.o(i.OLED_Init) for OLED_Init
    main.o(i.main) refers to oled.o(i.OLED_Clear) for OLED_Clear
    main.o(i.main) refers to rtc.o(i.RTC_Init) for RTC_Init
    main.o(i.main) refers to max30102.o(i.bsp_InitI2C) for bsp_InitI2C
    main.o(i.main) refers to max30102.o(i.maxim_max30102_init) for maxim_max30102_init
    main.o(i.main) refers to tasks.o(i.xTaskCreate) for xTaskCreate
    main.o(i.main) refers to tasks.o(i.vTaskStartScheduler) for vTaskStartScheduler
    main.o(i.main) refers to main.o(.data) for .data
    main.o(i.main) refers to main.o(i.vTaskinit) for vTaskinit
    main.o(i.vTaskDisplayAssist) refers to timers.o(i.xTimerGenericCommand) for xTimerGenericCommand
    main.o(i.vTaskDisplayAssist) refers to tasks.o(i.xTaskNotifyWait) for xTaskNotifyWait
    main.o(i.vTaskDisplayAssist) refers to tasks.o(i.xTaskGenericNotify) for xTaskGenericNotify
    main.o(i.vTaskDisplayAssist) refers to tasks.o(i.xTaskGetTickCount) for xTaskGetTickCount
    main.o(i.vTaskDisplayAssist) refers to tasks.o(i.vTaskDelay) for vTaskDelay
    main.o(i.vTaskDisplayAssist) refers to main.o(.data) for .data
    main.o(i.vTaskGETRTC) refers to stm32f4xx_hal_rtc.o(i.HAL_RTC_GetTime) for HAL_RTC_GetTime
    main.o(i.vTaskGETRTC) refers to stm32f4xx_hal_rtc.o(i.HAL_RTC_GetDate) for HAL_RTC_GetDate
    main.o(i.vTaskGETRTC) refers to tasks.o(i.xTaskGenericNotify) for xTaskGenericNotify
    main.o(i.vTaskGETRTC) refers to tasks.o(i.vTaskDelay) for vTaskDelay
    main.o(i.vTaskGETRTC) refers to main.o(.data) for .data
    main.o(i.vTaskGETRTC) refers to main.o(.bss) for .bss
    main.o(i.vTaskGETRTC) refers to rtc.o(.bss) for RTC_Handler
    main.o(i.vTaskLed) refers to _printf_percent.o(.ARM.Collect$$_printf_percent$$00000000) for _printf_percent
    main.o(i.vTaskLed) refers to _printf_s.o(.ARM.Collect$$_printf_percent$$00000014) for _printf_s
    main.o(i.vTaskLed) refers to _printf_str.o(.text) for _printf_str
    main.o(i.vTaskLed) refers to key.o(i.GetKeyVAl) for GetKeyVAl
    main.o(i.vTaskLed) refers to tasks.o(i.vTaskList) for vTaskList
    main.o(i.vTaskLed) refers to noretval__2printf.o(.text) for __2printf
    main.o(i.vTaskLed) refers to tasks.o(i.xTaskGenericNotify) for xTaskGenericNotify
    main.o(i.vTaskLed) refers to tasks.o(i.vTaskDelay) for vTaskDelay
    main.o(i.vTaskLed) refers to main.o(.data) for .data
    main.o(i.vTaskLed) refers to main.o(.bss) for .bss
    main.o(i.vTaskMAX30102) refers to tasks.o(i.xTaskNotifyWait) for xTaskNotifyWait
    main.o(i.vTaskMAX30102) refers to app.o(i.max30102_run) for max30102_run
    main.o(i.vTaskMAX30102) refers to timers.o(i.xTimerGenericCommand) for xTimerGenericCommand
    main.o(i.vTaskMAX30102) refers to tasks.o(i.xTaskGenericNotify) for xTaskGenericNotify
    main.o(i.vTaskMAX30102) refers to tasks.o(i.vTaskDelay) for vTaskDelay
    main.o(i.vTaskMAX30102) refers to main.o(.data) for .data
    main.o(i.vTaskOledDisplay) refers to tasks.o(i.xTaskNotifyWait) for xTaskNotifyWait
    main.o(i.vTaskOledDisplay) refers to oled.o(i.OLED_Clear) for OLED_Clear
    main.o(i.vTaskOledDisplay) refers to oled.o(i.OLED_DrawBMP) for OLED_DrawBMP
    main.o(i.vTaskOledDisplay) refers to oled.o(i.OLED_Show_32_32) for OLED_Show_32_32
    main.o(i.vTaskOledDisplay) refers to oled.o(i.OLED_ShowChar) for OLED_ShowChar
    main.o(i.vTaskOledDisplay) refers to oled.o(i.OLED_Part_Clear) for OLED_Part_Clear
    main.o(i.vTaskOledDisplay) refers to oled.o(i.OLED_Show_32_char) for OLED_Show_32_char
    main.o(i.vTaskOledDisplay) refers to oled.o(i.OLED_ShowCHinese) for OLED_ShowCHinese
    main.o(i.vTaskOledDisplay) refers to oled.o(i.OLED_ShowString) for OLED_ShowString
    main.o(i.vTaskOledDisplay) refers to tasks.o(i.vTaskDelay) for vTaskDelay
    main.o(i.vTaskOledDisplay) refers to main.o(.data) for .data
    main.o(i.vTaskOledDisplay) refers to main.o(.constdata) for .constdata
    main.o(i.vTaskOledDisplay) refers to main.o(.bss) for .bss
[...]
    .constdata                               0x08005786   Section        8  system_stm32f4xx.o(.constdata)
    .constdata                               0x08005790   Section     7448  oled.o(.constdata)
    .constdata                               0x080074a8   Section      246  algorithm.o(.constdata)
    .data                                    0x20000000   Section       40  main.o(.data)
    countval                                 0x20000003   Data           1  main.o(.data)
    .data                                    0x20000028   Section       64  app.o(.data)
    .data                                    0x20000068   Section        4  system_stm32f4xx.o(.data)
    .data                                    0x2000006c   Section        4  stm32f4xx_hal.o(.data)
    .data                                    0x20000070   Section        4  delay.o(.data)
    fac_us                                   0x20000070   Data           1  delay.o(.data)
    fac_ms                                   0x20000072   Data           2  delay.o(.data)
    .data                                    0x20000074   Section        4  usart.o(.data)
    .data                                    0x20000078   Section        4  usart.o(.data)
    .data                                    0x2000007c   Section        3  key.o(.data)
    Previous_KEY_VAL                         0x2000007c   Data           1  key.o(.data)
    stste                                    0x2000007d   Data           1  key.o(.data)
    KEY_state                                0x2000007e   Data           1  key.o(.data)
    .data                                    0x2000007f   Section      192  oled.o(.data)
    .data                                    0x20000140   Section       60  tasks.o(.data)
    uxDeletedTasksWaitingCleanUp             0x20000144   Data           4  tasks.o(.data)
    uxCurrentNumberOfTasks                   0x20000148   Data           4  tasks.o(.data)
    xTickCount                               0x2000014c   Data           4  tasks.o(.data)
    uxTopReadyPriority                       0x20000150   Data           4  tasks.o(.data)
    xSchedulerRunning                        0x20000154   Data           4  tasks.o(.data)
    uxPendedTicks                            0x20000158   Data           4  tasks.o(.data)
    xYieldPending                            0x2000015c   Data           4  tasks.o(.data)
    xNumOfOverflows                          0x20000160   Data           4  tasks.o(.data)
    uxTaskNumber                             0x20000164   Data           4  tasks.o(.data)
    xNextTaskUnblockTime                     0x20000168   Data           4  tasks.o(.data)
    xIdleTaskHandle                          0x2000016c   Data           4  tasks.o(.data)
    uxSchedulerSuspended                     0x20000170   Data           4  tasks.o(.data)
    pxDelayedTaskList                        0x20000174   Data           4  tasks.o(.data)
    pxOverflowDelayedTaskList                0x20000178   Data           4  tasks.o(.data)
    .data                                    0x2000017c   Section       20  timers.o(.data)
    xTimerQueue                              0x2000017c   Data           4  timers.o(.data)
    xTimerTaskHandle                         0x20000180   Data           4  timers.o(.data)
    xLastTime                                0x20000184   Data           4  timers.o(.data)
    pxCurrentTimerList                       0x20000188   Data           4  timers.o(.data)
    pxOverflowTimerList                      0x2000018c   Data           4  timers.o(.data)
    .data                                    0x20000190   Section       24  heap_4.o(.data)
    pxEnd                                    0x20000190   Data           4  heap_4.o(.data)
    xFreeBytesRemaining                      0x20000194   Data           4  heap_4.o(.data)
    xMinimumEverFreeBytesRemaining           0x20000198   Data           4  heap_4.o(.data)
    xBlockAllocatedBit                       0x2000019c   Data           4  heap_4.o(.data)
    xStart                                   0x200001a0   Data           8  heap_4.o(.data)
    .data                                    0x200001a8   Section       12  port.o(.data)
    ucMaxSysCallPriority                     0x200001a8   Data           1  port.o(.data)
    uxCriticalNesting                        0x200001ac   Data           4  port.o(.data)
    ulMaxPRIGROUPValue                       0x200001b0   Data           4  port.o(.data)
    .bss                                     0x200001b4   Section      420  main.o(.bss)
    .bss                                     0x20000358   Section     1328  app.o(.bss)
    .bss                                     0x20000888   Section      264  usart.o(.bss)
    .bss                                     0x20000990   Section       32  rtc.o(.bss)
    .bss                                     0x200009b0   Section     5984  algorithm.o(.bss)
    an_dx                                    0x200009b0   Data        1984  algorithm.o(.bss)
    an_x                                     0x20001170   Data        2000  algorithm.o(.bss)
    an_y                                     0x20001940   Data        2000  algorithm.o(.bss)
    .bss                                     0x20002110   Section       64  queue.o(.bss)
    .bss                                     0x20002150   Section      740  tasks.o(.bss)
    pxReadyTasksLists                        0x20002150   Data         640  tasks.o(.bss)
    xDelayedTaskList1                        0x200023d0   Data          20  tasks.o(.bss)
    xDelayedTaskList2                        0x200023e4   Data          20  tasks.o(.bss)
    xPendingReadyList                        0x200023f8   Data          20  tasks.o(.bss)
    xTasksWaitingTermination                 0x2000240c   Data          20  tasks.o(.bss)
    xSuspendedTaskList                       0x20002420   Data          20  tasks.o(.bss)
    .bss                                     0x20002434   Section       40  timers.o(.bss)
    xActiveTimerList1                        0x20002434   Data          20  timers.o(.bss)
    xActiveTimerList2                        0x20002448   Data          20  timers.o(.bss)
    .bss                                     0x2000245c   Section    20480  heap_4.o(.bss)
    ucHeap                                   0x2000245c   Data       20480  heap_4.o(.bss)
    .bss                                     0x2000745c   Section       96  libspace.o(.bss)
    HEAP                                     0x200074c0   Section      512  startup_stm32f407xx.o(HEAP)
    Heap_Mem                                 0x200074c0   Data         512  startup_stm32f407xx.o(HEAP)
    STACK                                    0x200076c0   Section     1024  startup_stm32f407xx.o(STACK)
    Stack_Mem                                0x200076c0   Data        1024  startup_stm32f407xx.o(STACK)
    __initial_sp                             0x20007ac0   Data           0  startup_stm32f407xx.o(STACK)

    Global Symbols

    Symbol Name                              Value     Ov Type        Size  Object(Section)

    BuildAttributes$$THM_ISAv4$E$P$D$K$B$S$7EM$VFPi3$EXTD16$VFPS$VFMA$PE$A:L22UL41UL21$X:L11$S22US41US21$IEEE1$IW$USESV6$~STKCKD$USESV7$~SHL$OSPACE$ROPI$EBA8$UX$STANDARDLIB$REQ8$PRES8$EABIv2 0x00000000   Number         0  anon$$obj.o ABSOLUTE
    __ARM_use_no_argv                        0x00000000   Number         0  main.o ABSOLUTE
    __ARM_exceptions_init                     - Undefined Weak Reference
    __alloca_initialize                       - Undefined Weak Reference
    __arm_preinit_                            - Undefined Weak Reference
    __cpp_initialize__aeabi_                  - Undefined Weak Reference
    __cxa_finalize                            - Undefined Weak Reference
    __rt_locale                               - Undefined Weak Reference
    __sigvec_lookup                           - Undefined Weak Reference
    _atexit_init                              - Undefined Weak Reference
    _call_atexit_fns                          - Undefined Weak Reference
    _clock_init                               - Undefined Weak Reference
    _fp_trap_init                             - Undefined Weak Reference
    _fp_trap_shutdown                         - Undefined Weak Reference
    _get_lc_collate                           - Undefined Weak Reference
    _get_lc_ctype                             - Undefined Weak Reference
    _get_lc_monetary                          - Undefined Weak Reference
    _get_lc_numeric                           - Undefined Weak Reference
    _get_lc_time                              - Undefined Weak Reference
    _getenv_init                              - Undefined Weak Reference
    _handle_redirection                       - Undefined Weak Reference
    _init_alloc                               - Undefined Weak Reference
    _init_user_alloc                          - Undefined Weak Reference
    _initio                                   - Undefined Weak Reference
    _mutex_acquire                            - Undefined Weak Reference
    _mutex_release                            - Undefined Weak Reference
    _printf_mbtowc                            - Undefined Weak Reference
    _printf_post_padding                      - Undefined Weak Reference
    _printf_pre_padding                       - Undefined Weak Reference
    _printf_truncate_signed                   - Undefined Weak Reference
    _printf_truncate_unsigned                 - Undefined Weak Reference
    _rand_init                                - Undefined Weak Reference
    _signal_finish                            - Undefined Weak Reference
    _signal_init                              - Undefined Weak Reference
    _terminate_alloc                          - Undefined Weak Reference
    _terminate_user_alloc                     - Undefined Weak Reference
    _terminateio                              - Undefined Weak Reference
    __Vectors_Size                           0x00000188   Number         0  startup_stm32f407xx.o ABSOLUTE
    __Vectors                                0x08000000   Data           4  startup_stm32f407xx.o(RESET)
    __Vectors_End                            0x08000188   Data           0  startup_stm32f407xx.o(RESET)
    __main                                   0x08000189   Thumb Code     8  __main.o(!!!main)
    __scatterload                            0x08000191   Thumb Code     0  __scatter.o(!!!scatter)
    __scatterload_rt2                        0x08000191   Thumb Code    44  __scatter.o(!!!scatter)
    __scatterload_rt2_thumb_only             0x08000191   Thumb Code     0  __scatter.o(!!!scatter)
    __scatterload_null                       0x0800019f   Thumb Code     0  __scatter.o(!!!scatter)
    __decompress                             0x080001c5   Thumb Code    90  __dczerorl2.o(!!dczerorl2)
    __decompress1                            0x080001c5   Thumb Code     0  __dczerorl2.o(!!dczerorl2)
    __scatterload_zeroinit                   0x08000221   Thumb Code    28  __scatter_zi.o(!!handler_zi)
    _printf_d                                0x0800023d   Thumb Code     0  _printf_d.o(.ARM.Collect$$_printf_percent$$00000009)
    _printf_percent                          0x0800023d   Thumb Code     0  _printf_percent.o(.ARM.Collect$$_printf_percent$$00000000)
    _printf_u                                0x08000243   Thumb Code     0  _printf_u.o(.ARM.Collect$$_printf_percent$$0000000A)
    _printf_c                                0x08000249   Thumb Code     0  _printf_c.o(.ARM.Collect$$_printf_percent$$00000013)
    _printf_s                                0x0800024f   Thumb Code     0  _printf_s.o(.ARM.Collect$$_printf_percent$$00000014)
    _printf_percent_end                      0x08000255   Thumb Code     0  _printf_percent_end.o(.ARM.Collect$$_printf_percent$$00000017)
    __rt_lib_init                            0x08000259   Thumb Code     0  libinit.o(.ARM.Collect$$libinit$$00000000)
    __rt_lib_init_fp_1                       0x0800025b   Thumb Code     0  libinit2.o(.ARM.Collect$$libinit$$00000001)
    __rt_lib_init_alloca_1                   0x0800025f   Thumb Code     0  libinit2.o(.ARM.Collect$$libinit$$0000002E)
    __rt_lib_init_argv_1                     0x0800025f   Thumb Code     0  libinit2.o(.ARM.Collect$$libinit$$0000002C)
    __rt_lib_init_atexit_1                   0x0800025f   Thumb Code     0  libinit2.o(.ARM.Collect$$libinit$$0000001B)
    __rt_lib_init_clock_1                    0x0800025f   Thumb Code     0  libinit2.o(.ARM.Collect$$libinit$$00000021)
    __rt_lib_init_cpp_1                      0x0800025f   Thumb Code     0  libinit2.o(.ARM.Collect$$libinit$$00000032)
    __rt_lib_init_exceptions_1               0x0800025f   Thumb Code     0  libinit2.o(.ARM.Collect$$libinit$$00000030)
    __rt_lib_init_fp_trap_1                  0x0800025f   Thumb Code     0  libinit2.o(.ARM.Collect$$libinit$$0000001F)
    __rt_lib_init_getenv_1                   0x0800025f   Thumb Code     0  libinit2.o(.ARM.Collect$$libinit$$00000023)
    __rt_lib_init_heap_1                     0x0800025f   Thumb Code     0  libinit2.o(.ARM.Collect$$libinit$$0000000A)
    __rt_lib_init_lc_collate_1               0x0800025f   Thumb Code     0  libinit2.o(.ARM.Collect$$libinit$$00000011)
    __rt_lib_init_lc_ctype_1                 0x0800025f   Thumb Code     0  libinit2.o(.ARM.Collect$$libinit$$00000013)
    __rt_lib_init_lc_monetary_1              0x0800025f   Thumb Code     0  libinit2.o(.ARM.Collect$$libinit$$00000015)
    __rt_lib_init_lc_numeric_1               0x0800025f   Thumb Code     0  libinit2.o(.ARM.Collect$$libinit$$00000017)
    __rt_lib_init_lc_time_1                  0x0800025f   Thumb Code     0  libinit2.o(.ARM.Collect$$libinit$$00000019)
    __rt_lib_init_preinit_1                  0x0800025f   Thumb Code     0  libinit2.o(.ARM.Collect$$libinit$$00000004)
    __rt_lib_init_rand_1                     0x0800025f   Thumb Code     0  libinit2.o(.ARM.Collect$$libinit$$0000000E)
    __rt_lib_init_return                     0x0800025f   Thumb Code     0  libinit2.o(.ARM.Collect$$libinit$$00000033)
    __rt_lib_init_signal_1                   0x0800025f   Thumb Code     0  libinit2.o(.ARM.Collect$$libinit$$0000001D)
    __rt_lib_init_stdio_1                    0x0800025f   Thumb Code     0  libinit2.o(.ARM.Collect$$libinit$$00000025)
    __rt_lib_init_user_alloc_1               0x0800025f   Thumb Code     0  libinit2.o(.ARM.Collect$$libinit$$0000000C)
    __rt_lib_shutdown                        0x08000261   Thumb Code     0  libshutdown.o(.ARM.Collect$$libshutdown$$00000000)
    __rt_lib_shutdown_cpp_1                  0x08000263   Thumb Code     0  libshutdown2.o(.ARM.Collect$$libshutdown$$00000002)
    __rt_lib_shutdown_fp_trap_1              0x08000263   Thumb Code     0  libshutdown2.o(.ARM.Collect$$libshutdown$$00000007)
    __rt_lib_shutdown_heap_1                 0x08000263   Thumb Code     0  libshutdown2.o(.ARM.Collect$$libshutdown$$0000000F)
    __rt_lib_shutdown_return                 0x08000263   Thumb Code     0  libshutdown2.o(.ARM.Collect$$libshutdown$$00000010)
    __rt_lib_shutdown_signal_1               0x08000263   Thumb Code     0  libshutdown2.o(.ARM.Collect$$libshutdown$$0000000A)
    __rt_lib_shutdown_stdio_1                0x08000263   Thumb Code     0  libshutdown2.o(.ARM.Collect$$libshutdown$$00000004)
    __rt_lib_shutdown_user_alloc_1           0x08000263   Thumb Code     0  libshutdown2.o(.ARM.Collect$$libshutdown$$0000000C)
    __rt_entry                               0x08000265   Thumb Code     0  __rtentry.o(.ARM.Collect$$rtentry$$00000000)
    __rt_entry_presh_1                       0x08000265   Thumb Code     0  __rtentry2.o(.ARM.Collect$$rtentry$$00000002)
    __rt_entry_sh                            0x08000265   Thumb Code     0  __rtentry4.o(.ARM.Collect$$rtentry$$00000004)
    __rt_entry_li                            0x0800026b   Thumb Code     0  __rtentry2.o(.ARM.Collect$$rtentry$$0000000A)
    __rt_entry_postsh_1                      0x0800026b   Thumb Code     0  __rtentry2.o(.ARM.Collect$$rtentry$$00000009)
    __rt_entry_main                          0x0800026f   Thumb Code     0  __rtentry2.o(.ARM.Collect$$rtentry$$0000000D)
    __rt_entry_postli_1                      0x0800026f   Thumb Code     0  __rtentry2.o(.ARM.Collect$$rtentry$$0000000C)
    __rt_exit                                0x08000277   Thumb Code     0  rtexit.o(.ARM.Collect$$rtexit$$00000000)
    __rt_exit_ls                             0x08000279   Thumb Code     0  rtexit2.o(.ARM.Collect$$rtexit$$00000003)
    __rt_exit_prels_1                        0x08000279   Thumb Code     0  rtexit2.o(.ARM.Collect$$rtexit$$00000002)
    __rt_exit_exit                           0x0800027d   Thumb Code     0  rtexit2.o(.ARM.Collect$$rtexit$$00000004)
    SVC_Handler                              0x08000285   Thumb Code    28  port.o(.emb_text)
    __asm___6_port_c_39a90d8d__prvStartFirstTask 0x080002a5   Thumb Code    28  port.o(.emb_text)
    __asm___6_port_c_39a90d8d__prvEnableVFP  0x080002c5   Thumb Code    16  port.o(.emb_text)
    PendSV_Handler                           0x080002d9   Thumb Code    88  port.o(.emb_text)
    vPortGetIPSR                             0x08000335   Thumb Code     6  port.o(.emb_text)
    Reset_Handler                            0x0800033d   Thumb Code     8  startup_stm32f407xx.o(.text)
    ADC_IRQHandler                           0x08000357   Thumb Code     0  startup_stm32f407xx.o(.text)
    CAN1_RX0_IRQHandler                      0x08000357   Thumb Code     0  startup_stm32f407xx.o(.text)
    CAN1_RX1_IRQHandler                      0x08000357   Thumb Code     0  startup_stm32f407xx.o(.text)
    CAN1_SCE_IRQHandler                      0x08000357   Thumb Code     0  startup_stm32f407xx.o(.text)
    CAN1_TX_IRQHandler                       0x08000357   Thumb Code     0  startup_stm32f407xx.o(.text)
    CAN2_RX0_IRQHandler                      0x08000357   Thumb Code     0  startup_stm32f407xx.o(.text)
    CAN2_RX1_IRQHandler                      0x08000357   Thumb Code     0  startup_stm32f407xx.o(.text)
    CAN2_SCE_IRQHandler                      0x08000357   Thumb Code     0  startup_stm32f407xx.o(.text)
    CAN2_TX_IRQHandler                       0x08000357   Thumb Code     0  startup_stm32f407xx.o(.text)
    DCMI_IRQHandler                          0x08000357   Thumb Code     0  startup_stm32f407xx.o(.text)
    DMA1_Stream0_IRQHandler                  0x08000357   Thumb Code     0  startup_stm32f407xx.o(.text)
    DMA1_Stream1_IRQHandler                  0x08000357   Thumb Code     0  startup_stm32f407xx.o(.text)
    DMA1_Stream2_IRQHandler                  0x08000357   Thumb Code     0  startup_stm32f407xx.o(.text)
    DMA1_Stream3_IRQHandler                  0x08000357   Thumb Code     0  startup_stm32f407xx.o(.text)
    DMA1_Stream4_IRQHandler                  0x08000357   Thumb Code     0  startup_stm32f407xx.o(.text)
    DMA1_Stream5_IRQHandler                  0x08000357   Thumb Code     0  startup_stm32f407xx.o(.text)
    DMA1_Stream6_IRQHandler                  0x08000357   Thumb Code     0  startup_stm32f407xx.o(.text)
    DMA1_Stream7_IRQHandler                  0x08000357   Thumb Code     0  startup_stm32f407xx.o(.text)
    DMA2_Stream0_IRQHandler                  0x08000357   Thumb Code     0  startup_stm32f407xx.o(.text)
    DMA2_Stream1_IRQHandler                  0x08000357   Thumb Code     0  startup_stm32f407xx.o(.text)
    DMA2_Stream2_IRQHandler                  0x08000357   Thumb Code     0  startup_stm32f407xx.o(.text)
    DMA2_Stream3_IRQHandler                  0x08000357   Thumb Code     0  startup_stm32f407xx.o(.text)
    DMA2_Stream4_IRQHandler                  0x08000357   Thumb Code     0  startup_stm32f407xx.o(.text)
    DMA2_Stream5_IRQHandler                  0x08000357   Thumb Code     0  startup_stm32f407xx.o(.text)
    DMA2_Stream6_IRQHandler                  0x08000357   Thumb Code     0  startup_stm32f407xx.o(.text)
    DMA2_Stream7_IRQHandler                  0x08000357   Thumb Code     0  startup_stm32f407xx.o(.text)
    ETH_IRQHandler                           0x08000357   Thumb Code     0  startup_stm32f407xx.o(.text)
    ETH_WKUP_IRQHandler                      0x08000357   Thumb Code     0  startup_stm32f407xx.o(.text)
    EXTI0_IRQHandler                         0x08000357   Thumb Code     0  startup_stm32f407xx.o(.text)
    EXTI15_10_IRQHandler                     0x08000357   Thumb Code     0  startup_stm32f407xx.o(.text)
    EXTI1_IRQHandler                         0x08000357   Thumb Code     0  startup_stm32f407xx.o(.text)
    EXTI2_IRQHandler                         0x08000357   Thumb Code     0  startup_stm32f407xx.o(.text)
    EXTI3_IRQHandler                         0x08000357   Thumb Code     0  startup_stm32f407xx.o(.text)
    EXTI4_IRQHandler                         0x08000357   Thumb Code     0  startup_stm32f407xx.o(.text)
    EXTI9_5_IRQHandler                       0x08000357   Thumb Code     0  startup_stm32f407xx.o(.text)
    FLASH_IRQHandler                         0x08000357   Thumb Code     0  startup_stm32f407xx.o(.text)
    FMC_IRQHandler                           0x08000357   Thumb Code     0  startup_stm32f407xx.o(.text)
    FPU_IRQHandler                           0x08000357   Thumb Code     0  startup_stm32f407xx.o(.text)
    HASH_RNG_IRQHandler                      0x08000357   Thumb Code     0  startup_stm32f407xx.o(.text)
    I2C1_ER_IRQHandler                       0x08000357   Thumb Code     0  startup_stm32f407xx.o(.text)
    I2C1_EV_IRQHandler                       0x08000357   Thumb Code     0  startup_stm32f407xx.o(.text)
    I2C2_ER_IRQHandler                       0x08000357   Thumb Code     0  startup_stm32f407xx.o(.text)
    I2C2_EV_IRQHandler                       0x08000357   Thumb Code     0  startup_stm32f407xx.o(.text)
    I2C3_ER_IRQHandler                       0x08000357   Thumb Code     0  startup_stm32f407xx.o(.text)
    I2C3_EV_IRQHandler                       0x08000357   Thumb Code     0  startup_stm32f407xx.o(.text)
    OTG_FS_IRQHandler                        0x08000357   Thumb Code     0  startup_stm32f407xx.o(.text)
    OTG_FS_WKUP_IRQHandler                   0x08000357   Thumb Code     0  startup_stm32f407xx.o(.text)
    OTG_HS_EP1_IN_IRQHandler                 0x08000357   Thumb Code     0  startup_stm32f407xx.o(.text)
    OTG_HS_EP1_OUT_IRQHandler                0x08000357   Thumb Code     0  startup_stm32f407xx.o(.text)
    OTG_HS_IRQHandler                        0x08000357   Thumb Code     0  startup_stm32f407xx.o(.text)
    OTG_HS_WKUP_IRQHandler                   0x08000357   Thumb Code     0  startup_stm32f407xx.o(.text)
    PVD_IRQHandler                           0x08000357   Thumb Code     0  startup_stm32f407xx.o(.text)
    RCC_IRQHandler                           0x08000357   Thumb Code     0  startup_stm32f407xx.o(.text)
    SDIO_IRQHandler                          0x08000357   Thumb Code     0  startup_stm32f407xx.o(.text)
    SPI1_IRQHandler                          0x08000357   Thumb Code     0  startup_stm32f407xx.o(.text)
    SPI2_IRQHandler                          0x08000357   Thumb Code     0  startup_stm32f407xx.o(.text)
    SPI3_IRQHandler                          0x08000357   Thumb Code     0  startup_stm32f407xx.o(.text)
    TAMP_STAMP_IRQHandler                    0x08000357   Thumb Code     0  startup_stm32f407xx.o(.text)
    TIM1_BRK_TIM9_IRQHandler                 0x08000357   Thumb Code     0  startup_stm32f407xx.o(.text)
    TIM1_CC_IRQHandler                       0x08000357   Thumb Code     0  startup_stm32f407xx.o(.text)
    TIM1_TRG_COM_TIM11_IRQHandler            0x08000357   Thumb Code     0  startup_stm32f407xx.o(.text)
    TIM1_UP_TIM10_IRQHandler                 0x08000357   Thumb Code     0  startup_stm32f407xx.o(.text)
    TIM2_IRQHandler                          0x08000357   Thumb Code     0  startup_stm32f407xx.o(.text)
    TIM3_IRQHandler                          0x08000357   Thumb Code     0  startup_stm32f407xx.o(.text)
    TIM4_IRQHandler                          0x08000357   Thumb Code     0  startup_stm32f407xx.o(.text)
    TIM5_IRQHandler                          0x08000357   Thumb Code     0  startup_stm32f407xx.o(.text)
    TIM6_DAC_IRQHandler                      0x08000357   Thumb Code     0  startup_stm32f407xx.o(.text)
    TIM7_IRQHandler                          0x08000357   Thumb Code     0  startup_stm32f407xx.o(.text)
    TIM8_BRK_TIM12_IRQHandler                0x08000357   Thumb Code     0  startup_stm32f407xx.o(.text)
    TIM8_CC_IRQHandler                       0x08000357   Thumb Code     0  startup_stm32f407xx.o(.text)
    TIM8_TRG_COM_TIM14_IRQHandler            0x08000357   Thumb Code     0  startup_stm32f407xx.o(.text)
    TIM8_UP_TIM13_IRQHandler                 0x08000357   Thumb Code     0  startup_stm32f407xx.o(.text)
    UART4_IRQHandler                         0x08000357   Thumb Code     0  startup_stm32f407xx.o(.text)
    UART5_IRQHandler                         0x08000357   Thumb Code     0  startup_stm32f407xx.o(.text)
    USART2_IRQHandler                        0x08000357   Thumb Code     0  startup_stm32f407xx.o(.text)
    USART3_IRQHandler                        0x08000357   Thumb Code     0  startup_stm32f407xx.o(.text)
    USART6_IRQHandler                        0x08000357   Thumb Code     0  startup_stm32f407xx.o(.text)
    WWDG_IRQHandler                          0x08000357   Thumb Code     0  startup_stm32f407xx.o(.text)
    __user_initial_stackheap                 0x08000359   Thumb Code     0  startup_stm32f407xx.o(.text)
    __use_no_semihosting                     0x0800037d   Thumb Code     2  use_no_semi_2.o(.text)
    __2printf                                0x08000381   Thumb Code    20  noretval__2printf.o(.text)
    __2sprintf                               0x08000399   Thumb Code    34  noretval__2sprintf.o(.text)
    __printf                                 0x080003c1   Thumb Code   104  __printf.o(.text)
    _printf_str                              0x08000429   Thumb Code    82  _printf_str.o(.text)
    _printf_int_dec                          0x0800047d   Thumb Code   104  _printf_dec.o(.text)
    strcpy                                   0x080004f5   Thumb Code    72  strcpy.o(.text)
    strlen                                   0x0800053d   Thumb Code    62  strlen.o(.text)
    __aeabi_memcpy                           0x0800057b   Thumb Code     0  rt_memcpy_v6.o(.text)
    __rt_memcpy                              0x0800057b   Thumb Code   138  rt_memcpy_v6.o(.text)
    _memcpy_lastbytes                        0x080005e1   Thumb Code     0  rt_memcpy_v6.o(.text)
    __aeabi_memset                           0x08000605   Thumb Code    16  aeabi_memset.o(.text)
    __use_two_region_memory                  0x08000615   Thumb Code     2  heapauxi.o(.text)
    __rt_heap_escrow$2region                 0x08000617   Thumb Code     2  heapauxi.o(.text)
    __rt_heap_expand$2region                 0x08000619   Thumb Code     2  heapauxi.o(.text)
    __I$use$semihosting                      0x0800061b   Thumb Code     0  use_no_semi.o(.text)
    __use_no_semihosting_swi                 0x0800061b   Thumb Code     2  use_no_semi.o(.text)
    _printf_int_common                       0x0800061d   Thumb Code   178  _printf_intcommon.o(.text)
    _printf_char_common                      0x080006db   Thumb Code    32  _printf_char_common.o(.text)
    _sputc                                   0x08000701   Thumb Code    10  _sputc.o(.text)
    _printf_cs_common                        0x0800070b   Thumb Code    20  _printf_char.o(.text)
    _printf_char                             0x0800071f   Thumb Code    16  _printf_char.o(.text)
    _printf_string                           0x0800072f   Thumb Code     8  _printf_char.o(.text)
    _printf_char_file                        0x08000739   Thumb Code    32  _printf_char_file.o(.text)
    __aeabi_memcpy4                          0x0800075d   Thumb Code     0  rt_memcpy_w.o(.text)
    __aeabi_memcpy8                          0x0800075d   Thumb Code     0  rt_memcpy_w.o(.text)
    __rt_memcpy_w                            0x0800075d   Thumb Code   100  rt_memcpy_w.o(.text)
    _memcpy_lastbytes_aligned                0x080007a5   Thumb Code     0  rt_memcpy_w.o(.text)
    __aeabi_memclr                           0x080007c1   Thumb Code     0  rt_memclr.o(.text)
    __rt_memclr                              0x080007c1   Thumb Code    68  rt_memclr.o(.text)
    _memset                                  0x080007c5   Thumb Code     0  rt_memclr.o(.text)
    ferror                                   0x08000805   Thumb Code     8  ferror.o(.text)
    __aeabi_memclr4                          0x0800080d   Thumb Code     0  rt_memclr_w.o(.text)
    __aeabi_memclr8                          0x0800080d   Thumb Code     0  rt_memclr_w.o(.text)
    __rt_memclr_w                            0x0800080d   Thumb Code    78  rt_memclr_w.o(.text)
    _memset_w                                0x08000811   Thumb Code     0  rt_memclr_w.o(.text)
    __user_setup_stackheap                   0x0800085b   Thumb Code    74  sys_stackheap_outer.o(.text)
    exit                                     0x080008a5   Thumb Code    18  exit.o(.text)
    __user_libspace                          0x080008b9   Thumb Code     8  libspace.o(.text)
    __user_perproc_libspace                  0x080008b9   Thumb Code     0  libspace.o(.text)
    __user_perthread_libspace                0x080008b9   Thumb Code     0  libspace.o(.text)
    BusFault_Handler                         0x080008c1   Thumb Code     2  stm32f4xx_it.o(i.BusFault_Handler)
    DebugMon_Handler                         0x080008c3   Thumb Code     2  stm32f4xx_it.o(i.DebugMon_Handler)
    GetKeyVAl                                0x080008c5   Thumb Code    70  key.o(i.GetKeyVAl)
    HAL_DMA_Abort_IT                         0x08000915   Thumb Code    36  stm32f4xx_hal_dma.o(i.HAL_DMA_Abort_IT)
    HAL_GPIO_Init                            0x08000939   Thumb Code   402  stm32f4xx_hal_gpio.o(i.HAL_GPIO_Init)
    HAL_GPIO_WritePin                        0x08000af9   Thumb Code    10  stm32f4xx_hal_gpio.o(i.HAL_GPIO_WritePin)
    HAL_GetTick                              0x08000b05   Thumb Code     6  stm32f4xx_hal.o(i.HAL_GetTick)
    HAL_Init                                 0x08000b11   Thumb Code    40  stm32f4xx_hal.o(i.HAL_Init)
    HAL_InitTick                             0x08000b3d   Thumb Code    34  stm32f4xx_hal.o(i.HAL_InitTick)
    HAL_MspInit                              0x08000b65   Thumb Code     2  stm32f4xx_hal_msp.o(i.HAL_MspInit)
    HAL_NVIC_EnableIRQ                       0x08000b67   Thumb Code    22  stm32f4xx_hal_cortex.o(i.HAL_NVIC_EnableIRQ)
    HAL_NVIC_SetPriority                     0x08000b7d   Thumb Code    60  stm32f4xx_hal_cortex.o(i.HAL_NVIC_SetPriority)
    HAL_NVIC_SetPriorityGrouping             0x08000bbd   Thumb Code    26  stm32f4xx_hal_cortex.o(i.HAL_NVIC_SetPriorityGrouping)
    HAL_PWR_EnableBkUpAccess                 0x08000be1   Thumb Code    20  stm32f4xx_hal_pwr.o(i.HAL_PWR_EnableBkUpAccess)
    HAL_RCCEx_PeriphCLKConfig                0x08000bf9   Thumb Code   318  stm32f4xx_hal_rcc_ex.o(i.HAL_RCCEx_PeriphCLKConfig)
    HAL_RCC_GetPCLK1Freq                     0x08000d4d   Thumb Code    34  stm32f4xx_hal_rcc.o(i.HAL_RCC_GetPCLK1Freq)
    HAL_RCC_GetPCLK2Freq                     0x08000d7d   Thumb Code    34  stm32f4xx_hal_rcc.o(i.HAL_RCC_GetPCLK2Freq)
    HAL_RCC_OscConfig                        0x08000dad   Thumb Code   766  stm32f4xx_hal_rcc.o(i.HAL_RCC_OscConfig)
    HAL_RTCEx_AlarmBEventCallback            0x080010c1   Thumb Code     2  stm32f4xx_hal_rtc_ex.o(i.HAL_RTCEx_AlarmBEventCallback)
    HAL_RTCEx_BKUPRead                       0x080010c3   Thumb Code    10  stm32f4xx_hal_rtc_ex.o(i.HAL_RTCEx_BKUPRead)
    HAL_RTCEx_BKUPWrite                      0x080010cd   Thumb Code    10  stm32f4xx_hal_rtc_ex.o(i.HAL_RTCEx_BKUPWrite)
    HAL_RTCEx_WakeUpTimerEventCallback       0x080010d7   Thumb Code     2  rtc.o(i.HAL_RTCEx_WakeUpTimerEventCallback)
    HAL_RTCEx_WakeUpTimerIRQHandler          0x080010d9   Thumb Code    52  stm32f4xx_hal_rtc_ex.o(i.HAL_RTCEx_WakeUpTimerIRQHandler)
    HAL_RTC_AlarmAEventCallback              0x08001111   Thumb Code     6  rtc.o(i.HAL_RTC_AlarmAEventCallback)
    HAL_RTC_AlarmIRQHandler                  0x08001125   Thumb Code    86  stm32f4xx_hal_rtc.o(i.HAL_RTC_AlarmIRQHandler)
    HAL_RTC_GetDate                          0x08001181   Thumb Code    62  stm32f4xx_hal_rtc.o(i.HAL_RTC_GetDate)
    HAL_RTC_GetTime                          0x080011c5   Thumb Code    82  stm32f4xx_hal_rtc.o(i.HAL_RTC_GetTime)
    HAL_RTC_Init                             0x0800121d   Thumb Code   150  stm32f4xx_hal_rtc.o(i.HAL_RTC_Init)
    HAL_RTC_MspInit                          0x080012b9   Thumb Code    66  rtc.o(i.HAL_RTC_MspInit)
    HAL_RTC_SetDate                          0x08001305   Thumb Code   204  stm32f4xx_hal_rtc.o(i.HAL_RTC_SetDate)
    HAL_RTC_SetTime                          0x080013d5   Thumb Code   236  stm32f4xx_hal_rtc.o(i.HAL_RTC_SetTime)
    HAL_RTC_WaitForSynchro                   0x080014c5   Thumb Code    52  stm32f4xx_hal_rtc.o(i.HAL_RTC_WaitForSynchro)
    HAL_SYSTICK_CLKSourceConfig              0x080014f9   Thumb Code    24  stm32f4xx_hal_cortex.o(i.HAL_SYSTICK_CLKSourceConfig)
    HAL_SYSTICK_Config                       0x08001511   Thumb Code    40  stm32f4xx_hal_cortex.o(i.HAL_SYSTICK_Config)
    HAL_UART_ErrorCallback                   0x08001539   Thumb Code     2  stm32f4xx_hal_uart.o(i.HAL_UART_ErrorCallback)
    HAL_UART_GetState                        0x0800153b   Thumb Code    10  stm32f4xx_hal_uart.o(i.HAL_UART_GetState)
    HAL_UART_IRQHandler                      0x08001545   Thumb Code   266  stm32f4xx_hal_uart.o(i.HAL_UART_IRQHandler)
    HAL_UART_Init                            0x08001655   Thumb Code    98  stm32f4xx_hal_uart.o(i.HAL_UART_Init)
    HAL_UART_MspInit                         0x080016b9   Thumb Code   112  usart.o(i.HAL_UART_MspInit)
    HAL_UART_Receive_IT                      0x08001735   Thumb Code    72  stm32f4xx_hal_uart.o(i.HAL_UART_Receive_IT)
    HAL_UART_RxCpltCallback                  0x0800177d   Thumb Code    76  usart.o(i.HAL_UART_RxCpltCallback)
    HAL_UART_TxCpltCallback                  0x080017d5   Thumb Code     2  stm32f4xx_hal_uart.o(i.HAL_UART_TxCpltCallback)
    HardFault_Handler                        0x080017d7   Thumb Code     2  stm32f4xx_it.o(i.HardFault_Handler)
    IIC_Start                                0x080017d9   Thumb Code    60  oled.o(i.IIC_Start)
    IIC_Stop                                 0x08001819   Thumb Code    44  oled.o(i.IIC_Stop)
    IIC_Wait_Ack                             0x08001849   Thumb Code    34  oled.o(i.IIC_Wait_Ack)
    LED_Init                                 0x08001871   Thumb Code    62  led.o(i.LED_Init)
    MemManage_Handler                        0x080018b9   Thumb Code     2  stm32f4xx_it.o(i.MemManage_Handler)
    NMI_Handler                              0x080018bb   Thumb Code     2  stm32f4xx_it.o(i.NMI_Handler)
    OLED_Clear                               0x080018dd   Thumb Code    58  oled.o(i.OLED_Clear)
    OLED_DrawBMP                             0x08001917   Thumb Code    64  oled.o(i.OLED_DrawBMP)
    OLED_Init                                0x08001959   Thumb Code   292  oled.o(i.OLED_Init)
    OLED_Part_Clear                          0x08001a85   Thumb Code    62  oled.o(i.OLED_Part_Clear)
    OLED_Set_Pos                             0x08001ac3   Thumb Code    42  oled.o(i.OLED_Set_Pos)
    OLED_ShowCHinese                         0x08001aed   Thumb Code    74  oled.o(i.OLED_ShowCHinese)
    OLED_ShowChar                            0x08001b3d   Thumb Code   128  oled.o(i.OLED_ShowChar)
    OLED_ShowString                          0x08001bc5   Thumb Code    54  oled.o(i.OLED_ShowString)
    OLED_Show_32_32                          0x08001bfd   Thumb Code   174  oled.o(i.OLED_Show_32_32)
    OLED_Show_32_char                        0x08001cb1   Thumb Code   134  oled.o(i.OLED_Show_32_char)
    OLED_WR_Byte                             0x08001d37   Thumb Code    12  oled.o(i.OLED_WR_Byte)
    RTC_Alarm_IRQHandler                     0x08001d45   Thumb Code     6  rtc.o(i.RTC_Alarm_IRQHandler)
    RTC_Bcd2ToByte                           0x08001d51   Thumb Code    18  stm32f4xx_hal_rtc.o(i.RTC_Bcd2ToByte)
    RTC_ByteToBcd2                           0x08001d63   Thumb Code    22  stm32f4xx_hal_rtc.o(i.RTC_ByteToBcd2)
    RTC_EnterInitMode                        0x08001d79   Thumb Code    56  stm32f4xx_hal_rtc.o(i.RTC_EnterInitMode)
    RTC_Init                                 0x08001db1   Thumb Code    90  rtc.o(i.RTC_Init)
    RTC_Set_Date                             0x08001e15   Thumb Code    30  rtc.o(i.RTC_Set_Date)
    RTC_Set_Time                             0x08001e39   Thumb Code    40  rtc.o(i.RTC_Set_Time)
    RTC_WKUP_IRQHandler                      0x08001e65   Thumb Code     6  rtc.o(i.RTC_WKUP_IRQHandler)
    SysTick_Handler                          0x08001e71   Thumb Code    20  delay.o(i.SysTick_Handler)
    SystemInit                               0x08001e85   Thumb Code    66  system_stm32f4xx.o(i.SystemInit)
    TimerCallbackFunc                        0x08001ed9   Thumb Code    70  main.o(i.TimerCallbackFunc)
    TimerCallbackFunc_Timeout_detection      0x08001f25   Thumb Code    42  main.o(i.TimerCallbackFunc_Timeout_detection)
    USART1_IRQHandler                        0x0800231d   Thumb Code    34  usart.o(i.USART1_IRQHandler)
    UsageFault_Handler                       0x08002349   Thumb Code     2  stm32f4xx_it.o(i.UsageFault_Handler)
    Write_IIC_Byte                           0x0800234d   Thumb Code    86  oled.o(i.Write_IIC_Byte)
    Write_IIC_Command                        0x080023a9   Thumb Code    46  oled.o(i.Write_IIC_Command)
    Write_IIC_Data                           0x080023d7   Thumb Code    46  oled.o(i.Write_IIC_Data)
    _sys_exit                                0x08002405   Thumb Code     2  usart.o(i._sys_exit)
    bsp_InitI2C                              0x08002409   Thumb Code    56  max30102.o(i.bsp_InitI2C)
    delay_init                               0x08002449   Thumb Code    50  delay.o(i.delay_init)
    delay_ms                                 0x08002481   Thumb Code    52  delay.o(i.delay_ms)
    delay_us                                 0x080024b9   Thumb Code    48  delay.o(i.delay_us)
    delay_xms                                0x080024ed   Thumb Code    26  delay.o(i.delay_xms)
    eTaskGetState                            0x08002509   Thumb Code    94  tasks.o(i.eTaskGetState)
    fputc                                    0x08002571   Thumb Code    14  usart.o(i.fputc)
    key_Init                                 0x08002585   Thumb Code    48  key.o(i.key_Init)
    main                                     0x080025bd   Thumb Code    76  main.o(i.main)
    max30102_i2c_Ack                         0x0800261d   Thumb Code    36  max30102.o(i.max30102_i2c_Ack)
    max30102_i2c_NAck                        0x08002651   Thumb Code    36  max30102.o(i.max30102_i2c_NAck)
    max30102_i2c_ReadByte                    0x08002679   Thumb Code   114  max30102.o(i.max30102_i2c_ReadByte)
    max30102_i2c_SendByte                    0x080026f5   Thumb Code    72  max30102.o(i.max30102_i2c_SendByte)
    max30102_i2c_Start                       0x08002741   Thumb Code    40  max30102.o(i.max30102_i2c_Start)
    max30102_i2c_Stop                        0x0800276d   Thumb Code    34  max30102.o(i.max30102_i2c_Stop)
    max30102_i2c_WaitAck                     0x08002795   Thumb Code    88  max30102.o(i.max30102_i2c_WaitAck)
    max30102_run                             0x080027f5   Thumb Code   890  app.o(i.max30102_run)
    maxim_find_peaks                         0x08002b91   Thumb Code    50  algorithm.o(i.maxim_find_peaks)
    maxim_heart_rate_and_oxygen_saturation   0x08002bc5   Thumb Code   876  algorithm.o(i.maxim_heart_rate_and_oxygen_saturation)
    maxim_max30102_init                      0x08002f45   Thumb Code   182  max30102.o(i.maxim_max30102_init)
    maxim_max30102_read_fifo                 0x08003005   Thumb Code   206  max30102.o(i.maxim_max30102_read_fifo)
    maxim_max30102_read_reg                  0x080030d3   Thumb Code    76  max30102.o(i.maxim_max30102_read_reg)
    maxim_max30102_write_reg                 0x0800311f   Thumb Code    62  max30102.o(i.maxim_max30102_write_reg)
    maxim_peaks_above_min_height             0x0800315d   Thumb Code   102  algorithm.o(i.maxim_peaks_above_min_height)
    maxim_remove_close_peaks                 0x080031c3   Thumb Code   102  algorithm.o(i.maxim_remove_close_peaks)
    maxim_sort_ascend                        0x08003229   Thumb Code    48  algorithm.o(i.maxim_sort_ascend)
    maxim_sort_indices_descend               0x08003259   Thumb Code    56  algorithm.o(i.maxim_sort_indices_descend)
    pvPortMalloc                             0x08003a85   Thumb Code   210  heap_4.o(i.pvPortMalloc)
    pvTaskIncrementMutexHeldCount            0x08003b5d   Thumb Code    18  tasks.o(i.pvTaskIncrementMutexHeldCount)
    pxPortInitialiseStack                    0x08003b75   Thumb Code    40  port.o(i.pxPortInitialiseStack)
    uart_init                                0x08003ba1   Thumb Code    28  usart.o(i.uart_init)
    uxListRemove                             0x08003bc5   Thumb Code    36  list.o(i.uxListRemove)
    uxTaskGetSystemState                     0x08003be9   Thumb Code   158  tasks.o(i.uxTaskGetSystemState)
    vListInitialise                          0x08003c95   Thumb Code    22  list.o(i.vListInitialise)
    vListInitialiseItem                      0x08003cab   Thumb Code     6  list.o(i.vListInitialiseItem)
    vListInsert                              0x08003cb1   Thumb Code    48  list.o(i.vListInsert)
    vListInsertEnd                           0x08003ce1   Thumb Code    24  list.o(i.vListInsertEnd)
    vPortEnterCritical                       0x08003cf9   Thumb Code    54  port.o(i.vPortEnterCritical)
    vPortExitCritical                        0x08003d39   Thumb Code    34  port.o(i.vPortExitCritical)
    vPortFree                                0x08003d61   Thumb Code    88  heap_4.o(i.vPortFree)
    vPortSetupTimerInterrupt                 0x08003dbd   Thumb Code    26  port.o(i.vPortSetupTimerInterrupt)
    vPortValidateInterruptPriority           0x08003ddd   Thumb Code    74  port.o(i.vPortValidateInterruptPriority)
    vQueueAddToRegistry                      0x08003e31   Thumb Code    32  queue.o(i.vQueueAddToRegistry)
    vQueueWaitForMessageRestricted           0x08003e55   Thumb Code    68  queue.o(i.vQueueWaitForMessageRestricted)
    vTaskDelay                               0x08003e99   Thumb Code    66  tasks.o(i.vTaskDelay)
    vTaskDelete                              0x08003ee5   Thumb Code   156  tasks.o(i.vTaskDelete)
    vTaskDisplayAssist                       0x08003f91   Thumb Code   296  main.o(i.vTaskDisplayAssist)
    vTaskGETRTC                              0x080040bd   Thumb Code    48  main.o(i.vTaskGETRTC)
    vTaskGetInfo                             0x080040f9   Thumb Code   128  tasks.o(i.vTaskGetInfo)
    vTaskLed                                 0x0800417d   Thumb Code    70  main.o(i.vTaskLed)
    vTaskList                                0x080041d5   Thumb Code   188  tasks.o(i.vTaskList)
    vTaskMAX30102                            0x080042a5   Thumb Code    94  main.o(i.vTaskMAX30102)
    vTaskMissedYield                         0x08004309   Thumb Code     8  tasks.o(i.vTaskMissedYield)
    vTaskOledDisplay                         0x08004315   Thumb Code   746  main.o(i.vTaskOledDisplay)
    vTaskPlaceOnEventList                    0x08004649   Thumb Code    44  tasks.o(i.vTaskPlaceOnEventList)
    vTaskPlaceOnEventListRestricted          0x08004679   Thumb Code    52  tasks.o(i.vTaskPlaceOnEventListRestricted)
    vTaskPriorityInherit                     0x080046b1   Thumb Code   124  tasks.o(i.vTaskPriorityInherit)
    vTaskSetTimeOutState                     0x08004735   Thumb Code    30  tasks.o(i.vTaskSetTimeOutState)
    vTaskStartScheduler                      0x08004759   Thumb Code    94  tasks.o(i.vTaskStartScheduler)
    vTaskSuspendAll                          0x080047c9   Thumb Code    10  tasks.o(i.vTaskSuspendAll)
    vTaskSwitchContext                       0x080047d9   Thumb Code    82  tasks.o(i.vTaskSwitchContext)
    vTaskinit                                0x08004835   Thumb Code   176  main.o(i.vTaskinit)
    xPortStartScheduler                      0x0800497d   Thumb Code   208  port.o(i.xPortStartScheduler)
    xPortSysTickHandler                      0x08004a61   Thumb Code    38  port.o(i.xPortSysTickHandler)
    xQueueGenericCreate                      0x08004a8d   Thumb Code    86  queue.o(i.xQueueGenericCreate)
    xQueueGenericReceive                     0x08004ae5   Thumb Code   362  queue.o(i.xQueueGenericReceive)
    xQueueGenericReset                       0x08004c55   Thumb Code   132  queue.o(i.xQueueGenericReset)
    xQueueGenericSend                        0x08004cdd   Thumb Code   368  queue.o(i.xQueueGenericSend)
    xQueueGenericSendFromISR                 0x08004e51   Thumb Code   202  queue.o(i.xQueueGenericSendFromISR)
    xTaskCheckForTimeOut                     0x08004f1d   Thumb Code   102  tasks.o(i.xTaskCheckForTimeOut)
    xTaskCreate                              0x08004f89   Thumb Code    86  tasks.o(i.xTaskCreate)
    xTaskGenericNotify                       0x08004fe1   Thumb Code   190  tasks.o(i.xTaskGenericNotify)
    xTaskGetSchedulerState                   0x080050ad   Thumb Code    22  tasks.o(i.xTaskGetSchedulerState)
    xTaskGetTickCount                        0x080050c9   Thumb Code     6  tasks.o(i.xTaskGetTickCount)
    xTaskIncrementTick                       0x080050d5   Thumb Code   192  tasks.o(i.xTaskIncrementTick)
    xTaskNotifyWait                          0x0800519d   Thumb Code   130  tasks.o(i.xTaskNotifyWait)
    xTaskPriorityDisinherit                  0x08005229   Thumb Code   144  tasks.o(i.xTaskPriorityDisinherit)
    xTaskRemoveFromEventList                 0x080052c1   Thumb Code   106  tasks.o(i.xTaskRemoveFromEventList)
    xTaskResumeAll                           0x08005339   Thumb Code   182  tasks.o(i.xTaskResumeAll)
    xTimerCreate                             0x080053fd   Thumb Code    78  timers.o(i.xTimerCreate)
    xTimerCreateTimerTask                    0x0800544d   Thumb Code    58  timers.o(i.xTimerCreateTimerTask)
    xTimerGenericCommand                     0x08005499   Thumb Code    94  timers.o(i.xTimerGenericCommand)
    _fp_init                                 0x080054fd   Thumb Code    10  fpinit.o(x$fpl$fpinit)
    __fplib_config_fpu_vfp                   0x08005505   Thumb Code     0  fpinit.o(x$fpl$fpinit)
    __fplib_config_pureend_doubles           0x08005505   Thumb Code     0  fpinit.o(x$fpl$fpinit)
    BMP1                                     0x08005506   Data         256  main.o(.constdata)
    BMP2                                     0x08005606   Data         384  main.o(.constdata)
    APBPrescTable                            0x08005786   Data           8  system_stm32f4xx.o(.constdata)
    F6x8                                     0x08005790   Data         552  oled.o(.constdata)
    F8X16                                    0x080059b8   Data        1520  oled.o(.constdata)
    able32_32                                0x08005fa8   Data        5376  oled.o(.constdata)
    auw_hamm                                 0x080074a8   Data          62  algorithm.o(.constdata)
    uch_spo2_table                           0x080074e6   Data         184  algorithm.o(.constdata)
    Region$$Table$$Base                      0x080075a0   Number         0  anon$$obj.o(Region$$Table)
    Region$$Table$$Limit                     0x080075c0   Number         0  anon$$obj.o(Region$$Table)
    Current_State                            0x20000000   Data           1  main.o(.data)
    Next_State                               0x20000001   Data           1  main.o(.data)
    heart_rate                               0x20000002   Data           1  main.o(.data)
    TaskinitHandle                           0x20000004   Data           4  main.o(.data)
    TaskLedHandle                            0x20000008   Data           4  main.o(.data)
    TaskOledDisplayAssistHandle              0x2000000c   Data           4  main.o(.data)
    TaskOledDisplayHandle                    0x20000010   Data           4  main.o(.data)
    TaskRTCHandle                            0x20000014   Data           4  main.o(.data)
    RTC_DateStruct                           0x20000018   Data           4  main.o(.data)
    TaskMAX30102Handle                       0x2000001c   Data           4  main.o(.data)
    Timer1                                   0x20000020   Data           4  main.o(.data)
    Timer_timeout                            0x20000024   Data           4  main.o(.data)
    ch_spo2_valid                            0x20000028   Data           1  app.o(.data)
    ch_hr_valid                              0x20000029   Data           1  app.o(.data)
    hrValidCnt                               0x2000002c   Data           4  app.o(.data)
    spo2ValidCnt                             0x20000030   Data           4  app.o(.data)
    hrThrowOutSamp                           0x20000034   Data           4  app.o(.data)
    spo2ThrowOutSamp                         0x20000038   Data           4  app.o(.data)
    spo2Timeout                              0x2000003c   Data           4  app.o(.data)
    hrTimeout                                0x20000040   Data           4  app.o(.data)
    n_ir_buffer_length                       0x20000044   Data           4  app.o(.data)
    n_spo2                                   0x20000048   Data           4  app.o(.data)
    n_heart_rate                             0x2000004c   Data           4  app.o(.data)
    hrSum                                    0x20000050   Data           4  app.o(.data)
    hrAvg                                    0x20000054   Data           4  app.o(.data)
    spo2Sum                                  0x20000058   Data           4  app.o(.data)
    spo2Avg                                  0x2000005c   Data           4  app.o(.data)
    spo2BuffFilled                           0x20000060   Data           4  app.o(.data)
    hrBuffFilled                             0x20000064   Data           4  app.o(.data)
    SystemCoreClock                          0x20000068   Data           4  system_stm32f4xx.o(.data)
    uwTick                                   0x2000006c   Data           4  stm32f4xx_hal.o(.data)
    aRxBuffer                                0x20000074   Data           1  usart.o(.data)
    USART_RX_STA                             0x20000076   Data           2  usart.o(.data)
    __stdout                                 0x20000078   Data           4  usart.o(.data)
    Hzk                                      0x2000007f   Data         192  oled.o(.data)
    pxCurrentTCB                             0x20000140   Data           4  tasks.o(.data)
    _pcWriteBuffer                           0x200001b4   Data         400  main.o(.bss)
    RTC_TimeStruct                           0x20000344   Data          20  main.o(.bss)
    aun_ir_buffer                            0x20000358   Data         600  app.o(.bss)
    aun_red_buffer                           0x200005b0   Data         600  app.o(.bss)
    hr_buf                                   0x20000808   Data          64  app.o(.bss)
    spo2_buf                                 0x20000848   Data          64  app.o(.bss)
    USART_RX_BUF                             0x20000888   Data         200  usart.o(.bss)
    UART1_Handler                            0x20000950   Data          64  usart.o(.bss)
    RTC_Handler                              0x20000990   Data          32  rtc.o(.bss)
    xQueueRegistry                           0x20002110   Data          64  queue.o(.bss)
    __libspace_start                         0x2000745c   Data          96  libspace.o(.bss)
    __temporary_stack_top$libspace           0x200074bc   Data           0  libspace.o(.bss)



==============================================================================

Memory Map of the image

  Image Entry point : 0x08000189

  Load Region LR_IROM1 (Base: 0x08000000, Size: 0x00007774, Max: 0x00080000, ABSOLUTE, COMPRESSED[0x00007624])

    Execution Region ER_IROM1 (Exec base: 0x08000000, Load base: 0x08000000, Size: 0x000075c0, Max: 0x00080000, ABSOLUTE)

    Exec Addr    Load Addr    Size         Type   Attr      Idx    E Section Name        Object

    0x08000000   0x08000000   0x00000188   Data   RO          619    RESET               startup_stm32f407xx.o
    0x08000188   0x08000188   0x00000008   Code   RO         4040  * !!!main             c_w.l(__main.o)
    0x08000190   0x08000190   0x00000034   Code   RO         4220    !!!scatter          c_w.l(__scatter.o)
    0x080001c4   0x080001c4   0x0000005a   Code   RO         4218    !!dczerorl2         c_w.l(__dczerorl2.o)
    0x0800021e   0x0800021e   0x00000002   PAD
    0x08000220   0x08000220   0x0000001c   Code   RO         4222    !!handler_zi        c_w.l(__scatter_zi.o)
    0x0800023c   0x0800023c   0x00000000   Code   RO         4029    .ARM.Collect$$_printf_percent$$00000000  c_w.l(_printf_percent.o)
    0x0800023c   0x0800023c   0x00000006   Code   RO         4027    .ARM.Collect$$_printf_percent$$00000009  c_w.l(_printf_d.o)
    0x08000242   0x08000242   0x00000006   Code   RO         4028    .ARM.Collect$$_printf_percent$$0000000A  c_w.l(_printf_u.o)
    0x08000248   0x08000248   0x00000006   Code   RO         4025    .ARM.Collect$$_printf_percent$$00000013  c_w.l(_printf_c.o)
    0x0800024e   0x0800024e   0x00000006   Code   RO         4026    .ARM.Collect$$_printf_percent$$00000014  c_w.l(_printf_s.o)
    0x08000254   0x08000254   0x00000004   Code   RO         4055    .ARM.Collect$$_printf_percent$$00000017  c_w.l(_printf_percent_end.o)
    0x08000258   0x08000258   0x00000002   Code   RO         4092    .ARM.Collect$$libinit$$00000000  c_w.l(libinit.o)
    0x0800025a   0x0800025a   0x00000004   Code   RO         4098    .ARM.Collect$$libinit$$00000001  c_w.l(libinit2.o)
    0x0800025e   0x0800025e   0x00000000   Code   RO         4101    .ARM.Collect$$libinit$$00000004  c_w.l(libinit2.o)
    0x0800025e   0x0800025e   0x00000000   Code   RO         4104    .ARM.Collect$$libinit$$0000000A  c_w.l(libinit2.o)
    0x0800025e   0x0800025e   0x00000000   Code   RO         4106    .ARM.Collect$$libinit$$0000000C  c_w.l(libinit2.o)
    0x0800025e   0x0800025e   0x00000000   Code   RO         4108    .ARM.Collect$$libinit$$0000000E  c_w.l(libinit2.o)
    0x0800025e   0x0800025e   0x00000000   Code   RO         4111    .ARM.Collect$$libinit$$00000011  c_w.l(libinit2.o)
    0x0800025e   0x0800025e   0x00000000   Code   RO         4113    .ARM.Collect$$libinit$$00000013  c_w.l(libinit2.o)
    0x0800025e   0x0800025e   0x00000000   Code   RO         4115    .ARM.Collect$$libinit$$00000015  c_w.l(libinit2.o)
    0x0800025e   0x0800025e   0x00000000   Code   RO         4117    .ARM.Collect$$libinit$$00000017  c_w.l(libinit2.o)
    0x0800025e   0x0800025e   0x00000000   Code   RO         4119    .ARM.Collect$$libinit$$00000019  c_w.l(libinit2.o)
    0x0800025e   0x0800025e   0x00000000   Code   RO         4121    .ARM.Collect$$libinit$$0000001B  c_w.l(libinit2.o)
    0x0800025e   0x0800025e   0x00000000   Code   RO         4123    .ARM.Collect$$libinit$$0000001D  c_w.l(libinit2.o)
    0x0800025e   0x0800025e   0x00000000   Code   RO         4125    .ARM.Collect$$libinit$$0000001F  c_w.l(libinit2.o)
    0x0800025e   0x0800025e   0x00000000   Code   RO         4127    .ARM.Collect$$libinit$$00000021  c_w.l(libinit2.o)
    0x0800025e   0x0800025e   0x00000000   Code   RO         4129    .ARM.Collect$$libinit$$00000023  c_w.l(libinit2.o)
    0x0800025e   0x0800025e   0x00000000   Code   RO         4131    .ARM.Collect$$libinit$$00000025  c_w.l(libinit2.o)
    0x0800025e   0x0800025e   0x00000000   Code   RO         4135    .ARM.Collect$$libinit$$0000002C  c_w.l(libinit2.o)
    0x0800025e   0x0800025e   0x00000000   Code   RO         4137    .ARM.Collect$$libinit$$0000002E  c_w.l(libinit2.o)
    0x0800025e   0x0800025e   0x00000000   Code   RO         4139    .ARM.Collect$$libinit$$00000030  c_w.l(libinit2.o)
    0x0800025e   0x0800025e   0x00000000   Code   RO         4141    .ARM.Collect$$libinit$$00000032  c_w.l(libinit2.o)
    0x0800025e   0x0800025e   0x00000002   Code   RO         4142    .ARM.Collect$$libinit$$00000033  c_w.l(libinit2.o)
    0x08000260   0x08000260   0x00000002   Code   RO         4160    .ARM.Collect$$libshutdown$$00000000  c_w.l(libshutdown.o)
    0x08000262   0x08000262   0x00000000   Code   RO         4170    .ARM.Collect$$libshutdown$$00000002  c_w.l(libshutdown2.o)
    0x08000262   0x08000262   0x00000000   Code   RO         4172    .ARM.Collect$$libshutdown$$00000004  c_w.l(libshutdown2.o)
    0x08000262   0x08000262   0x00000000   Code   RO         4175    .ARM.Collect$$libshutdown$$00000007  c_w.l(libshutdown2.o)
    0x08000262   0x08000262   0x00000000   Code   RO         4178    .ARM.Collect$$libshutdown$$0000000A  c_w.l(libshutdown2.o)
    0x08000262   0x08000262   0x00000000   Code   RO         4180    .ARM.Collect$$libshutdown$$0000000C  c_w.l(libshutdown2.o)
    0x08000262   0x08000262   0x00000000   Code   RO         4183    .ARM.Collect$$libshutdown$$0000000F  c_w.l(libshutdown2.o)
    0x08000262   0x08000262   0x00000002   Code   RO         4184    .ARM.Collect$$libshutdown$$00000010  c_w.l(libshutdown2.o)
    0x08000264   0x08000264   0x00000000   Code   RO         4044    .ARM.Collect$$rtentry$$00000000  c_w.l(__rtentry.o)
    0x08000264   0x08000264   0x00000000   Code   RO         4061    .ARM.Collect$$rtentry$$00000002  c_w.l(__rtentry2.o)
    0x08000264   0x08000264   0x00000006   Code   RO         4073    .ARM.Collect$$rtentry$$00000004  c_w.l(__rtentry4.o)
    0x0800026a   0x0800026a   0x00000000   Code   RO         4063    .ARM.Collect$$rtentry$$00000009  c_w.l(__rtentry2.o)
    0x0800026a   0x0800026a   0x00000004   Code   RO         4064    .ARM.Collect$$rtentry$$0000000A  c_w.l(__rtentry2.o)
    0x0800026e   0x0800026e   0x00000000   Code   RO         4066    .ARM.Collect$$rtentry$$0000000C  c_w.l(__rtentry2.o)
    0x0800026e   0x0800026e   0x00000008   Code   RO         4067    .ARM.Collect$$rtentry$$0000000D  c_w.l(__rtentry2.o)
    0x08000276   0x08000276   0x00000002   Code   RO         4096    .ARM.Collect$$rtexit$$00000000  c_w.l(rtexit.o)
    0x08000278   0x08000278   0x00000000   Code   RO         4144    .ARM.Collect$$rtexit$$00000002  c_w.l(rtexit2.o)
    0x08000278   0x08000278   0x00000004   Code   RO         4145    .ARM.Collect$$rtexit$$00000003  c_w.l(rtexit2.o)
    0x0800027c   0x0800027c   0x00000006   Code   RO         4146    .ARM.Collect$$rtexit$$00000004  c_w.l(rtexit2.o)
    0x08000282   0x08000282   0x00000002   PAD
    0x08000284   0x08000284   0x000000b6   Code   RO         3910    .emb_text           port.o
    0x0800033a   0x0800033a   0x00000002   PAD
    0x0800033c   0x0800033c   0x00000040   Code   RO          620    .text               startup_stm32f407xx.o
    0x0800037c   0x0800037c   0x00000002   Code   RO         3989    .text               c_w.l(use_no_semi_2.o)
    0x0800037e   0x0800037e   0x00000002   PAD
    0x08000380   0x08000380   0x00000018   Code   RO         3995    .text               c_w.l(noretval__2printf.o)
    0x08000398   0x08000398   0x00000028   Code   RO         3997    .text               c_w.l(noretval__2sprintf.o)
    0x080003c0   0x080003c0   0x00000068   Code   RO         3999    .text               c_w.l(__printf.o)
    0x08000428   0x08000428   0x00000052   Code   RO         4001    .text               c_w.l(_printf_str.o)
    0x0800047a   0x0800047a   0x00000002   PAD
    0x0800047c   0x0800047c   0x00000078   Code   RO         4003    .text               c_w.l(_printf_dec.o)
    0x080004f4   0x080004f4   0x00000048   Code   RO         4030    .text               c_w.l(strcpy.o)
    0x0800053c   0x0800053c   0x0000003e   Code   RO         4032    .text               c_w.l(strlen.o)
    0x0800057a   0x0800057a   0x0000008a   Code   RO         4034    .text               c_w.l(rt_memcpy_v6.o)
    0x08000604   0x08000604   0x00000010   Code   RO         4036    .text               c_w.l(aeabi_memset.o)
    0x08000614   0x08000614   0x00000006   Code   RO         4038    .text               c_w.l(heapauxi.o)
    0x0800061a   0x0800061a   0x00000002   Code   RO         4042    .text               c_w.l(use_no_semi.o)
    0x0800061c   0x0800061c   0x000000b2   Code   RO         4045    .text               c_w.l(_printf_intcommon.o)
    0x080006ce   0x080006ce   0x00000002   PAD
    0x080006d0   0x080006d0   0x00000030   Code   RO         4047    .text               c_w.l(_printf_char_common.o)
    0x08000700   0x08000700   0x0000000a   Code   RO         4049    .text               c_w.l(_sputc.o)
    0x0800070a   0x0800070a   0x0000002c   Code   RO         4051    .text               c_w.l(_printf_char.o)
    0x08000736   0x08000736   0x00000002   PAD
    0x08000738   0x08000738   0x00000024   Code   RO         4053    .text               c_w.l(_printf_char_file.o)
    0x0800075c   0x0800075c   0x00000064   Code   RO         4056    .text               c_w.l(rt_memcpy_w.o)
    0x080007c0   0x080007c0   0x00000044   Code   RO         4058    .text               c_w.l(rt_memclr.o)
    0x08000804   0x08000804   0x00000008   Code   RO         4077    .text               c_w.l(ferror.o)
    0x0800080c   0x0800080c   0x0000004e   Code   RO         4081    .text               c_w.l(rt_memclr_w.o)
    0x0800085a   0x0800085a   0x0000004a   Code   RO         4083    .text               c_w.l(sys_stackheap_outer.o)
    0x080008a4   0x080008a4   0x00000012   Code   RO         4085    .text               c_w.l(exit.o)
    0x080008b6   0x080008b6   0x00000002   PAD
    0x080008b8   0x080008b8   0x00000008   Code   RO         4093    .text               c_w.l(libspace.o)
    0x080008c0   0x080008c0   0x00000002   Code   RO          404    i.BusFault_Handler  stm32f4xx_it.o
    0x080008c2   0x080008c2   0x00000002   Code   RO          405    i.DebugMon_Handler  stm32f4xx_it.o
    0x080008c4   0x080008c4   0x00000050   Code   RO         2563    i.GetKeyVAl         key.o
    0x08000914   0x08000914   0x00000024   Code   RO         1890    i.HAL_DMA_Abort_IT  stm32f4xx_hal_dma.o
    0x08000938   0x08000938   0x000001c0   Code   RO          918    i.HAL_GPIO_Init     stm32f4xx_hal_gpio.o
    0x08000af8   0x08000af8   0x0000000a   Code   RO          922    i.HAL_GPIO_WritePin  stm32f4xx_hal_gpio.o
    0x08000b02   0x08000b02   0x00000002   PAD
    0x08000b04   0x08000b04   0x0000000c   Code   RO          640    i.HAL_GetTick       stm32f4xx_hal.o
    0x08000b10   0x08000b10   0x0000002c   Code   RO          643    i.HAL_Init          stm32f4xx_hal.o
    0x08000b3c   0x08000b3c   0x00000028   Code   RO          644    i.HAL_InitTick      stm32f4xx_hal.o
    0x08000b64   0x08000b64   0x00000002   Code   RO          591    i.HAL_MspInit       stm32f4xx_hal_msp.o
    0x08000b66   0x08000b66   0x00000016   Code   RO          785    i.HAL_NVIC_EnableIRQ  stm32f4xx_hal_cortex.o
    0x08000b7c   0x08000b7c   0x00000040   Code   RO          791    i.HAL_NVIC_SetPriority  stm32f4xx_hal_cortex.o
    0x08000bbc   0x08000bbc   0x00000024   Code   RO          792    i.HAL_NVIC_SetPriorityGrouping  stm32f4xx_hal_cortex.o
    0x08000be0   0x08000be0   0x00000018   Code   RO          988    i.HAL_PWR_EnableBkUpAccess  stm32f4xx_hal_pwr.o
    0x08000bf8   0x08000bf8   0x00000154   Code   RO         1259    i.HAL_RCCEx_PeriphCLKConfig  stm32f4xx_hal_rcc_ex.o
    0x08000d4c   0x08000d4c   0x00000030   Code   RO         1163    i.HAL_RCC_GetPCLK1Freq  stm32f4xx_hal_rcc.o
    0x08000d7c   0x08000d7c   0x00000030   Code   RO         1164    i.HAL_RCC_GetPCLK2Freq  stm32f4xx_hal_rcc.o
    0x08000dac   0x08000dac   0x00000314   Code   RO         1168    i.HAL_RCC_OscConfig  stm32f4xx_hal_rcc.o
    0x080010c0   0x080010c0   0x00000002   Code   RO         2170    i.HAL_RTCEx_AlarmBEventCallback  stm32f4xx_hal_rtc_ex.o
    0x080010c2   0x080010c2   0x0000000a   Code   RO         2171    i.HAL_RTCEx_BKUPRead  stm32f4xx_hal_rtc_ex.o
    0x080010cc   0x080010cc   0x0000000a   Code   RO         2172    i.HAL_RTCEx_BKUPWrite  stm32f4xx_hal_rtc_ex.o
    0x080010d6   0x080010d6   0x00000002   Code   RO         2775    i.HAL_RTCEx_WakeUpTimerEventCallback  rtc.o
    0x080010d8   0x080010d8   0x00000038   Code   RO         2204    i.HAL_RTCEx_WakeUpTimerIRQHandler  stm32f4xx_hal_rtc_ex.o
    0x08001110   0x08001110   0x00000014   Code   RO         2776    i.HAL_RTC_AlarmAEventCallback  rtc.o
    0x08001124   0x08001124   0x0000005c   Code   RO         2034    i.HAL_RTC_AlarmIRQHandler  stm32f4xx_hal_rtc.o
    0x08001180   0x08001180   0x00000044   Code   RO         2038    i.HAL_RTC_GetDate   stm32f4xx_hal_rtc.o
    0x080011c4   0x080011c4   0x00000058   Code   RO         2040    i.HAL_RTC_GetTime   stm32f4xx_hal_rtc.o
    0x0800121c   0x0800121c   0x0000009c   Code   RO         2041    i.HAL_RTC_Init      stm32f4xx_hal_rtc.o
    0x080012b8   0x080012b8   0x0000004c   Code   RO         2777    i.HAL_RTC_MspInit   rtc.o
    0x08001304   0x08001304   0x000000d0   Code   RO         2047    i.HAL_RTC_SetDate   stm32f4xx_hal_rtc.o
    0x080013d4   0x080013d4   0x000000f0   Code   RO         2048    i.HAL_RTC_SetTime   stm32f4xx_hal_rtc.o
    0x080014c4   0x080014c4   0x00000034   Code   RO         2049    i.HAL_RTC_WaitForSynchro  stm32f4xx_hal_rtc.o
    0x080014f8   0x080014f8   0x00000018   Code   RO          794    i.HAL_SYSTICK_CLKSourceConfig  stm32f4xx_hal_cortex.o
    0x08001510   0x08001510   0x00000028   Code   RO          796    i.HAL_SYSTICK_Config  stm32f4xx_hal_cortex.o
    0x08001538   0x08001538   0x00000002   Code   RO         1320    i.HAL_UART_ErrorCallback  stm32f4xx_hal_uart.o
    0x0800153a   0x0800153a   0x0000000a   Code   RO         1322    i.HAL_UART_GetState  stm32f4xx_hal_uart.o
    0x08001544   0x08001544   0x00000110   Code   RO         1323    i.HAL_UART_IRQHandler  stm32f4xx_hal_uart.o
    0x08001654   0x08001654   0x00000062   Code   RO         1324    i.HAL_UART_Init     stm32f4xx_hal_uart.o
    0x080016b6   0x080016b6   0x00000002   PAD
    0x080016b8   0x080016b8   0x0000007c   Code   RO         2470    i.HAL_UART_MspInit  usart.o
    0x08001734   0x08001734   0x00000048   Code   RO         1329    i.HAL_UART_Receive_IT  stm32f4xx_hal_uart.o
    0x0800177c   0x0800177c   0x00000058   Code   RO         2471    i.HAL_UART_RxCpltCallback  usart.o
    0x080017d4   0x080017d4   0x00000002   Code   RO         1335    i.HAL_UART_TxCpltCallback  stm32f4xx_hal_uart.o
    0x080017d6   0x080017d6   0x00000002   Code   RO          406    i.HardFault_Handler  stm32f4xx_it.o
    0x080017d8   0x080017d8   0x00000040   Code   RO         2594    i.IIC_Start         oled.o
    0x08001818   0x08001818   0x00000030   Code   RO         2595    i.IIC_Stop          oled.o
    0x08001848   0x08001848   0x00000028   Code   RO         2596    i.IIC_Wait_Ack      oled.o
    0x08001870   0x08001870   0x00000048   Code   RO         2539    i.LED_Init          led.o
    0x080018b8   0x080018b8   0x00000002   Code   RO          407    i.MemManage_Handler  stm32f4xx_it.o
    0x080018ba   0x080018ba   0x00000002   Code   RO          408    i.NMI_Handler       stm32f4xx_it.o
    0x080018bc   0x080018bc   0x00000020   Code   RO          798    i.NVIC_SetPriority  stm32f4xx_hal_cortex.o
    0x080018dc   0x080018dc   0x0000003a   Code   RO         2597    i.OLED_Clear        oled.o
    0x08001916   0x08001916   0x00000040   Code   RO         2600    i.OLED_DrawBMP      oled.o
    0x08001956   0x08001956   0x00000002   PAD
    0x08001958   0x08001958   0x0000012c   Code   RO         2603    i.OLED_Init         oled.o
    0x08001a84   0x08001a84   0x0000003e   Code   RO         2605    i.OLED_Part_Clear   oled.o
    0x08001ac2   0x08001ac2   0x0000002a   Code   RO         2607    i.OLED_Set_Pos      oled.o
    0x08001aec   0x08001aec   0x00000050   Code   RO         2608    i.OLED_ShowCHinese  oled.o
    0x08001b3c   0x08001b3c   0x00000088   Code   RO         2609    i.OLED_ShowChar     oled.o
    0x08001bc4   0x08001bc4   0x00000036   Code   RO         2611    i.OLED_ShowString   oled.o
    0x08001bfa   0x08001bfa   0x00000002   PAD
    0x08001bfc   0x08001bfc   0x000000b4   Code   RO         2612    i.OLED_Show_32_32   oled.o
    0x08001cb0   0x08001cb0   0x00000086   Code   RO         2613    i.OLED_Show_32_char  oled.o
    0x08001d36   0x08001d36   0x0000000c   Code   RO         2614    i.OLED_WR_Byte      oled.o
    0x08001d42   0x08001d42   0x00000002   PAD
    0x08001d44   0x08001d44   0x0000000c   Code   RO         2778    i.RTC_Alarm_IRQHandler  rtc.o
    0x08001d50   0x08001d50   0x00000012   Code   RO         2050    i.RTC_Bcd2ToByte    stm32f4xx_hal_rtc.o
    0x08001d62   0x08001d62   0x00000016   Code   RO         2051    i.RTC_ByteToBcd2    stm32f4xx_hal_rtc.o
    0x08001d78   0x08001d78   0x00000038   Code   RO         2052    i.RTC_EnterInitMode  stm32f4xx_hal_rtc.o
    0x08001db0   0x08001db0   0x00000064   Code   RO         2779    i.RTC_Init          rtc.o
    0x08001e14   0x08001e14   0x00000024   Code   RO         2781    i.RTC_Set_Date      rtc.o
    0x08001e38   0x08001e38   0x0000002c   Code   RO         2782    i.RTC_Set_Time      rtc.o
    0x08001e64   0x08001e64   0x0000000c   Code   RO         2784    i.RTC_WKUP_IRQHandler  rtc.o
    0x08001e70   0x08001e70   0x00000014   Code   RO         2398    i.SysTick_Handler   delay.o
    0x08001e84   0x08001e84   0x00000054   Code   RO          465    i.SystemInit        system_stm32f4xx.o
    0x08001ed8   0x08001ed8   0x0000004c   Code   RO            4    i.TimerCallbackFunc  main.o
    0x08001f24   0x08001f24   0x00000030   Code   RO            5    i.TimerCallbackFunc_Timeout_detection  main.o
    0x08001f54   0x08001f54   0x00000010   Code   RO         1337    i.UART_DMAAbortOnError  stm32f4xx_hal_uart.o
    0x08001f64   0x08001f64   0x0000001c   Code   RO         1347    i.UART_EndRxTransfer  stm32f4xx_hal_uart.o
    0x08001f80   0x08001f80   0x0000008c   Code   RO         1349    i.UART_Receive_IT   stm32f4xx_hal_uart.o
    0x0800200c   0x0800200c   0x000002ac   Code   RO         1350    i.UART_SetConfig    stm32f4xx_hal_uart.o
    0x080022b8   0x080022b8   0x00000062   Code   RO         1351    i.UART_Transmit_IT  stm32f4xx_hal_uart.o
    0x0800231a   0x0800231a   0x00000002   PAD
    0x0800231c   0x0800231c   0x0000002c   Code   RO         2472    i.USART1_IRQHandler  usart.o
    0x08002348   0x08002348   0x00000002   Code   RO          409    i.UsageFault_Handler  stm32f4xx_it.o
    0x0800234a   0x0800234a   0x00000002   PAD
    0x0800234c   0x0800234c   0x0000005c   Code   RO         2615    i.Write_IIC_Byte    oled.o
    0x080023a8   0x080023a8   0x0000002e   Code   RO         2616    i.Write_IIC_Command  oled.o
    0x080023d6   0x080023d6   0x0000002e   Code   RO         2617    i.Write_IIC_Data    oled.o
    0x08002404   0x08002404   0x00000002   Code   RO         2473    i._sys_exit         usart.o
    0x08002406   0x08002406   0x00000002   PAD
    0x08002408   0x08002408   0x00000040   Code   RO         2858    i.bsp_InitI2C       max30102.o
    0x08002448   0x08002448   0x00000038   Code   RO         2399    i.delay_init        delay.o
    0x08002480   0x08002480   0x00000038   Code   RO         2400    i.delay_ms          delay.o
    0x080024b8   0x080024b8   0x00000034   Code   RO         2401    i.delay_us          delay.o
    0x080024ec   0x080024ec   0x0000001a   Code   RO         2402    i.delay_xms         delay.o
    0x08002506   0x08002506   0x00000002   PAD
    0x08002508   0x08002508   0x00000068   Code   RO         3396    i.eTaskGetState     tasks.o
    0x08002570   0x08002570   0x00000014   Code   RO         2474    i.fputc             usart.o
    0x08002584   0x08002584   0x00000038   Code   RO         2564    i.key_Init          key.o
    0x080025bc   0x080025bc   0x00000060   Code   RO            6    i.main              main.o
    0x0800261c   0x0800261c   0x00000028   Code   RO         2859    i.max30102_i2c_Ack  max30102.o
    0x08002644   0x08002644   0x0000000c   Code   RO         2861    i.max30102_i2c_Delay  max30102.o
    0x08002650   0x08002650   0x00000028   Code   RO         2862    i.max30102_i2c_NAck  max30102.o
    0x08002678   0x08002678   0x0000007c   Code   RO         2863    i.max30102_i2c_ReadByte  max30102.o
    0x080026f4   0x080026f4   0x0000004c   Code   RO         2864    i.max30102_i2c_SendByte  max30102.o
    0x08002740   0x08002740   0x0000002c   Code   RO         2865    i.max30102_i2c_Start  max30102.o
    0x0800276c   0x0800276c   0x00000028   Code   RO         2866    i.max30102_i2c_Stop  max30102.o
    0x08002794   0x08002794   0x00000060   Code   RO         2867    i.max30102_i2c_WaitAck  max30102.o
    0x080027f4   0x080027f4   0x0000039c   Code   RO          362    i.max30102_run      app.o
    0x08002b90   0x08002b90   0x00000032   Code   RO         2962    i.maxim_find_peaks  algorithm.o
    0x08002bc2   0x08002bc2   0x00000002   PAD
    0x08002bc4   0x08002bc4   0x00000380   Code   RO         2963    i.maxim_heart_rate_and_oxygen_saturation  algorithm.o
    0x08002f44   0x08002f44   0x000000c0   Code   RO         2868    i.maxim_max30102_init  max30102.o
    0x08003004   0x08003004   0x000000ce   Code   RO         2869    i.maxim_max30102_read_fifo  max30102.o
    0x080030d2   0x080030d2   0x0000004c   Code   RO         2870    i.maxim_max30102_read_reg  max30102.o
    0x0800311e   0x0800311e   0x0000003e   Code   RO         2872    i.maxim_max30102_write_reg  max30102.o
    0x0800315c   0x0800315c   0x00000066   Code   RO         2964    i.maxim_peaks_above_min_height  algorithm.o
    0x080031c2   0x080031c2   0x00000066   Code   RO         2965    i.maxim_remove_close_peaks  algorithm.o
    0x08003228   0x08003228   0x00000030   Code   RO         2966    i.maxim_sort_ascend  algorithm.o
    0x08003258   0x08003258   0x00000038   Code   RO         2967    i.maxim_sort_indices_descend  algorithm.o
    0x08003290   0x08003290   0x00000070   Code   RO         3398    i.prvAddCurrentTaskToDelayedList  tasks.o
    0x08003300   0x08003300   0x000000d0   Code   RO         3399    i.prvAddNewTaskToReadyList  tasks.o
    0x080033d0   0x080033d0   0x00000050   Code   RO         3734    i.prvCheckForValidListAndQueue  timers.o
    0x08003420   0x08003420   0x00000054   Code   RO         3400    i.prvCheckTasksWaitingTermination  tasks.o
    0x08003474   0x08003474   0x00000026   Code   RO         3180    i.prvCopyDataFromQueue  queue.o
    0x0800349a   0x0800349a   0x0000006c   Code   RO         3181    i.prvCopyDataToQueue  queue.o
    0x08003506   0x08003506   0x00000014   Code   RO         3401    i.prvDeleteTCB      tasks.o
    0x0800351a   0x0800351a   0x00000002   PAD
    0x0800351c   0x0800351c   0x0000004c   Code   RO         3861    i.prvHeapInit       heap_4.o
    0x08003568   0x08003568   0x00000028   Code   RO         3402    i.prvIdleTask       tasks.o
    0x08003590   0x08003590   0x0000009c   Code   RO         3403    i.prvInitialiseNewTask  tasks.o
    0x0800362c   0x0800362c   0x0000004c   Code   RO         3862    i.prvInsertBlockIntoFreeList  heap_4.o
    0x08003678   0x08003678   0x00000038   Code   RO         3735    i.prvInsertTimerInActiveList  timers.o
    0x080036b0   0x080036b0   0x0000001a   Code   RO         3182    i.prvIsQueueEmpty   queue.o
    0x080036ca   0x080036ca   0x00000056   Code   RO         3404    i.prvListTasksWithinSingleList  tasks.o
    0x08003720   0x08003720   0x0000006c   Code   RO         3183    i.prvNotifyQueueSetContainer  queue.o
    0x0800378c   0x0800378c   0x000000c8   Code   RO         3736    i.prvProcessReceivedCommands  timers.o
    0x08003854   0x08003854   0x000000b4   Code   RO         3737    i.prvProcessTimerOrBlockTask  timers.o
    0x08003908   0x08003908   0x00000020   Code   RO         3405    i.prvResetNextTaskUnblockTime  tasks.o
    0x08003928   0x08003928   0x00000028   Code   RO         3738    i.prvSampleTimeNow  timers.o
    0x08003950   0x08003950   0x0000006c   Code   RO         3739    i.prvSwitchTimerLists  timers.o
    0x080039bc   0x080039bc   0x00000028   Code   RO         3911    i.prvTaskExitError  port.o
    0x080039e4   0x080039e4   0x00000028   Code   RO         3740    i.prvTimerTask      timers.o
    0x08003a0c   0x08003a0c   0x00000078   Code   RO         3184    i.prvUnlockQueue    queue.o
    0x08003a84   0x08003a84   0x000000d8   Code   RO         3863    i.pvPortMalloc      heap_4.o
    0x08003b5c   0x08003b5c   0x00000018   Code   RO         3407    i.pvTaskIncrementMutexHeldCount  tasks.o
    0x08003b74   0x08003b74   0x0000002c   Code   RO         3912    i.pxPortInitialiseStack  port.o
    0x08003ba0   0x08003ba0   0x00000024   Code   RO         2475    i.uart_init         usart.o
    0x08003bc4   0x08003bc4   0x00000024   Code   RO         3143    i.uxListRemove      list.o
    0x08003be8   0x08003be8   0x000000ac   Code   RO         3410    i.uxTaskGetSystemState  tasks.o
    0x08003c94   0x08003c94   0x00000016   Code   RO         3144    i.vListInitialise   list.o
    0x08003caa   0x08003caa   0x00000006   Code   RO         3145    i.vListInitialiseItem  list.o
    0x08003cb0   0x08003cb0   0x00000030   Code   RO         3146    i.vListInsert       list.o
    0x08003ce0   0x08003ce0   0x00000018   Code   RO         3147    i.vListInsertEnd    list.o
    0x08003cf8   0x08003cf8   0x00000040   Code   RO         3914    i.vPortEnterCritical  port.o
    0x08003d38   0x08003d38   0x00000028   Code   RO         3915    i.vPortExitCritical  port.o
    0x08003d60   0x08003d60   0x0000005c   Code   RO         3864    i.vPortFree         heap_4.o
    0x08003dbc   0x08003dbc   0x00000020   Code   RO         3916    i.vPortSetupTimerInterrupt  port.o
    0x08003ddc   0x08003ddc   0x00000054   Code   RO         3917    i.vPortValidateInterruptPriority  port.o
    0x08003e30   0x08003e30   0x00000024   Code   RO         3190    i.vQueueAddToRegistry  queue.o
    0x08003e54   0x08003e54   0x00000044   Code   RO         3194    i.vQueueWaitForMessageRestricted  queue.o
    0x08003e98   0x08003e98   0x0000004c   Code   RO         3415    i.vTaskDelay        tasks.o
    0x08003ee4   0x08003ee4   0x000000ac   Code   RO         3417    i.vTaskDelete       tasks.o
    0x08003f90   0x08003f90   0x0000012c   Code   RO            7    i.vTaskDisplayAssist  main.o
    0x080040bc   0x080040bc   0x0000003c   Code   RO            8    i.vTaskGETRTC       main.o
    0x080040f8   0x080040f8   0x00000084   Code   RO         3419    i.vTaskGetInfo      tasks.o
    0x0800417c   0x0800417c   0x00000058   Code   RO            9    i.vTaskLed          main.o
    0x080041d4   0x080041d4   0x000000d0   Code   RO         3420    i.vTaskList         tasks.o
    0x080042a4   0x080042a4   0x00000064   Code   RO           10    i.vTaskMAX30102     main.o
    0x08004308   0x08004308   0x0000000c   Code   RO         3421    i.vTaskMissedYield  tasks.o
    0x08004314   0x08004314   0x00000334   Code   RO           11    i.vTaskOledDisplay  main.o
    0x08004648   0x08004648   0x00000030   Code   RO         3423    i.vTaskPlaceOnEventList  tasks.o
    0x08004678   0x08004678   0x00000038   Code   RO         3424    i.vTaskPlaceOnEventListRestricted  tasks.o
    0x080046b0   0x080046b0   0x00000084   Code   RO         3426    i.vTaskPriorityInherit  tasks.o
    0x08004734   0x08004734   0x00000024   Code   RO         3430    i.vTaskSetTimeOutState  tasks.o
    0x08004758   0x08004758   0x00000070   Code   RO         3431    i.vTaskStartScheduler  tasks.o
    0x080047c8   0x080047c8   0x00000010   Code   RO         3433    i.vTaskSuspendAll   tasks.o
    0x080047d8   0x080047d8   0x0000005c   Code   RO         3434    i.vTaskSwitchContext  tasks.o
    0x08004834   0x08004834   0x00000148   Code   RO           12    i.vTaskinit         main.o
    0x0800497c   0x0800497c   0x000000e4   Code   RO         3918    i.xPortStartScheduler  port.o
    0x08004a60   0x08004a60   0x0000002c   Code   RO         3919    i.xPortSysTickHandler  port.o
    0x08004a8c   0x08004a8c   0x00000056   Code   RO         3199    i.xQueueGenericCreate  queue.o
    0x08004ae2   0x08004ae2   0x00000002   PAD
    0x08004ae4   0x08004ae4   0x00000170   Code   RO         3200    i.xQueueGenericReceive  queue.o
    0x08004c54   0x08004c54   0x00000088   Code   RO         3201    i.xQueueGenericReset  queue.o
    0x08004cdc   0x08004cdc   0x00000174   Code   RO         3202    i.xQueueGenericSend  queue.o
    0x08004e50   0x08004e50   0x000000ca   Code   RO         3203    i.xQueueGenericSendFromISR  queue.o
    0x08004f1a   0x08004f1a   0x00000002   PAD
    0x08004f1c   0x08004f1c   0x0000006c   Code   RO         3435    i.xTaskCheckForTimeOut  tasks.o
    0x08004f88   0x08004f88   0x00000056   Code   RO         3436    i.xTaskCreate       tasks.o
    0x08004fde   0x08004fde   0x00000002   PAD
    0x08004fe0   0x08004fe0   0x000000cc   Code   RO         3437    i.xTaskGenericNotify  tasks.o
    0x080050ac   0x080050ac   0x0000001c   Code   RO         3440    i.xTaskGetSchedulerState  tasks.o
    0x080050c8   0x080050c8   0x0000000c   Code   RO         3441    i.xTaskGetTickCount  tasks.o
    0x080050d4   0x080050d4   0x000000c8   Code   RO         3443    i.xTaskIncrementTick  tasks.o
    0x0800519c   0x0800519c   0x0000008c   Code   RO         3445    i.xTaskNotifyWait   tasks.o
    0x08005228   0x08005228   0x00000098   Code   RO         3446    i.xTaskPriorityDisinherit  tasks.o
    0x080052c0   0x080052c0   0x00000078   Code   RO         3447    i.xTaskRemoveFromEventList  tasks.o
    0x08005338   0x08005338   0x000000c4   Code   RO         3449    i.xTaskResumeAll    tasks.o
    0x080053fc   0x080053fc   0x0000004e   Code   RO         3743    i.xTimerCreate      timers.o
    0x0800544a   0x0800544a   0x00000002   PAD
    0x0800544c   0x0800544c   0x0000004c   Code   RO         3744    i.xTimerCreateTimerTask  timers.o
    0x08005498   0x08005498   0x00000064   Code   RO         3745    i.xTimerGenericCommand  timers.o
    0x080054fc   0x080054fc   0x0000000a   Code   RO         4152    x$fpl$fpinit        fz_wm.l(fpinit.o)
    0x08005506   0x08005506   0x00000280   Data   RO           14    .constdata          main.o
    0x08005786   0x08005786   0x00000008   Data   RO          467    .constdata          system_stm32f4xx.o
    0x0800578e   0x0800578e   0x00000002   PAD
    0x08005790   0x08005790   0x00001d18   Data   RO         2621    .constdata          oled.o
    0x080074a8   0x080074a8   0x000000f6   Data   RO         2969    .constdata          algorithm.o
    0x0800759e   0x0800759e   0x00000002   PAD
    0x080075a0   0x080075a0   0x00000020   Data   RO         4216    Region$$Table       anon$$obj.o


    Execution Region RW_IRAM1 (Exec base: 0x20000000, Load base: 0x080075c0, Size: 0x00007ac0, Max: 0x00020000, ABSOLUTE, COMPRESSED[0x00000064])

    Exec Addr    Load Addr    Size         Type   Attr      Idx    E Section Name        Object

    0x20000000   COMPRESSED   0x00000028   Data   RW           16    .data               main.o
    0x20000028   COMPRESSED   0x00000040   Data   RW          364    .data               app.o
    0x20000068   COMPRESSED   0x00000004   Data   RW          468    .data               system_stm32f4xx.o
    0x2000006c   COMPRESSED   0x00000004   Data   RW          649    .data               stm32f4xx_hal.o
    0x20000070   COMPRESSED   0x00000004   Data   RW         2403    .data               delay.o
    0x20000074   COMPRESSED   0x00000004   Data   RW         2477    .data               usart.o
    0x20000078   COMPRESSED   0x00000004   Data   RW         2478    .data               usart.o
    0x2000007c   COMPRESSED   0x00000003   Data   RW         2565    .data               key.o
    0x2000007f   COMPRESSED   0x000000c0   Data   RW         2622    .data               oled.o
    0x2000013f   COMPRESSED   0x00000001   PAD
    0x20000140   COMPRESSED   0x0000003c   Data   RW         3452    .data               tasks.o
    0x2000017c   COMPRESSED   0x00000014   Data   RW         3753    .data               timers.o
    0x20000190   COMPRESSED   0x00000018   Data   RW         3869    .data               heap_4.o
    0x200001a8   COMPRESSED   0x0000000c   Data   RW         3920    .data               port.o
    0x200001b4        -       0x000001a4   Zero   RW           13    .bss                main.o
    0x20000358        -       0x00000530   Zero   RW          363    .bss                app.o
    0x20000888        -       0x00000108   Zero   RW         2476    .bss                usart.o
    0x20000990        -       0x00000020   Zero   RW         2785    .bss                rtc.o
    0x200009b0        -       0x00001760   Zero   RW         2968    .bss                algorithm.o
    0x20002110        -       0x00000040   Zero   RW         3214    .bss                queue.o
    0x20002150        -       0x000002e4   Zero   RW         3451    .bss                tasks.o
    0x20002434        -       0x00000028   Zero   RW         3752    .bss                timers.o
    0x2000245c        -       0x00005000   Zero   RW         3868    .bss                heap_4.o
    0x2000745c        -       0x00000060   Zero   RW         4094    .bss                c_w.l(libspace.o)
    0x200074bc   COMPRESSED   0x00000004   PAD
    0x200074c0        -       0x00000200   Zero   RW          618    HEAP                startup_stm32f407xx.o
    0x200076c0        -       0x00000400   Zero   RW          617    STACK               startup_stm32f407xx.o


==============================================================================

Image component sizes


      Code (inc. data)   RO Data    RW Data    ZI Data      Debug   Object Name

      1254         20        246          0       5984       8253   algorithm.o
       924         34          0         64       1328       3791   app.o
       210         14          0          4          0       3241   delay.o
         0          0          0          0          0       9408   event_groups.o
       460         24          0         24      20480       4567   heap_4.o
       136         18          0          3          0       1667   key.o
        72         10          0          0          0        903   led.o
       136          0          0          0          0       3282   list.o
      1916        304        640         40        420     696669   main.o
      1072         58          0          0          0       9025   max30102.o
      1458         48       7448        192          0      13119   oled.o
       758         82          0         12          0      11425   port.o
      1668         18          0          0         64      14653   queue.o
       302         56          0          0         32       5495   rtc.o
        64         26        392          0       1536        852   startup_stm32f407xx.o
        96         16          0          4          0       3425   stm32f4xx_hal.o
       218         14          0          0          0      31041   stm32f4xx_hal_cortex.o
        36          0          0          0          0       1259   stm32f4xx_hal_dma.o
       458         46          0          0          0       2604   stm32f4xx_hal_gpio.o
         2          0          0          0          0        466   stm32f4xx_hal_msp.o
        24          4          0          0          0        567   stm32f4xx_hal_pwr.o
       884         50          0          0          0       3480   stm32f4xx_hal_rcc.o
       340         22          0          0          0       1496   stm32f4xx_hal_rcc_ex.o
      1000         32          0          0          0       8390   stm32f4xx_hal_rtc.o
        78          4          0          0          0       3101   stm32f4xx_hal_rtc_ex.o
      1422         14          0          0          0       8647   stm32f4xx_hal_uart.o
        12          0          0          0          0       2793   stm32f4xx_it.o
        84         18          8          4          0       1147   system_stm32f4xx.o
      3376        284          0         60        740      30746   tasks.o
       958         86          0         20         40      18478   timers.o
       314         48          0          8        264       5549   usart.o

    ----------------------------------------------------------------------
     19764       1350       8770        436      30888     909539   Object Totals
         0          0         32          0          0          0   (incl. Generated)
        32          0          4          1          0          0   (incl. Padding)

    ----------------------------------------------------------------------

      Code (inc. data)   RO Data    RW Data    ZI Data      Debug   Library Member Name

        90          0          0          0          0          0   __dczerorl2.o
         8          0          0          0          0         68   __main.o
       104          0          0          0          0         84   __printf.o
         0          0          0          0          0          0   __rtentry.o
        12          0          0          0          0          0   __rtentry2.o
         6          0          0          0          0          0   __rtentry4.o
        52          8          0          0          0          0   __scatter.o
        28          0          0          0          0          0   __scatter_zi.o
         6          0          0          0          0          0   _printf_c.o
        44          0          0          0          0        108   _printf_char.o
        48          6          0          0          0         96   _printf_char_common.o
        36          4          0          0          0         80   _printf_char_file.o
         6          0          0          0          0          0   _printf_d.o
       120         16          0          0          0         92   _printf_dec.o
       178          0          0          0          0         88   _printf_intcommon.o
         0          0          0          0          0          0   _printf_percent.o
         4          0          0          0          0          0   _printf_percent_end.o
         6          0          0          0          0          0   _printf_s.o
        82          0          0          0          0         80   _printf_str.o
         6          0          0          0          0          0   _printf_u.o
        10          0          0          0          0         68   _sputc.o
        16          0          0          0          0         68   aeabi_memset.o
        18          0          0          0          0         80   exit.o
         8          0          0          0          0         68   ferror.o
         6          0          0          0          0        152   heapauxi.o
         2          0          0          0          0          0   libinit.o
         6          0          0          0          0          0   libinit2.o
         2          0          0          0          0          0   libshutdown.o
         2          0          0          0          0          0   libshutdown2.o
         8          4          0          0         96         68   libspace.o
        24          4          0          0          0         84   noretval__2printf.o
        40          6          0          0          0         84   noretval__2sprintf.o
        68          0          0          0          0         68   rt_memclr.o
        78          0          0          0          0         80   rt_memclr_w.o
       138          0          0          0          0         68   rt_memcpy_v6.o
       100          0          0          0          0         80   rt_memcpy_w.o
         2          0          0          0          0          0   rtexit.o
        10          0          0          0          0          0   rtexit2.o
        72          0          0          0          0         80   strcpy.o
        62          0          0          0          0         76   strlen.o
        74          0          0          0          0         80   sys_stackheap_outer.o
         2          0          0          0          0         68   use_no_semi.o
         2          0          0          0          0         68   use_no_semi_2.o
        10          0          0          0          0        116   fpinit.o

    ----------------------------------------------------------------------
      1610         48          0          0        100       2152   Library Totals
        14          0          0          0          4          0   (incl. Padding)

    ----------------------------------------------------------------------

      Code (inc. data)   RO Data    RW Data    ZI Data      Debug   Library Name

      1586         48          0          0         96       2036   c_w.l
        10          0          0          0          0        116   fz_wm.l

    ----------------------------------------------------------------------
      1610         48          0          0        100       2152   Library Totals

    ----------------------------------------------------------------------

==============================================================================


      Code (inc. data)   RO Data    RW Data    ZI Data      Debug   

     21374       1398       8770        436      30988     892199   Grand Totals
     21374       1398       8770        100      30988     892199   ELF Image Totals (compressed)
     21374       1398       8770        100          0          0   ROM Totals

==============================================================================

    Total RO  Size (Code + RO Data)                30144 (  29.44kB)
    Total RW  Size (RW Data + ZI Data)             31424 (  30.69kB)
    Total ROM Size (Code + RO Data + RW Data)      30244 (  29.54kB)

==============================================================================

