<html>
<body>
<pre>
<h1>礦ision Build Log</h1>
<h2>Tool Versions:</h2>
IDE-Version: μVision V5.26.2.0
Copyright (C) 2018 ARM Ltd and ARM Germany GmbH. All rights reserved.
License Information:  ,  , LIC=FYKSB-2XYH1-73KM8-3KCUZ-YJSC5-YK6TC
 
Tool Versions:
Toolchain:       MDK-ARM Plus  Version: 5.26.2.0
Toolchain Path:  C:\Keil\ARM\ARMCC\Bin
C Compiler:      Armcc.exe V5.06 update 6 (build 750)
Assembler:       Armasm.exe V5.06 update 6 (build 750)
Linker/Locator:  ArmLink.exe V5.06 update 6 (build 750)
Library Manager: ArmAr.exe V5.06 update 6 (build 750)
Hex Converter:   FromElf.exe V5.06 update 6 (build 750)
CPU DLL:         SARMCM3.DLL V5.26.2.0
Dialog DLL:      DCM.DLL V1.17.2.0
Target DLL:      STLink\ST-LINKIII-KEIL_SWO.dll V3.0.5.0
Dialog DLL:      TCM.DLL V1.36.1.0
 
<h2>Project:</h2>
D:\program\个人项目\陆test\图书馆空位检测及显示STMV1.2\STM32主機\2-FDC2214_STM32串口显示\USER\STM32F103RCT6.uvprojx
Project File Date:  10/01/2018

<h2>Output:</h2>
*** Using Compiler 'V5.06 update 6 (build 750)', folder: 'C:\Keil\ARM\ARMCC\Bin'
Build target 'Template'
compiling system_stm32f10x.c...
compiling stm32f10x_it.c...
compiling Data_Check.c...
compiling timer.c...
compiling McuDataSend.c...
compiling led.c...
compiling _usart_send.c...
compiling main.c...
compiling usart3.c...
compiling usart2.c...
compiling sortfunc.c...
compiling misc.c...
compiling stm32f10x_adc.c...
compiling sys.c...
compiling delay.c...
compiling usart.c...
compiling stm32f10x_exti.c...
compiling stm32f10x_dma.c...
compiling stm32f10x_gpio.c...
compiling stm32f10x_sdio.c...
compiling stm32f10x_rcc.c...
compiling stm32f10x_flash.c...
compiling stm32f10x_spi.c...
assembling startup_stm32f10x_hd.s...
compiling stm32f10x_tim.c...
compiling core_cm3.c...
compiling stm32f10x_usart.c...
linking...
Program Size: Code=18304 RO-data=480 RW-data=100 ZI-data=1932  
FromELF: creating hex file...
"..\OBJ\STM32F103RCT6.axf" - 0 Error(s), 0 Warning(s).

<h2>Software Packages used:</h2>

Package Vendor: Keil
                http://www.keil.com/pack/Keil.STM32F1xx_DFP.2.2.0.pack
                Keil.STM32F1xx_DFP.2.2.0
                STMicroelectronics STM32F1 Series Device Support, Drivers and Examples

<h2>Collection of Component include folders:</h2>
  .\RTE\_Template
  C:\Keil\ARM\PACK\Keil\STM32F1xx_DFP\2.2.0\Device\Include

<h2>Collection of Component Files used:</h2>
Build Time Elapsed:  00:00:06
</pre>
</body>
</html>
